#
# There is insufficient memory for the Java Runtime Environment to continue.
# Native memory allocation (malloc) failed to allocate 5029464 bytes. Error detail: Chunk::new
# Possible reasons:
#   The system is out of physical RAM or swap space
#   This process is running with CompressedOops enabled, and the Java Heap may be blocking the growth of the native heap
# Possible solutions:
#   Reduce memory load on the system
#   Increase physical memory or swap space
#   Check if swap backing store is full
#   Decrease Java heap size (-Xmx/-Xms)
#   Decrease number of Java threads
#   Decrease Java thread stack sizes (-Xss)
#   Set larger code cache with -XX:ReservedCodeCacheSize=
#   JVM is running with Zero Based Compressed Oops mode in which the Java heap is
#     placed in the first 32GB address space. The Java Heap base address is the
#     maximum limit for the native heap growth. Please use -XX:HeapBaseMinAddress
#     to set the Java Heap base and to place the Java Heap above 32GB virtual address.
# This output file may be truncated or incomplete.
#
#  Out of Memory Error (arena.cpp:186), pid=28692, tid=32044
#
# JRE version: OpenJDK Runtime Environment (25.0.1+8) (build 25.0.1+8-27)
# Java VM: OpenJDK 64-Bit Server VM (25.0.1+8-27, mixed mode, sharing, tiered, compressed oops, compressed class ptrs, g1 gc, windows-amd64)
# No core dump will be written. Minidumps are not enabled by default on client versions of Windows
#

---------------  S U M M A R Y ------------

Command Line: -javaagent:C:\Program Files\JetBrains\IntelliJ IDEA Community Edition 2025.1.3\lib\idea_rt.jar=63903 -Dfile.encoding=UTF-8 -Dsun.stdout.encoding=UTF-8 -Dsun.stderr.encoding=UTF-8 com.NTFOODS.Api_tanty.ApiTantyApplication

Host: AMD Ryzen 7 5700U with Radeon Graphics         , 16 cores, 13G,  Windows 10 , 64 bit Build 19041 (10.0.19041.5915)
Time: Mon Jun 22 14:57:21 2026 W. Central Africa Standard Time elapsed time: 1865.523385 seconds (0d 0h 31m 5s)

---------------  T H R E A D  ---------------

Current thread (0x0000021050d684b0):  JavaThread "C2 CompilerThread0" daemon [_thread_in_native, id=32044, stack(0x000000250f100000,0x000000250f200000) (1024K)]


Current CompileTask:
C2:1865524 20158       4       sun.net.www.protocol.jar.Handler::parseURL (173 bytes)

Stack: [0x000000250f100000,0x000000250f200000]
Native frames: (J=compiled Java code, j=interpreted, Vv=VM code, C=native code)
V  [jvm.dll+0x7a6b59]  (no source info available)
V  [jvm.dll+0x77290d]  (no source info available)
V  [jvm.dll+0x966153]  (no source info available)
V  [jvm.dll+0x968751]  (no source info available)
V  [jvm.dll+0x968e53]  (no source info available)
V  [jvm.dll+0x2fc756]  (no source info available)
V  [jvm.dll+0x111b26]  (no source info available)
V  [jvm.dll+0x111e4e]  (no source info available)
V  [jvm.dll+0x1a0a22]  (no source info available)
V  [jvm.dll+0x3b53c2]  (no source info available)
V  [jvm.dll+0x7ac4ef]  (no source info available)
V  [jvm.dll+0x2c0ac7]  (no source info available)
V  [jvm.dll+0x2bfa8f]  (no source info available)
V  [jvm.dll+0x237b60]  (no source info available)
V  [jvm.dll+0x2cfb56]  (no source info available)
V  [jvm.dll+0x2cddd5]  (no source info available)
V  [jvm.dll+0x48e6d1]  (no source info available)
V  [jvm.dll+0x906a0d]  (no source info available)
V  [jvm.dll+0x7a5135]  (no source info available)
C  [ucrtbase.dll+0x21bb2]  (no source info available)
C  [KERNEL32.DLL+0x17374]  (no source info available)
C  [ntdll.dll+0x4cc91]  (no source info available)

Lock stack of current Java thread (top to bottom):


---------------  P R O C E S S  ---------------

Threads class SMR info:
_java_thread_list=0x000002105a5563d0, length=17, elements={
0x0000021050d5d1e0, 0x0000021050d5daf0, 0x0000021050d62e00, 0x0000021050d639c0,
0x0000021050d64580, 0x0000021050d658e0, 0x0000021050d684b0, 0x0000021050d69860,
0x000002105192f2c0, 0x00000210563652c0, 0x0000021056365a80, 0x0000021056bad490,
0x00000210594e52b0, 0x00000210517e0770, 0x000002105c4436c0, 0x000002105c443e90,
0x000002105c441f50
}

Java Threads: ( => current thread )
  0x0000021050d5d1e0 JavaThread "Reference Handler"          daemon [_thread_blocked, id=4956, stack(0x000000250eb00000,0x000000250ec00000) (1024K)]
  0x0000021050d5daf0 JavaThread "Finalizer"                  daemon [_thread_blocked, id=15420, stack(0x000000250ec00000,0x000000250ed00000) (1024K)]
  0x0000021050d62e00 JavaThread "Signal Dispatcher"          daemon [_thread_blocked, id=35196, stack(0x000000250ed00000,0x000000250ee00000) (1024K)]
  0x0000021050d639c0 JavaThread "Attach Listener"            daemon [_thread_blocked, id=23200, stack(0x000000250ee00000,0x000000250ef00000) (1024K)]
  0x0000021050d64580 JavaThread "Service Thread"             daemon [_thread_blocked, id=24344, stack(0x000000250ef00000,0x000000250f000000) (1024K)]
  0x0000021050d658e0 JavaThread "Monitor Deflation Thread"   daemon [_thread_blocked, id=19860, stack(0x000000250f000000,0x000000250f100000) (1024K)]
=>0x0000021050d684b0 JavaThread "C2 CompilerThread0"         daemon [_thread_in_native, id=32044, stack(0x000000250f100000,0x000000250f200000) (1024K)]
  0x0000021050d69860 JavaThread "C1 CompilerThread0"         daemon [_thread_blocked, id=33636, stack(0x000000250f200000,0x000000250f300000) (1024K)]
  0x000002105192f2c0 JavaThread "Common-Cleaner"             daemon [_thread_blocked, id=27440, stack(0x000000250f500000,0x000000250f600000) (1024K)]
  0x00000210563652c0 JavaThread "Monitor Ctrl-Break"         daemon [_thread_in_native, id=11096, stack(0x000000250f700000,0x000000250f800000) (1024K)]
  0x0000021056365a80 JavaThread "Notification Thread"        daemon [_thread_blocked, id=29360, stack(0x000000250f800000,0x000000250f900000) (1024K)]
  0x0000021056bad490 JavaThread "Jndi-Dns-address-change-listener" daemon [_thread_in_native, id=22692, stack(0x0000002510200000,0x0000002510300000) (1024K)]
  0x00000210594e52b0 JavaThread "Cleaner-0"                  daemon [_thread_blocked, id=25552, stack(0x0000002510e00000,0x0000002510f00000) (1024K)]
  0x00000210517e0770 JavaThread "DestroyJavaVM"                     [_thread_blocked, id=26992, stack(0x000000250e300000,0x000000250e400000) (1024K)]
  0x000002105c4436c0 JavaThread "Thread-5"                          [_thread_blocked, id=30160, stack(0x000000250e000000,0x000000250e100000) (1024K)]
  0x000002105c443e90 JavaThread "File Watcher"               daemon [_thread_blocked, id=23996, stack(0x000000250e100000,0x000000250e200000) (1024K)]
  0x000002105c441f50 JavaThread "restartedMain"                     [_thread_in_Java, id=27520, stack(0x000000250f600000,0x000000250f700000) (1024K)]
Total: 17

Other Threads:
  0x0000021050d48d80 VMThread "VM Thread"                           [id=37860, stack(0x000000250ea00000,0x000000250eb00000) (1024K)]
  0x0000021050c19030 WatcherThread "VM Periodic Task Thread"        [id=18708, stack(0x000000250e900000,0x000000250ea00000) (1024K)]
  0x0000021031fadb40 WorkerThread "GC Thread#0"                     [id=33128, stack(0x000000250e400000,0x000000250e500000) (1024K)]
  0x0000021056dee7d0 WorkerThread "GC Thread#1"                     [id=34404, stack(0x000000250fc00000,0x000000250fd00000) (1024K)]
  0x0000021056df3020 WorkerThread "GC Thread#2"                     [id=17800, stack(0x000000250fd00000,0x000000250fe00000) (1024K)]
  0x0000021056ebb770 WorkerThread "GC Thread#3"                     [id=9924, stack(0x000000250fe00000,0x000000250ff00000) (1024K)]
  0x0000021056ebf7c0 WorkerThread "GC Thread#4"                     [id=984, stack(0x000000250ff00000,0x0000002510000000) (1024K)]
  0x0000021056ebfc10 WorkerThread "GC Thread#5"                     [id=17216, stack(0x0000002510000000,0x0000002510100000) (1024K)]
  0x000002105861e1c0 WorkerThread "GC Thread#6"                     [id=29484, stack(0x0000002510500000,0x0000002510600000) (1024K)]
  0x0000021058621580 WorkerThread "GC Thread#7"                     [id=28384, stack(0x0000002510600000,0x0000002510700000) (1024K)]
  0x000002105861d4d0 WorkerThread "GC Thread#8"                     [id=21364, stack(0x0000002510700000,0x0000002510800000) (1024K)]
  0x00000210586226c0 WorkerThread "GC Thread#9"                     [id=33600, stack(0x0000002510800000,0x0000002510900000) (1024K)]
  0x0000021058624940 WorkerThread "GC Thread#10"                    [id=20948, stack(0x0000002510900000,0x0000002510a00000) (1024K)]
  0x000002105861ea60 WorkerThread "GC Thread#11"                    [id=37692, stack(0x0000002510a00000,0x0000002510b00000) (1024K)]
  0x0000021058620ce0 WorkerThread "GC Thread#12"                    [id=37760, stack(0x0000002510b00000,0x0000002510c00000) (1024K)]
  0x0000021031fe0290 ConcurrentGCThread "G1 Main Marker"            [id=21400, stack(0x000000250e500000,0x000000250e600000) (1024K)]
  0x0000021031fe1e40 WorkerThread "G1 Conc#0"                       [id=14072, stack(0x000000250e600000,0x000000250e700000) (1024K)]
  0x000002105861fba0 WorkerThread "G1 Conc#1"                       [id=8548, stack(0x0000002510c00000,0x0000002510d00000) (1024K)]
  0x0000021058623c50 WorkerThread "G1 Conc#2"                       [id=28812, stack(0x0000002510d00000,0x0000002510e00000) (1024K)]
  0x0000021050c0f6b0 ConcurrentGCThread "G1 Refine#0"               [id=20688, stack(0x000000250e700000,0x000000250e800000) (1024K)]
  0x0000021050c102c0 ConcurrentGCThread "G1 Service"                [id=6316, stack(0x000000250e800000,0x000000250e900000) (1024K)]
Total: 21

Threads with active compile tasks:
C2 CompilerThread0  1865729 20158       4       sun.net.www.protocol.jar.Handler::parseURL (173 bytes)
Total: 1

VM state: not at safepoint (normal execution)

VM Mutex/Monitor currently owned by a thread: None

Heap address: 0x0000000722600000, size: 3546 MB, Compressed Oops mode: Zero based, Oop shift amount: 3

CDS archive(s) mapped at: [0x000000000e000000-0x000000000edd0000-0x000000000edd0000), size 14483456, SharedBaseAddress: 0x000000000e000000, ArchiveRelocationMode: 1.
Compressed class space mapped at: 0x000000000f000000-0x000000004f000000, reserved size: 1073741824
UseCompressedClassPointers 1, UseCompactObjectHeaders 0
Narrow klass pointer bits 32, Max shift 3
Narrow klass base: 0x000000000e000000, Narrow klass shift: 0
Encoding Range: [0x000000000e000000 - 0x000000010e000000), (4294967296 bytes)
Klass Range:    [0x000000000e010000 - 0x000000004f000000), (1090453504 bytes)
Klass ID Range:  [65536 - 1090519033) (1090453497)
Protection zone: [0x000000000e000000 - 0x000000000e010000), (65536 bytes)

GC Precious Log:
 CardTable entry size: 512
 Card Set container configuration: InlinePtr #cards 4 size 8 Array Of Cards #cards 16 size 48 Howl #buckets 8 coarsen threshold 3686 Howl Bitmap #cards 512 size 80 coarsen threshold 460 Card regions per heap region 1 cards per card region 4096
 CPUs: 16 total, 16 available
 Memory: 14181M
 Large Page Support: Disabled
 NUMA Support: Disabled
 Compressed Oops: Enabled (Zero based)
 Heap Region Size: 2M
 Heap Min Capacity: 8M
 Heap Initial Capacity: 222M
 Heap Max Capacity: 3546M
 Pre-touch: Disabled
 Parallel Workers: 13
 Concurrent Workers: 3
 Concurrent Refinement Workers: 13
 Periodic GC: Disabled

Heap:
 garbage-first heap   total reserved 3631104K, committed 135168K, used 96260K [0x0000000722600000, 0x0000000800000000)
  region size 2048K, 26 young (53248K), 3 survivors (6144K)

Heap Regions: E=young(eden), S=young(survivor), O=old, HS=humongous(starts), HC=humongous(continues), CS=collection set, F=free, TAMS=top-at-mark-start, PB=parsable bottom
|   0|0x0000000722600000, 0x00000007227ffff8, 0x0000000722800000| 99%| O|  |TAMS 0x0000000722600000| PB 0x0000000722600000| Untracked |  0
|   1|0x0000000722800000, 0x0000000722a00000, 0x0000000722a00000|100%| O|  |TAMS 0x0000000722800000| PB 0x0000000722800000| Untracked |  0
|   2|0x0000000722a00000, 0x0000000722bf0d20, 0x0000000722c00000| 97%| O|  |TAMS 0x0000000722a00000| PB 0x0000000722a00000| Untracked |  0
|   3|0x0000000722c00000, 0x0000000722dffff8, 0x0000000722e00000| 99%| O|  |TAMS 0x0000000722c00000| PB 0x0000000722c00000| Untracked |  0
|   4|0x0000000722e00000, 0x0000000722fef220, 0x0000000723000000| 96%| O|  |TAMS 0x0000000722e00000| PB 0x0000000722e00000| Untracked |  0
|   5|0x0000000723000000, 0x00000007231fffe8, 0x0000000723200000| 99%| O|  |TAMS 0x0000000723000000| PB 0x0000000723000000| Untracked |  0
|   6|0x0000000723200000, 0x00000007233fffd8, 0x0000000723400000| 99%| O|  |TAMS 0x0000000723200000| PB 0x0000000723200000| Untracked |  0
|   7|0x0000000723400000, 0x00000007235fffe8, 0x0000000723600000| 99%| O|  |TAMS 0x0000000723400000| PB 0x0000000723400000| Untracked |  0
|   8|0x0000000723600000, 0x00000007237fae40, 0x0000000723800000| 99%| O|  |TAMS 0x0000000723600000| PB 0x0000000723600000| Untracked |  0
|   9|0x0000000723800000, 0x00000007239e29e8, 0x0000000723a00000| 94%| O|  |TAMS 0x0000000723800000| PB 0x0000000723800000| Untracked |  0
|  10|0x0000000723a00000, 0x0000000723bffff8, 0x0000000723c00000| 99%| O|  |TAMS 0x0000000723a00000| PB 0x0000000723a00000| Untracked |  0
|  11|0x0000000723c00000, 0x0000000723dfffe0, 0x0000000723e00000| 99%| O|  |TAMS 0x0000000723c00000| PB 0x0000000723c00000| Untracked |  0
|  12|0x0000000723e00000, 0x0000000723fffff8, 0x0000000724000000| 99%| O|  |TAMS 0x0000000723e00000| PB 0x0000000723e00000| Untracked |  0
|  13|0x0000000724000000, 0x0000000724200000, 0x0000000724200000|100%| O|  |TAMS 0x0000000724000000| PB 0x0000000724000000| Untracked |  0
|  14|0x0000000724200000, 0x00000007243fffc0, 0x0000000724400000| 99%| O|  |TAMS 0x0000000724200000| PB 0x0000000724200000| Untracked |  0
|  15|0x0000000724400000, 0x00000007245e8760, 0x0000000724600000| 95%| O|  |TAMS 0x0000000724400000| PB 0x0000000724400000| Untracked |  0
|  16|0x0000000724600000, 0x0000000724800000, 0x0000000724800000|100%| O|  |TAMS 0x0000000724600000| PB 0x0000000724600000| Untracked |  0
|  17|0x0000000724800000, 0x0000000724800000, 0x0000000724a00000|  0%| F|  |TAMS 0x0000000724800000| PB 0x0000000724800000| Untracked |  0
|  18|0x0000000724a00000, 0x0000000724ad0808, 0x0000000724c00000| 40%| O|  |TAMS 0x0000000724a00000| PB 0x0000000724a00000| Untracked |  0
|  19|0x0000000724c00000, 0x0000000724de0cb8, 0x0000000724e00000| 93%| O|  |TAMS 0x0000000724c00000| PB 0x0000000724c00000| Untracked |  0
|  20|0x0000000724e00000, 0x0000000724e3a350, 0x0000000725000000| 11%| O|Cm|TAMS 0x0000000724e00000| PB 0x0000000724e00000| Complete |  0
|  21|0x0000000725000000, 0x00000007250ddf90, 0x0000000725200000| 43%| O|  |TAMS 0x0000000725000000| PB 0x0000000725000000| Untracked |  0
|  22|0x0000000725200000, 0x0000000725200000, 0x0000000725400000|  0%| F|  |TAMS 0x0000000725200000| PB 0x0000000725200000| Untracked |  0
|  23|0x0000000725400000, 0x0000000725400000, 0x0000000725600000|  0%| F|  |TAMS 0x0000000725400000| PB 0x0000000725400000| Untracked |  0
|  24|0x0000000725600000, 0x0000000725800000, 0x0000000725800000|100%| O|  |TAMS 0x0000000725600000| PB 0x0000000725600000| Untracked |  0
|  25|0x0000000725800000, 0x0000000725a00000, 0x0000000725a00000|100%| O|  |TAMS 0x0000000725800000| PB 0x0000000725800000| Untracked |  0
|  26|0x0000000725a00000, 0x0000000725c00000, 0x0000000725c00000|100%| O|  |TAMS 0x0000000725a00000| PB 0x0000000725a00000| Untracked |  0
|  27|0x0000000725c00000, 0x0000000725c00000, 0x0000000725e00000|  0%| F|  |TAMS 0x0000000725c00000| PB 0x0000000725c00000| Untracked |  0
|  28|0x0000000725e00000, 0x0000000725e91c58, 0x0000000726000000| 28%| S|CS|TAMS 0x0000000725e00000| PB 0x0000000725e00000| Complete |  0
|  29|0x0000000726000000, 0x0000000726000000, 0x0000000726200000|  0%| F|  |TAMS 0x0000000726000000| PB 0x0000000726000000| Untracked |  0
|  30|0x0000000726200000, 0x0000000726400000, 0x0000000726400000|100%| S|CS|TAMS 0x0000000726200000| PB 0x0000000726200000| Complete |  0
|  31|0x0000000726400000, 0x0000000726600000, 0x0000000726600000|100%| S|CS|TAMS 0x0000000726400000| PB 0x0000000726400000| Complete |  0
|  32|0x0000000726600000, 0x0000000726600000, 0x0000000726800000|  0%| F|  |TAMS 0x0000000726600000| PB 0x0000000726600000| Untracked |  0
|  33|0x0000000726800000, 0x0000000726800000, 0x0000000726a00000|  0%| F|  |TAMS 0x0000000726800000| PB 0x0000000726800000| Untracked |  0
|  34|0x0000000726a00000, 0x0000000726a00000, 0x0000000726c00000|  0%| F|  |TAMS 0x0000000726a00000| PB 0x0000000726a00000| Untracked |  0
|  35|0x0000000726c00000, 0x0000000726c00000, 0x0000000726e00000|  0%| F|  |TAMS 0x0000000726c00000| PB 0x0000000726c00000| Untracked |  0
|  36|0x0000000726e00000, 0x0000000726e00000, 0x0000000727000000|  0%| F|  |TAMS 0x0000000726e00000| PB 0x0000000726e00000| Untracked |  0
|  37|0x0000000727000000, 0x0000000727000000, 0x0000000727200000|  0%| F|  |TAMS 0x0000000727000000| PB 0x0000000727000000| Untracked |  0
|  38|0x0000000727200000, 0x0000000727200000, 0x0000000727400000|  0%| F|  |TAMS 0x0000000727200000| PB 0x0000000727200000| Untracked |  0
|  39|0x0000000727400000, 0x0000000727400000, 0x0000000727600000|  0%| F|  |TAMS 0x0000000727400000| PB 0x0000000727400000| Untracked |  0
|  40|0x0000000727600000, 0x0000000727600000, 0x0000000727800000|  0%| F|  |TAMS 0x0000000727600000| PB 0x0000000727600000| Untracked |  0
|  41|0x0000000727800000, 0x0000000727828fd8, 0x0000000727a00000|  8%| E|  |TAMS 0x0000000727800000| PB 0x0000000727800000| Complete |  0
|  42|0x0000000727a00000, 0x0000000727c00000, 0x0000000727c00000|100%| E|CS|TAMS 0x0000000727a00000| PB 0x0000000727a00000| Complete |  0
|  43|0x0000000727c00000, 0x0000000727e00000, 0x0000000727e00000|100%| E|CS|TAMS 0x0000000727c00000| PB 0x0000000727c00000| Complete |  0
|  44|0x0000000727e00000, 0x0000000728000000, 0x0000000728000000|100%| E|CS|TAMS 0x0000000727e00000| PB 0x0000000727e00000| Complete |  0
|  45|0x0000000728000000, 0x0000000728200000, 0x0000000728200000|100%| E|  |TAMS 0x0000000728000000| PB 0x0000000728000000| Complete |  0
|  46|0x0000000728200000, 0x0000000728400000, 0x0000000728400000|100%| E|CS|TAMS 0x0000000728200000| PB 0x0000000728200000| Complete |  0
|  47|0x0000000728400000, 0x0000000728600000, 0x0000000728600000|100%| E|CS|TAMS 0x0000000728400000| PB 0x0000000728400000| Complete |  0
|  48|0x0000000728600000, 0x0000000728800000, 0x0000000728800000|100%| E|CS|TAMS 0x0000000728600000| PB 0x0000000728600000| Complete |  0
|  77|0x000000072c000000, 0x000000072c200000, 0x000000072c200000|100%| E|CS|TAMS 0x000000072c000000| PB 0x000000072c000000| Complete |  0
|  78|0x000000072c200000, 0x000000072c400000, 0x000000072c400000|100%| E|CS|TAMS 0x000000072c200000| PB 0x000000072c200000| Complete |  0
|  79|0x000000072c400000, 0x000000072c600000, 0x000000072c600000|100%| E|CS|TAMS 0x000000072c400000| PB 0x000000072c400000| Complete |  0
|  80|0x000000072c600000, 0x000000072c800000, 0x000000072c800000|100%| E|CS|TAMS 0x000000072c600000| PB 0x000000072c600000| Complete |  0
|  81|0x000000072c800000, 0x000000072ca00000, 0x000000072ca00000|100%| E|CS|TAMS 0x000000072c800000| PB 0x000000072c800000| Complete |  0
|  82|0x000000072ca00000, 0x000000072cc00000, 0x000000072cc00000|100%| E|CS|TAMS 0x000000072ca00000| PB 0x000000072ca00000| Complete |  0
| 110|0x0000000730200000, 0x0000000730400000, 0x0000000730400000|100%| E|CS|TAMS 0x0000000730200000| PB 0x0000000730200000| Complete |  0
|1763|0x00000007fec00000, 0x00000007fee00000, 0x00000007fee00000|100%| O|  |TAMS 0x00000007fec00000| PB 0x00000007fec00000| Untracked |  0
|1764|0x00000007fee00000, 0x00000007ff000000, 0x00000007ff000000|100%| E|CS|TAMS 0x00000007fee00000| PB 0x00000007fee00000| Complete |  0
|1765|0x00000007ff000000, 0x00000007ff200000, 0x00000007ff200000|100%| E|CS|TAMS 0x00000007ff000000| PB 0x00000007ff000000| Complete |  0
|1766|0x00000007ff200000, 0x00000007ff400000, 0x00000007ff400000|100%| E|CS|TAMS 0x00000007ff200000| PB 0x00000007ff200000| Complete |  0
|1767|0x00000007ff400000, 0x00000007ff600000, 0x00000007ff600000|100%| E|CS|TAMS 0x00000007ff400000| PB 0x00000007ff400000| Complete |  0
|1768|0x00000007ff600000, 0x00000007ff800000, 0x00000007ff800000|100%| E|CS|TAMS 0x00000007ff600000| PB 0x00000007ff600000| Complete |  0
|1769|0x00000007ff800000, 0x00000007ffa00000, 0x00000007ffa00000|100%| O|  |TAMS 0x00000007ff800000| PB 0x00000007ff800000| Untracked |  0
|1770|0x00000007ffa00000, 0x00000007ffc00000, 0x00000007ffc00000|100%| E|CS|TAMS 0x00000007ffa00000| PB 0x00000007ffa00000| Complete |  0
|1771|0x00000007ffc00000, 0x00000007ffe00000, 0x00000007ffe00000|100%| E|CS|TAMS 0x00000007ffc00000| PB 0x00000007ffc00000| Complete |  0
|1772|0x00000007ffe00000, 0x0000000800000000, 0x0000000800000000|100%| E|CS|TAMS 0x00000007ffe00000| PB 0x00000007ffe00000| Complete |  0

Card table byte_map: [0x000002104a850000,0x000002104af40000] _byte_map_base: 0x0000021046f3d000

Marking Bits: (CMBitMap*) 0x0000021031fae2d0
 Bits: [0x000002104af40000, 0x000002104e6a8000)

Polling page: 0x000002102fc10000

Metaspace:
Metaspace        used 103048K, committed 103872K, reserved 1179648K
 class space     used 11143K, committed 11520K, reserved 1048576K

Usage:
  Non-class:     89.75 MB used.
      Class:     10.88 MB used.
       Both:    100.63 MB used.

Virtual space:
  Non-class space:      128.00 MB reserved,      90.19 MB ( 70%) committed,  2 nodes.
      Class space:        1.00 GB reserved,      11.25 MB (  1%) committed,  1 nodes.
             Both:        1.12 GB reserved,     101.44 MB (  9%) committed. 

Chunk freelists:
   Non-Class:  5.57 MB
       Class:  4.73 MB
        Both:  10.30 MB

MaxMetaspaceSize: unlimited
CompressedClassSpaceSize: 1.00 GB
Initial GC threshold: 21.00 MB
Current GC threshold: 169.00 MB
CDS: on
 - commit_granule_bytes: 65536.
 - commit_granule_words: 8192.
 - virtual_space_node_default_size: 8388608.
 - enlarge_chunks_in_place: 1.
UseCompressedClassPointers 1, UseCompactObjectHeaders 0
Narrow klass pointer bits 32, Max shift 3
Narrow klass base: 0x000000000e000000, Narrow klass shift: 0
Encoding Range: [0x000000000e000000 - 0x000000010e000000), (4294967296 bytes)
Klass Range:    [0x000000000e010000 - 0x000000004f000000), (1090453504 bytes)
Klass ID Range:  [65536 - 1090519033) (1090453497)
Protection zone: [0x000000000e000000 - 0x000000000e010000), (65536 bytes)


Internal statistics:

num_allocs_failed_limit: 12.
num_arena_births: 1122.
num_arena_deaths: 2.
num_vsnodes_births: 3.
num_vsnodes_deaths: 0.
num_space_committed: 1623.
num_space_uncommitted: 0.
num_chunks_returned_to_freelist: 14.
num_chunks_taken_from_freelist: 4940.
num_chunk_merges: 12.
num_chunk_splits: 3612.
num_chunks_enlarged: 2975.
num_inconsistent_stats: 0.

CodeHeap 'non-profiled nmethods': size=119232Kb used=4922Kb max_used=4988Kb free=114309Kb
 bounds [0x0000021042350000, 0x0000021042840000, 0x00000210497c0000]
CodeHeap 'profiled nmethods': size=119104Kb used=11078Kb max_used=12895Kb free=108025Kb
 bounds [0x000002103a7c0000, 0x000002103b460000, 0x0000021041c10000]
CodeHeap 'non-nmethods': size=7424Kb used=1687Kb max_used=3449Kb free=5736Kb
 bounds [0x0000021041c10000, 0x0000021041f90000, 0x0000021042350000]
CodeCache: size=245760Kb, used=17687Kb, max_used=21332Kb, free=228070Kb
 total_blobs=9868, nmethods=9064, adapters=704, full_count=0
Compilation: enabled, stopped_count=0, restarted_count=0

Compilation events (20 events):
Event: 1865.238 Thread 0x0000021050d684b0 nmethod 20112 0x000002104282f108 code [0x000002104282f200, 0x00000210428349d0]
Event: 1865.239 Thread 0x0000021050d684b0 20140   !   4       java.net.URL::set (114 bytes)
Event: 1865.263 Thread 0x0000021050d684b0 nmethod 20140 0x00000210425e1588 code [0x00000210425e1680, 0x00000210425e2288]
Event: 1865.264 Thread 0x0000021050d684b0 20153       4       java.util.LinkedHashMap::keysToArray (80 bytes)
Event: 1865.271 Thread 0x0000021050d684b0 nmethod 20153 0x0000021042610a08 code [0x0000021042610b00, 0x00000210426110f0]
Event: 1865.271 Thread 0x0000021050d684b0 20133       4       java.lang.reflect.Constructor::newInstanceWithCaller (51 bytes)
Event: 1865.285 Thread 0x0000021050d69860 20154       3       org.springframework.boot.context.properties.source.SpringIterableConfigurationPropertySource$Cache::tryUpdate (364 bytes)
Event: 1865.326 Thread 0x0000021050d69860 nmethod 20154 0x000002103a9ba608 code [0x000002103a9ba720, 0x000002103a9bd0e0]
Event: 1865.326 Thread 0x0000021050d69860 20155       3       jdk.internal.classfile.impl.AbstractAttributeMapper$RuntimeVisibleTypeAnnotationsMapper::readAttribute (8 bytes)
Event: 1865.328 Thread 0x0000021050d69860 nmethod 20155 0x000002103a86de08 code [0x000002103a86df00, 0x000002103a86e0b8]
Event: 1865.328 Thread 0x0000021050d69860 20156       3       jdk.internal.classfile.impl.AbstractAttributeMapper$RuntimeVisibleTypeAnnotationsMapper::readAttribute (12 bytes)
Event: 1865.328 Thread 0x0000021050d69860 nmethod 20156 0x000002103a86e888 code [0x000002103a86e980, 0x000002103a86eb30]
Event: 1865.328 Thread 0x0000021050d69860 20157       3       jdk.internal.classfile.impl.BoundAttribute$BoundRuntimeVisibleTypeAnnotationsAttribute::<init> (32 bytes)
Event: 1865.329 Thread 0x0000021050d69860 nmethod 20157 0x000002103accab88 code [0x000002103accac80, 0x000002103accb2b8]
Event: 1865.357 Thread 0x0000021050d684b0 nmethod 20133 0x00000210426ed588 code [0x00000210426ed680, 0x00000210426ede28]
Event: 1865.357 Thread 0x0000021050d684b0 20158       4       sun.net.www.protocol.jar.Handler::parseURL (173 bytes)
Event: 1865.494 Thread 0x0000021050d69860 20159       3       java.util.stream.Collectors$$Lambda/0x000000000f03ec10::accept (11 bytes)
Event: 1865.494 Thread 0x0000021050d69860 nmethod 20159 0x000002103abe5308 code [0x000002103abe5400, 0x000002103abe56b8]
Event: 1865.494 Thread 0x0000021050d69860 20160       3       org.springframework.boot.autoconfigure.condition.OnBeanCondition::getOutcome (54 bytes)
Event: 1865.503 Thread 0x0000021050d69860 nmethod 20160 0x000002103a926388 code [0x000002103a926480, 0x000002103a928948]

GC Heap Usage History (20 events):
Event: 1787.846 {heap Before GC invocations=48 (full 1):
 garbage-first heap   total reserved 3631104K, committed 92160K, used 80554K [0x0000000722600000, 0x0000000800000000)
  region size 2048K, 17 young (34816K), 2 survivors (4096K)
}
Event: 1787.853 {heap After GC invocations=49 (full 1):
 garbage-first heap   total reserved 3631104K, committed 92160K, used 50847K [0x0000000722600000, 0x0000000800000000)
  region size 2048K, 2 young (4096K), 2 survivors (4096K)
}
Event: 1788.739 {heap Before GC invocations=50 (full 1):
 garbage-first heap   total reserved 3631104K, committed 96256K, used 79519K [0x0000000722600000, 0x0000000800000000)
  region size 2048K, 16 young (32768K), 2 survivors (4096K)
}
Event: 1788.748 {heap After GC invocations=51 (full 1):
 garbage-first heap   total reserved 3631104K, committed 96256K, used 51947K [0x0000000722600000, 0x0000000800000000)
  region size 2048K, 2 young (4096K), 2 survivors (4096K)
}
Event: 1789.607 {heap Before GC invocations=51 (full 1):
 garbage-first heap   total reserved 3631104K, committed 96256K, used 82667K [0x0000000722600000, 0x0000000800000000)
  region size 2048K, 17 young (34816K), 2 survivors (4096K)
}
Event: 1789.613 {heap After GC invocations=52 (full 1):
 garbage-first heap   total reserved 3631104K, committed 96256K, used 52717K [0x0000000722600000, 0x0000000800000000)
  region size 2048K, 2 young (4096K), 2 survivors (4096K)
}
Event: 1795.127 {heap Before GC invocations=52 (full 1):
 garbage-first heap   total reserved 3631104K, committed 96256K, used 85485K [0x0000000722600000, 0x0000000800000000)
  region size 2048K, 18 young (36864K), 2 survivors (4096K)
}
Event: 1795.132 {heap After GC invocations=53 (full 1):
 garbage-first heap   total reserved 3631104K, committed 96256K, used 52808K [0x0000000722600000, 0x0000000800000000)
  region size 2048K, 2 young (4096K), 2 survivors (4096K)
}
Event: 1795.134 {heap Before GC invocations=53 (full 1):
 garbage-first heap   total reserved 3631104K, committed 96256K, used 52808K [0x0000000722600000, 0x0000000800000000)
  region size 2048K, 3 young (6144K), 2 survivors (4096K)
}
Event: 1795.299 {heap After GC invocations=54 (full 2):
 garbage-first heap   total reserved 3631104K, committed 96256K, used 39545K [0x0000000722600000, 0x0000000800000000)
  region size 2048K, 0 young (0K), 0 survivors (0K)
}
Event: 1797.129 {heap Before GC invocations=54 (full 2):
 garbage-first heap   total reserved 3631104K, committed 96256K, used 82553K [0x0000000722600000, 0x0000000800000000)
  region size 2048K, 22 young (45056K), 0 survivors (0K)
}
Event: 1797.137 {heap After GC invocations=55 (full 2):
 garbage-first heap   total reserved 3631104K, committed 98304K, used 46535K [0x0000000722600000, 0x0000000800000000)
  region size 2048K, 3 young (6144K), 3 survivors (6144K)
}
Event: 1799.376 {heap Before GC invocations=55 (full 2):
 garbage-first heap   total reserved 3631104K, committed 98304K, used 83399K [0x0000000722600000, 0x0000000800000000)
  region size 2048K, 21 young (43008K), 3 survivors (6144K)
}
Event: 1799.395 {heap After GC invocations=56 (full 2):
 garbage-first heap   total reserved 3631104K, committed 100352K, used 49503K [0x0000000722600000, 0x0000000800000000)
  region size 2048K, 2 young (4096K), 2 survivors (4096K)
}
Event: 1801.723 {heap Before GC invocations=57 (full 2):
 garbage-first heap   total reserved 3631104K, committed 100352K, used 84319K [0x0000000722600000, 0x0000000800000000)
  region size 2048K, 19 young (38912K), 2 survivors (4096K)
}
Event: 1801.728 {heap After GC invocations=58 (full 2):
 garbage-first heap   total reserved 3631104K, committed 100352K, used 50651K [0x0000000722600000, 0x0000000800000000)
  region size 2048K, 2 young (4096K), 2 survivors (4096K)
}
Event: 1802.842 {heap Before GC invocations=58 (full 2):
 garbage-first heap   total reserved 3631104K, committed 100352K, used 85467K [0x0000000722600000, 0x0000000800000000)
  region size 2048K, 19 young (38912K), 2 survivors (4096K)
}
Event: 1802.852 {heap After GC invocations=59 (full 2):
 garbage-first heap   total reserved 3631104K, committed 135168K, used 52084K [0x0000000722600000, 0x0000000800000000)
  region size 2048K, 2 young (4096K), 2 survivors (4096K)
}
Event: 1805.124 {heap Before GC invocations=59 (full 2):
 garbage-first heap   total reserved 3631104K, committed 135168K, used 117620K [0x0000000722600000, 0x0000000800000000)
  region size 2048K, 34 young (69632K), 2 survivors (4096K)
}
Event: 1805.130 {heap After GC invocations=60 (full 2):
 garbage-first heap   total reserved 3631104K, committed 135168K, used 53252K [0x0000000722600000, 0x0000000800000000)
  region size 2048K, 3 young (6144K), 3 survivors (6144K)
}

Metaspace Usage History (20 events):
Event: 1787.846 {metaspace Before GC invocations=48 (full 1):
 Metaspace       used 100901K, committed 101632K, reserved 1179648K
  class space    used 10971K, committed 11328K, reserved 1048576K
}
Event: 1787.854 {metaspace After GC invocations=49 (full 1):
 Metaspace       used 100901K, committed 101632K, reserved 1179648K
  class space    used 10971K, committed 11328K, reserved 1048576K
}
Event: 1788.739 {metaspace Before GC invocations=50 (full 1):
 Metaspace       used 101240K, committed 102016K, reserved 1179648K
  class space    used 10995K, committed 11328K, reserved 1048576K
}
Event: 1788.748 {metaspace After GC invocations=51 (full 1):
 Metaspace       used 101240K, committed 102016K, reserved 1179648K
  class space    used 10995K, committed 11328K, reserved 1048576K
}
Event: 1789.607 {metaspace Before GC invocations=51 (full 1):
 Metaspace       used 101287K, committed 102080K, reserved 1179648K
  class space    used 10998K, committed 11328K, reserved 1048576K
}
Event: 1789.613 {metaspace After GC invocations=52 (full 1):
 Metaspace       used 101287K, committed 102080K, reserved 1179648K
  class space    used 10998K, committed 11328K, reserved 1048576K
}
Event: 1795.127 {metaspace Before GC invocations=52 (full 1):
 Metaspace       used 101588K, committed 102400K, reserved 1179648K
  class space    used 11012K, committed 11392K, reserved 1048576K
}
Event: 1795.132 {metaspace After GC invocations=53 (full 1):
 Metaspace       used 101588K, committed 102400K, reserved 1179648K
  class space    used 11012K, committed 11392K, reserved 1048576K
}
Event: 1795.134 {metaspace Before GC invocations=53 (full 1):
 Metaspace       used 101588K, committed 102400K, reserved 1179648K
  class space    used 11012K, committed 11392K, reserved 1048576K
}
Event: 1795.299 {metaspace After GC invocations=54 (full 2):
 Metaspace       used 101585K, committed 102400K, reserved 1179648K
  class space    used 11011K, committed 11392K, reserved 1048576K
}
Event: 1797.129 {metaspace Before GC invocations=54 (full 2):
 Metaspace       used 101733K, committed 102592K, reserved 1179648K
  class space    used 11026K, committed 11392K, reserved 1048576K
}
Event: 1797.137 {metaspace After GC invocations=55 (full 2):
 Metaspace       used 101733K, committed 102592K, reserved 1179648K
  class space    used 11026K, committed 11392K, reserved 1048576K
}
Event: 1799.376 {metaspace Before GC invocations=55 (full 2):
 Metaspace       used 101953K, committed 102720K, reserved 1179648K
  class space    used 11038K, committed 11392K, reserved 1048576K
}
Event: 1799.395 {metaspace After GC invocations=56 (full 2):
 Metaspace       used 101953K, committed 102720K, reserved 1179648K
  class space    used 11038K, committed 11392K, reserved 1048576K
}
Event: 1801.723 {metaspace Before GC invocations=57 (full 2):
 Metaspace       used 102318K, committed 103104K, reserved 1179648K
  class space    used 11058K, committed 11392K, reserved 1048576K
}
Event: 1801.728 {metaspace After GC invocations=58 (full 2):
 Metaspace       used 102318K, committed 103104K, reserved 1179648K
  class space    used 11058K, committed 11392K, reserved 1048576K
}
Event: 1802.842 {metaspace Before GC invocations=58 (full 2):
 Metaspace       used 102690K, committed 103488K, reserved 1179648K
  class space    used 11088K, committed 11456K, reserved 1048576K
}
Event: 1802.852 {metaspace After GC invocations=59 (full 2):
 Metaspace       used 102690K, committed 103488K, reserved 1179648K
  class space    used 11088K, committed 11456K, reserved 1048576K
}
Event: 1805.124 {metaspace Before GC invocations=59 (full 2):
 Metaspace       used 103010K, committed 103808K, reserved 1179648K
  class space    used 11141K, committed 11520K, reserved 1048576K
}
Event: 1805.130 {metaspace After GC invocations=60 (full 2):
 Metaspace       used 103010K, committed 103808K, reserved 1179648K
  class space    used 11141K, committed 11520K, reserved 1048576K
}

Dll operation events (11 events):
Event: 0.025 Loaded shared library C:\Users\GIOVANNI CHARLES\.jdks\openjdk-25.0.1\bin\java.dll
Event: 0.417 Loaded shared library C:\Users\GIOVANNI CHARLES\.jdks\openjdk-25.0.1\bin\zip.dll
Event: 0.423 Loaded shared library C:\Users\GIOVANNI CHARLES\.jdks\openjdk-25.0.1\bin\instrument.dll
Event: 0.437 Loaded shared library C:\Users\GIOVANNI CHARLES\.jdks\openjdk-25.0.1\bin\net.dll
Event: 0.442 Loaded shared library C:\Users\GIOVANNI CHARLES\.jdks\openjdk-25.0.1\bin\nio.dll
Event: 0.450 Loaded shared library C:\Users\GIOVANNI CHARLES\.jdks\openjdk-25.0.1\bin\zip.dll
Event: 0.845 Loaded shared library C:\Users\GIOVANNI CHARLES\.jdks\openjdk-25.0.1\bin\extnet.dll
Event: 0.915 Loaded shared library C:\Users\GIOVANNI CHARLES\.jdks\openjdk-25.0.1\bin\jimage.dll
Event: 2.174 Loaded shared library C:\Users\GIOVANNI CHARLES\.jdks\openjdk-25.0.1\bin\management.dll
Event: 2.179 Loaded shared library C:\Users\GIOVANNI CHARLES\.jdks\openjdk-25.0.1\bin\management_ext.dll
Event: 5.550 Loaded shared library C:\Users\GIOVANNI CHARLES\.jdks\openjdk-25.0.1\bin\sunmscapi.dll

Deoptimization events (20 events):
Event: 1864.299 Thread 0x000002105c441f50 Uncommon trap: trap_request=0xffffffd6 fr.pc=0x000002104264baf8 relative=0x0000000000000378
Event: 1864.299 Thread 0x000002105c441f50 Uncommon trap: reason=array_check action=maybe_recompile pc=0x000002104264baf8 method=java.util.AbstractCollection.toArray([Ljava/lang/Object;)[Ljava/lang/Object; @ 116 c2
Event: 1864.299 Thread 0x000002105c441f50 DEOPT PACKING pc=0x000002104264baf8 sp=0x000000250f6fdef0
Event: 1864.300 Thread 0x000002105c441f50 DEOPT UNPACKING pc=0x0000021041d2ec82 sp=0x000000250f6fde70 mode 2
Event: 1864.301 Thread 0x000002105c441f50 Uncommon trap: trap_request=0xffffffd6 fr.pc=0x000002104264baf8 relative=0x0000000000000378
Event: 1864.301 Thread 0x000002105c441f50 Uncommon trap: reason=array_check action=maybe_recompile pc=0x000002104264baf8 method=java.util.AbstractCollection.toArray([Ljava/lang/Object;)[Ljava/lang/Object; @ 116 c2
Event: 1864.301 Thread 0x000002105c441f50 DEOPT PACKING pc=0x000002104264baf8 sp=0x000000250f6fdef0
Event: 1864.301 Thread 0x000002105c441f50 DEOPT UNPACKING pc=0x0000021041d2ec82 sp=0x000000250f6fde70 mode 2
Event: 1864.303 Thread 0x000002105c441f50 Uncommon trap: trap_request=0xffffffd6 fr.pc=0x000002104264baf8 relative=0x0000000000000378
Event: 1864.303 Thread 0x000002105c441f50 Uncommon trap: reason=array_check action=maybe_recompile pc=0x000002104264baf8 method=java.util.AbstractCollection.toArray([Ljava/lang/Object;)[Ljava/lang/Object; @ 116 c2
Event: 1864.303 Thread 0x000002105c441f50 DEOPT PACKING pc=0x000002104264baf8 sp=0x000000250f6fe240
Event: 1864.303 Thread 0x000002105c441f50 DEOPT UNPACKING pc=0x0000021041d2ec82 sp=0x000000250f6fe1c0 mode 2
Event: 1864.306 Thread 0x000002105c441f50 Uncommon trap: trap_request=0xffffffd6 fr.pc=0x000002104264baf8 relative=0x0000000000000378
Event: 1864.306 Thread 0x000002105c441f50 Uncommon trap: reason=array_check action=maybe_recompile pc=0x000002104264baf8 method=java.util.AbstractCollection.toArray([Ljava/lang/Object;)[Ljava/lang/Object; @ 116 c2
Event: 1864.306 Thread 0x000002105c441f50 DEOPT PACKING pc=0x000002104264baf8 sp=0x000000250f6fe230
Event: 1864.306 Thread 0x000002105c441f50 DEOPT UNPACKING pc=0x0000021041d2ec82 sp=0x000000250f6fe1b0 mode 2
Event: 1865.272 Thread 0x000002105c441f50 Uncommon trap: trap_request=0xffffff6e fr.pc=0x0000021042610d2c relative=0x000000000000022c
Event: 1865.272 Thread 0x000002105c441f50 Uncommon trap: reason=predicate action=maybe_recompile pc=0x0000021042610d2c method=java.util.LinkedHashMap.keysToArray([Ljava/lang/Object;Z)[Ljava/lang/Object; @ 53 c2
Event: 1865.273 Thread 0x000002105c441f50 DEOPT PACKING pc=0x0000021042610d2c sp=0x000000250f6fd430
Event: 1865.284 Thread 0x000002105c441f50 DEOPT UNPACKING pc=0x0000021041d2ec82 sp=0x000000250f6fd3c0 mode 2

Classes loaded (20 events):
Event: 487.453 Loading class org/w3c/dom/Document
Event: 487.454 Loading class org/w3c/dom/Document done
Event: 487.713 Loading class java/lang/invoke/MethodHandleImpl$WrappedMember
Event: 487.714 Loading class java/lang/invoke/MethodHandleImpl$WrappedMember done
Event: 488.204 Loading class java/util/function/DoubleUnaryOperator
Event: 488.205 Loading class java/util/function/DoubleUnaryOperator done
Event: 488.752 Loading class java/util/stream/ReferencePipeline$4
Event: 488.753 Loading class java/util/stream/ReferencePipeline$4 done
Event: 488.754 Loading class java/util/function/IntBinaryOperator
Event: 488.754 Loading class java/util/function/IntBinaryOperator done
Event: 488.760 Loading class java/util/stream/ReduceOps$7
Event: 488.761 Loading class java/util/stream/ReduceOps$7 done
Event: 488.762 Loading class java/util/stream/ReduceOps$6ReducingSink
Event: 488.762 Loading class java/util/stream/ReduceOps$6ReducingSink done
Event: 488.762 Loading class java/util/stream/ReferencePipeline$4$1
Event: 488.763 Loading class java/util/stream/ReferencePipeline$4$1 done
Event: 1777.101 Loading class java/lang/ref/Finalizer$1
Event: 1777.106 Loading class java/lang/ref/Finalizer$1 done
Event: 1804.676 Loading class java/text/MessageFormat$Field
Event: 1804.677 Loading class java/text/MessageFormat$Field done

Classes unloaded (1 events):
Event: 1795.183 Thread 0x0000021050d48d80 Unloading class 0x000000000fb04000 'org/apache/catalina/loader/JdbcLeakPrevention'

Classes redefined (0 events):
No events

Internal exceptions (20 events):
Event: 1798.841 Thread 0x000002105c442720 Exception <a 'java/io/IOException'{0x000000072c58eb10}> (0x000000072c58eb10) 
thrown [s\open\src\hotspot\share\prims\jni.cpp, line 516]
Event: 1798.844 Thread 0x000002105c442720 Exception <a 'java/io/IOException'{0x000000072c58faf0}> (0x000000072c58faf0) 
thrown [s\open\src\hotspot\share\prims\jni.cpp, line 516]
Event: 1798.846 Thread 0x000002105c442720 Exception <a 'java/io/IOException'{0x000000072c5905d8}> (0x000000072c5905d8) 
thrown [s\open\src\hotspot\share\prims\jni.cpp, line 516]
Event: 1800.582 Thread 0x000002105c442720 Exception <a 'java/io/IOException'{0x00000007ffb7b748}> (0x00000007ffb7b748) 
thrown [s\open\src\hotspot\share\prims\jni.cpp, line 516]
Event: 1800.633 Thread 0x000002105c442720 Exception <a 'java/io/IOException'{0x00000007ff62e460}> (0x00000007ff62e460) 
thrown [s\open\src\hotspot\share\prims\jni.cpp, line 516]
Event: 1800.680 Thread 0x000002105c442720 Exception <a 'java/io/IOException'{0x00000007ff6804e8}> (0x00000007ff6804e8) 
thrown [s\open\src\hotspot\share\prims\jni.cpp, line 516]
Event: 1800.779 Thread 0x000002105c442720 Exception <a 'java/io/IOException'{0x00000007ff5c3e08}> (0x00000007ff5c3e08) 
thrown [s\open\src\hotspot\share\prims\jni.cpp, line 516]
Event: 1801.231 Thread 0x000002105c442720 Exception <a 'java/io/IOException'{0x000000072c9af050}> (0x000000072c9af050) 
thrown [s\open\src\hotspot\share\prims\jni.cpp, line 516]
Event: 1801.237 Thread 0x000002105c442720 Exception <a 'java/io/IOException'{0x000000072c9c0190}> (0x000000072c9c0190) 
thrown [s\open\src\hotspot\share\prims\jni.cpp, line 516]
Event: 1801.243 Thread 0x000002105c442720 Exception <a 'java/io/IOException'{0x000000072c9d0c58}> (0x000000072c9d0c58) 
thrown [s\open\src\hotspot\share\prims\jni.cpp, line 516]
Event: 1801.248 Thread 0x000002105c442720 Exception <a 'java/io/IOException'{0x000000072c9e1038}> (0x000000072c9e1038) 
thrown [s\open\src\hotspot\share\prims\jni.cpp, line 516]
Event: 1801.254 Thread 0x000002105c442720 Exception <a 'java/io/IOException'{0x000000072c9f1470}> (0x000000072c9f1470) 
thrown [s\open\src\hotspot\share\prims\jni.cpp, line 516]
Event: 1801.282 Thread 0x000002105c442720 Exception <a 'java/io/IOException'{0x000000072c63bc10}> (0x000000072c63bc10) 
thrown [s\open\src\hotspot\share\prims\jni.cpp, line 516]
Event: 1801.286 Thread 0x000002105c442720 Exception <a 'java/io/IOException'{0x000000072c64bc48}> (0x000000072c64bc48) 
thrown [s\open\src\hotspot\share\prims\jni.cpp, line 516]
Event: 1801.764 Thread 0x000002105c442720 Exception <a 'java/io/FileNotFoundException'{0x00000007fffa74f0}> (0x00000007fffa74f0) 
thrown [s\open\src\hotspot\share\prims\jni.cpp, line 516]
Event: 1803.431 Thread 0x000002105c442720 Exception <a 'java/io/IOException'{0x000000072c4733f8}> (0x000000072c4733f8) 
thrown [s\open\src\hotspot\share\prims\jni.cpp, line 516]
Event: 1805.216 Thread 0x00000210590a23c0 Exception <a 'java/lang/InterruptedException'{0x00000007ffcc6768}: sleep interrupted> (0x00000007ffcc6768) 
thrown [s\open\src\hotspot\share\prims\jvm.cpp, line 2904]
Event: 1805.265 Thread 0x000002105c441f50 Exception <a 'java/lang/InterruptedException'{0x00000007ffceec90}: sleep interrupted> (0x00000007ffceec90) 
thrown [s\open\src\hotspot\share\prims\jvm.cpp, line 2904]
Event: 1805.321 Thread 0x00000210590a3360 Exception <a 'java/lang/InterruptedException'{0x00000007ff651fe0}: sleep interrupted> (0x00000007ff651fe0) 
thrown [s\open\src\hotspot\share\prims\jvm.cpp, line 2904]
Event: 1856.690 Thread 0x000002105c441f50 Exception <a 'sun/nio/fs/WindowsException'{0x000000072c856878}> (0x000000072c856878) 
thrown [s\open\src\hotspot\share\prims\jni.cpp, line 516]

VM Operations (20 events):
Event: 1799.804 Executing safepoint VM operation: G1PauseCleanup
Event: 1799.804 Executing safepoint VM operation: G1PauseCleanup done
Event: 1801.723 Executing safepoint VM operation: G1CollectForAllocation (G1 Evacuation Pause)
Event: 1801.728 Executing safepoint VM operation: G1CollectForAllocation (G1 Evacuation Pause) done
Event: 1802.842 Executing safepoint VM operation: G1CollectForAllocation (G1 Evacuation Pause)
Event: 1802.852 Executing safepoint VM operation: G1CollectForAllocation (G1 Evacuation Pause) done
Event: 1804.516 Executing non-safepoint VM operation: HandshakeAllThreads (HandshakeForDeflation)
Event: 1804.516 Executing non-safepoint VM operation: HandshakeAllThreads (HandshakeForDeflation) done
Event: 1804.516 Executing non-safepoint VM operation: RendezvousGCThreads
Event: 1804.516 Executing non-safepoint VM operation: RendezvousGCThreads done
Event: 1805.124 Executing safepoint VM operation: G1CollectForAllocation (G1 Evacuation Pause)
Event: 1805.130 Executing safepoint VM operation: G1CollectForAllocation (G1 Evacuation Pause) done
Event: 1805.219 Executing safepoint VM operation: G1PauseRemark
Event: 1805.229 Executing safepoint VM operation: G1PauseRemark done
Event: 1805.254 Executing safepoint VM operation: G1PauseCleanup
Event: 1805.257 Executing safepoint VM operation: G1PauseCleanup done
Event: 1864.554 Executing non-safepoint VM operation: HandshakeAllThreads (HandshakeForDeflation)
Event: 1864.557 Executing non-safepoint VM operation: HandshakeAllThreads (HandshakeForDeflation) done
Event: 1864.557 Executing non-safepoint VM operation: RendezvousGCThreads
Event: 1864.557 Executing non-safepoint VM operation: RendezvousGCThreads done

Memory protections (0 events):
No events

Nmethod flushes (20 events):
Event: 1805.227 Thread 0x0000021050d48d80 flushing  nmethod 0x000002103b14bb88
Event: 1805.227 Thread 0x0000021050d48d80 flushing  nmethod 0x000002103b14be88
Event: 1805.227 Thread 0x0000021050d48d80 flushing  nmethod 0x000002103b14c188
Event: 1805.227 Thread 0x0000021050d48d80 flushing  nmethod 0x000002103b150488
Event: 1805.227 Thread 0x0000021050d48d80 flushing  nmethod 0x000002103b1c5b88
Event: 1805.227 Thread 0x0000021050d48d80 flushing  nmethod 0x000002103b1c6388
Event: 1805.227 Thread 0x0000021050d48d80 flushing  nmethod 0x000002103b1c7888
Event: 1805.227 Thread 0x0000021050d48d80 flushing  nmethod 0x000002103b1c8108
Event: 1805.227 Thread 0x0000021050d48d80 flushing  nmethod 0x000002103b1c9188
Event: 1805.227 Thread 0x0000021050d48d80 flushing  nmethod 0x000002103b290588
Event: 1805.227 Thread 0x0000021050d48d80 flushing  nmethod 0x000002103b292288
Event: 1805.227 Thread 0x0000021050d48d80 flushing  nmethod 0x000002103b292588
Event: 1805.227 Thread 0x0000021050d48d80 flushing  nmethod 0x000002103b2e0988
Event: 1805.227 Thread 0x0000021050d48d80 flushing  nmethod 0x000002103b2e1088
Event: 1805.227 Thread 0x0000021050d48d80 flushing  nmethod 0x000002103b2e1388
Event: 1805.227 Thread 0x0000021050d48d80 flushing  nmethod 0x000002103b2e1688
Event: 1805.227 Thread 0x0000021050d48d80 flushing  nmethod 0x000002103b2e3908
Event: 1805.227 Thread 0x0000021050d48d80 flushing  nmethod 0x000002103b2e3f08
Event: 1805.227 Thread 0x0000021050d48d80 flushing  nmethod 0x000002103b305108
Event: 1805.227 Thread 0x0000021050d48d80 flushing  nmethod 0x000002103b41f588

Events (20 events):
Event: 1805.293 Thread 0x0000021059264d90 Thread exited: 0x0000021059264d90
Event: 1805.294 Thread 0x0000021056baad80 Thread exited: 0x0000021056baad80
Event: 1805.295 Thread 0x00000210594e4ae0 Thread exited: 0x00000210594e4ae0
Event: 1805.296 Thread 0x0000021059267c70 Thread exited: 0x0000021059267c70
Event: 1805.297 Thread 0x0000021056ba8670 Thread exited: 0x0000021056ba8670
Event: 1805.299 Thread 0x0000021056bab550 Thread exited: 0x0000021056bab550
Event: 1805.303 Thread 0x0000021059265560 Thread exited: 0x0000021059265560
Event: 1805.304 Thread 0x000002105c443e90 Thread exited: 0x000002105c443e90
Event: 1805.308 Thread 0x00000210590a23c0 Thread exited: 0x00000210590a23c0
Event: 1805.310 Thread 0x00000210590a3b30 Thread exited: 0x00000210590a3b30
Event: 1805.310 Thread 0x000002105c43f070 Thread exited: 0x000002105c43f070
Event: 1805.321 Thread 0x00000210590a3360 Thread exited: 0x00000210590a3360
Event: 1805.321 Thread 0x000002105c442720 Thread exited: 0x000002105c442720
Event: 1805.324 Thread 0x000002105c4436c0 Thread added: 0x000002105c443e90
Event: 1805.326 Thread 0x000002105909d5a0 Thread exited: 0x000002105909d5a0
Event: 1805.326 Thread 0x000002105909dd70 Thread exited: 0x000002105909dd70
Event: 1806.268 Thread 0x00000210517dffa0 Thread exited: 0x00000210517dffa0
Event: 1852.533 Thread 0x000002105c4436c0 Thread added: 0x000002105c441f50
Event: 1860.944 Thread 0x000002105c441f50 Thread added: 0x000002105c442720
Event: 1861.631 Thread 0x000002105c442720 Thread exited: 0x000002105c442720


Dynamic libraries:
0x00007ff67d720000 - 0x00007ff67d72e000 	C:\Users\GIOVANNI CHARLES\.jdks\openjdk-25.0.1\bin\java.exe
0x00007ff86e810000 - 0x00007ff86ea08000 	C:\Windows\SYSTEM32\ntdll.dll
0x00007ff86cfc0000 - 0x00007ff86d082000 	C:\Windows\System32\KERNEL32.DLL
0x00007ff86c190000 - 0x00007ff86c487000 	C:\Windows\System32\KERNELBASE.dll
0x00007ff86c090000 - 0x00007ff86c190000 	C:\Windows\System32\ucrtbase.dll
0x00007ff8432c0000 - 0x00007ff8432de000 	C:\Users\GIOVANNI CHARLES\.jdks\openjdk-25.0.1\bin\VCRUNTIME140.dll
0x00007ff842250000 - 0x00007ff842267000 	C:\Users\GIOVANNI CHARLES\.jdks\openjdk-25.0.1\bin\jli.dll
0x00007ff86c830000 - 0x00007ff86c9cd000 	C:\Windows\System32\USER32.dll
0x00007ff858760000 - 0x00007ff8589fa000 	C:\Windows\WinSxS\amd64_microsoft.windows.common-controls_6595b64144ccf1df_6.0.19041.5915_none_60b4b9d171f9c7c7\COMCTL32.dll
0x00007ff86bf20000 - 0x00007ff86bf42000 	C:\Windows\System32\win32u.dll
0x00007ff86e210000 - 0x00007ff86e2ae000 	C:\Windows\System32\msvcrt.dll
0x00007ff86cc30000 - 0x00007ff86cc5b000 	C:\Windows\System32\GDI32.dll
0x00007ff86c4c0000 - 0x00007ff86c5d9000 	C:\Windows\System32\gdi32full.dll
0x00007ff86c790000 - 0x00007ff86c82d000 	C:\Windows\System32\msvcp_win.dll
0x00007ff86dfe0000 - 0x00007ff86e00f000 	C:\Windows\System32\IMM32.DLL
0x00007ff856fd0000 - 0x00007ff856fdc000 	C:\Users\GIOVANNI CHARLES\.jdks\openjdk-25.0.1\bin\vcruntime140_1.dll
0x00007ff82a960000 - 0x00007ff82a9ed000 	C:\Users\GIOVANNI CHARLES\.jdks\openjdk-25.0.1\bin\msvcp140.dll
0x00007ff81b760000 - 0x00007ff81c5bf000 	C:\Users\GIOVANNI CHARLES\.jdks\openjdk-25.0.1\bin\server\jvm.dll
0x00007ff86d4a0000 - 0x00007ff86d551000 	C:\Windows\System32\ADVAPI32.dll
0x00007ff86e720000 - 0x00007ff86e7bf000 	C:\Windows\System32\sechost.dll
0x00007ff86d560000 - 0x00007ff86d686000 	C:\Windows\System32\RPCRT4.dll
0x00007ff86c490000 - 0x00007ff86c4b7000 	C:\Windows\System32\bcrypt.dll
0x00007ff86d6f0000 - 0x00007ff86d75b000 	C:\Windows\System32\WS2_32.dll
0x00007ff86bd00000 - 0x00007ff86bd4b000 	C:\Windows\SYSTEM32\POWRPROF.dll
0x00007ff861be0000 - 0x00007ff861c07000 	C:\Windows\SYSTEM32\WINMM.dll
0x00007ff861c10000 - 0x00007ff861c1a000 	C:\Windows\SYSTEM32\VERSION.dll
0x00007ff86bce0000 - 0x00007ff86bcf2000 	C:\Windows\SYSTEM32\UMPDC.dll
0x00007ff869ce0000 - 0x00007ff869cf2000 	C:\Windows\SYSTEM32\kernel.appcore.dll
0x00007ff856f40000 - 0x00007ff856f4a000 	C:\Users\GIOVANNI CHARLES\.jdks\openjdk-25.0.1\bin\jimage.dll
0x00007ff859680000 - 0x00007ff859881000 	C:\Windows\SYSTEM32\DBGHELP.DLL
0x00007ff84aca0000 - 0x00007ff84acd4000 	C:\Windows\SYSTEM32\dbgcore.DLL
0x00007ff86bf50000 - 0x00007ff86bfd2000 	C:\Windows\System32\bcryptPrimitives.dll
0x00007ff842380000 - 0x00007ff842390000 	C:\Users\GIOVANNI CHARLES\.jdks\openjdk-25.0.1\bin\instrument.dll
0x00007ff842230000 - 0x00007ff84224f000 	C:\Users\GIOVANNI CHARLES\.jdks\openjdk-25.0.1\bin\java.dll
0x00007ff86e010000 - 0x00007ff86e13b000 	C:\Windows\System32\ole32.dll
0x00007ff86d090000 - 0x00007ff86d3e3000 	C:\Windows\System32\combase.dll
0x00007ff86d7c0000 - 0x00007ff86df2e000 	C:\Windows\System32\SHELL32.dll
0x00007ff869ee0000 - 0x00007ff86a684000 	C:\Windows\SYSTEM32\windows.storage.dll
0x00007ff86b720000 - 0x00007ff86b74b000 	C:\Windows\SYSTEM32\Wldp.dll
0x00007ff86e140000 - 0x00007ff86e20d000 	C:\Windows\System32\OLEAUT32.dll
0x00007ff86cce0000 - 0x00007ff86cd8d000 	C:\Windows\System32\SHCORE.dll
0x00007ff86d690000 - 0x00007ff86d6eb000 	C:\Windows\System32\shlwapi.dll
0x00007ff86bdd0000 - 0x00007ff86bdf4000 	C:\Windows\SYSTEM32\profapi.dll
0x00007ff8421d0000 - 0x00007ff8421e7000 	C:\Users\GIOVANNI CHARLES\.jdks\openjdk-25.0.1\bin\zip.dll
0x00007ff842210000 - 0x00007ff842222000 	C:\Users\GIOVANNI CHARLES\.jdks\openjdk-25.0.1\bin\net.dll
0x00007ff86b500000 - 0x00007ff86b56a000 	C:\Windows\system32\mswsock.dll
0x00007ff8421f0000 - 0x00007ff842206000 	C:\Users\GIOVANNI CHARLES\.jdks\openjdk-25.0.1\bin\nio.dll
0x00007ff840140000 - 0x00007ff840149000 	C:\Users\GIOVANNI CHARLES\.jdks\openjdk-25.0.1\bin\extnet.dll
0x00007ff840130000 - 0x00007ff84013a000 	C:\Users\GIOVANNI CHARLES\.jdks\openjdk-25.0.1\bin\management.dll
0x00007ff840120000 - 0x00007ff84012c000 	C:\Users\GIOVANNI CHARLES\.jdks\openjdk-25.0.1\bin\management_ext.dll
0x00007ff86cdf0000 - 0x00007ff86cdf8000 	C:\Windows\System32\PSAPI.DLL
0x00007ff840150000 - 0x00007ff84015e000 	C:\Users\GIOVANNI CHARLES\.jdks\openjdk-25.0.1\bin\sunmscapi.dll
0x00007ff86c630000 - 0x00007ff86c78d000 	C:\Windows\System32\CRYPT32.dll
0x00007ff86b870000 - 0x00007ff86b897000 	C:\Windows\SYSTEM32\ncrypt.dll
0x00007ff86b830000 - 0x00007ff86b86b000 	C:\Windows\SYSTEM32\NTASN1.dll
0x00007ff86b760000 - 0x00007ff86b778000 	C:\Windows\SYSTEM32\CRYPTSP.dll
0x00007ff86ae40000 - 0x00007ff86ae78000 	C:\Windows\system32\rsaenh.dll
0x00007ff86bd50000 - 0x00007ff86bd7e000 	C:\Windows\SYSTEM32\USERENV.dll
0x00007ff86b690000 - 0x00007ff86b69c000 	C:\Windows\SYSTEM32\CRYPTBASE.dll
0x00007ff86b200000 - 0x00007ff86b23b000 	C:\Windows\SYSTEM32\IPHLPAPI.DLL
0x00007ff86e7c0000 - 0x00007ff86e7c8000 	C:\Windows\System32\NSI.dll
0x00007ff84c170000 - 0x00007ff84c187000 	C:\Windows\system32\napinsp.dll
0x00007ff84c150000 - 0x00007ff84c16b000 	C:\Windows\system32\pnrpnsp.dll
0x00007ff84ac10000 - 0x00007ff84ac2d000 	C:\Windows\system32\wshbth.dll
0x00007ff867770000 - 0x00007ff86778d000 	C:\Windows\system32\NLAapi.dll
0x00007ff86b240000 - 0x00007ff86b30a000 	C:\Windows\SYSTEM32\DNSAPI.dll
0x00007ff848e50000 - 0x00007ff848e62000 	C:\Windows\System32\winrnr.dll
0x00007ff85d340000 - 0x00007ff85d34a000 	C:\Windows\System32\rasadhlp.dll
0x00007ff85d2c0000 - 0x00007ff85d340000 	C:\Windows\System32\fwpuclnt.dll
0x00007ff865050000 - 0x00007ff865067000 	C:\Windows\SYSTEM32\dhcpcsvc6.DLL
0x00007ff865030000 - 0x00007ff86504d000 	C:\Windows\SYSTEM32\dhcpcsvc.DLL
0x00007ff85ca20000 - 0x00007ff85ca27000 	C:\Windows\system32\wshunix.dll

JVMTI agents:
C:\Program Files\JetBrains\IntelliJ IDEA Community Edition 2025.1.3\lib\idea_rt.jar path:C:\Users\GIOVANNI CHARLES\.jdks\openjdk-25.0.1\bin\instrument.dll, loaded, initialized, instrumentlib options:63903

dbghelp: loaded successfully - version: 4.0.5 - missing functions: none
symbol engine: initialized successfully - sym options: 0x614 - pdb path: .;C:\Users\GIOVANNI CHARLES\.jdks\openjdk-25.0.1\bin;C:\Windows\SYSTEM32;C:\Windows\WinSxS\amd64_microsoft.windows.common-controls_6595b64144ccf1df_6.0.19041.5915_none_60b4b9d171f9c7c7;C:\Users\GIOVANNI CHARLES\.jdks\openjdk-25.0.1\bin\server

VM Arguments:
jvm_args: -javaagent:C:\Program Files\JetBrains\IntelliJ IDEA Community Edition 2025.1.3\lib\idea_rt.jar=63903 -Dfile.encoding=UTF-8 -Dsun.stdout.encoding=UTF-8 -Dsun.stderr.encoding=UTF-8 
java_command: com.NTFOODS.Api_tanty.ApiTantyApplication
java_class_path (initial): D:\SAINT JEAN\ME\LICENCE 3 ISJ 2025-2026\STAGE DE FIN DE CYCLE\Developpement\local\tanty_erp\Api_tanty\target\classes;C:\Users\GIOVANNI CHARLES\.m2\repository\org\springframework\boot\spring-boot-starter-data-jpa\4.0.6\spring-boot-starter-data-jpa-4.0.6.jar;C:\Users\GIOVANNI CHARLES\.m2\repository\org\springframework\boot\spring-boot-starter\4.0.6\spring-boot-starter-4.0.6.jar;C:\Users\GIOVANNI CHARLES\.m2\repository\org\springframework\boot\spring-boot-starter-logging\4.0.6\spring-boot-starter-logging-4.0.6.jar;C:\Users\GIOVANNI CHARLES\.m2\repository\ch\qos\logback\logback-classic\1.5.32\logback-classic-1.5.32.jar;C:\Users\GIOVANNI CHARLES\.m2\repository\ch\qos\logback\logback-core\1.5.32\logback-core-1.5.32.jar;C:\Users\GIOVANNI CHARLES\.m2\repository\org\apache\logging\log4j\log4j-to-slf4j\2.25.4\log4j-to-slf4j-2.25.4.jar;C:\Users\GIOVANNI CHARLES\.m2\repository\org\apache\logging\log4j\log4j-api\2.25.4\log4j-api-2.25.4.jar;C:\Users\GIOVANNI CHARLES\.m2\repository\org\slf4j\jul-to-slf4j\2.0.17\jul-to-slf4j-2.0.17.jar;C:\Users\GIOVANNI CHARLES\.m2\repository\jakarta\annotation\jakarta.annotation-api\3.0.0\jakarta.annotation-api-3.0.0.jar;C:\Users\GIOVANNI CHARLES\.m2\repository\org\yaml\snakeyaml\2.5\snakeyaml-2.5.jar;C:\Users\GIOVANNI CHARLES\.m2\repository\org\springframework\boot\spring-boot-starter-jdbc\4.0.6\spring-boot-starter-jdbc-4.0.6.jar;C:\Users\GIOVANNI CHARLES\.m2\repository\org\springframework\boot\spring-boot-data-jpa\4.0.6\spring-boot-data-jpa-4.0.6.jar;C:\Users\GIOVANNI CHARLES\.m2\repository\org\springframework\boot\spring-boot-data-commons\4.0.6\spring-boot-data-commons-4.0.6.jar;C:\Users\GIOVANNI CHARLES\.m2\repository\org\springframework\boot\spring-boot-persistence\4.0.6\spring-boot-persistence-4.0.6.jar;C:\Users\GIOVANNI CHARLES\.m2\repository\org\springframework\data\spring-data-commons\4.0.5\spring-data-commons-4.0.5.jar;C:\Users\GIOVANNI CHARLES\.m2\repository\org\springframework\boot\spring-boot-hibernate\4.0.6\spring-boot-hibernate-4.0.6.jar;C:\Users\GIOVANNI CHARLES\.m2\repository\org\springframework\boot\spring-boot-jpa\4.0.6\spring-boot-jpa-4.0.6.jar;C:\Users\GIOVANNI CHARLES\.m2\repository\jakarta\persistence\jakarta.persistence-api\3.2.0\jakarta.persistence-api-3.2.0.jar;C:\Users\GIOVANNI CHARLES\.m2\repository\org\hibernate\orm\hibernate-core\7.2.12.Final\hibernate-core-7.2.12.Final.jar;C:\Users\GIOVANNI CHARLES\.m2\repository\jakarta\transaction\jakarta.transaction-api\2.0.1\jakarta.transaction-api-2.0.1.jar;C:\Users\GIOVANNI CHARLES\.m2\repository\org\hibernate\models\hibernate-models\1.0.1\hibernate-models-1.0.1.jar;C:\Users\GIOVANNI CHARLES\.m2\repository\org\glassfish\jaxb\jaxb-runtime\4.0.6\jaxb-runtime-4.0.6.jar;C:\Users\GIOVANNI CHARLES\.m2\repository\org\glassfish\jaxb\jaxb-core\4.0.6\jaxb-core-4.0.6.jar;C:\Users\GIOVANNI CHARLES\.m2\repository\org\eclipse\angus\angus-activation\2.0.3\angus-activation-2.0.3.jar;C:\Users\GIOVANNI CHARLES\.m2\repository\org\glassfish\jaxb\txw2\4.0.6\txw2-4.0.6.jar;C:\Users\GIOVANNI CHARLES\.m2\repository\com\sun\istack\istack-commons-runtime\4.1.2\istack-commons-runtime-4.1.2.jar;C:\Users\GIOVANNI CHARLES\.m2\repository\jakarta\inject\jakarta.inject-api\2.0.1\jakarta.inject-api-2.0.1.jar;C:\Users\GIOVANNI CHARLES\.m2\repository\org\springframework\spring-orm\7.0.7\spring-orm-7.0.7.jar;C:\Users\GIOVANNI CHARLES\.m2\repository\org\springframework\data\spring-data-jpa\4.0.5\spring-data-jpa-4.0.5.jar;C:\Users\GIOVANNI CHARLES\.m2\repository\org\springframework\spring-tx\7.0.7\spring-tx-7.0.7.jar;C:\Users\GIOVANNI CHARLES\.m2\repository\org\antlr\antlr4-runtime\4.13.2\antlr4-runtime-4.13.2.jar;C:\Users\GIOVANNI CHARLES\.m2\repository\org\springframework\spring-aspects\7.0.7\spring-aspects-7.0.7.jar;C:\Users\GIOVANNI CHARLES\.m2\repository\org\aspectj\aspectjweaver\1.9.25.1\aspectjweaver-1.9.25.1.jar;C:\Users\GIOVANNI CHARLES\.m2\repository\org\springframework\boot\spring-boot-jdbc\4.0.6\spring-boot-jdbc-4.0.6.jar;C:\Users\GIOVANNI CHARLES\.m2\repository\org\springframework\boot\spring-boot-sql\4.0.6\spring-boot-sql-4.0.6.jar;C:\Users\GIOVANNI CHARLES\.m2\repository\org\springframework\boot\spring-boot-transaction\4.0.6\spring-boot-transaction-4.0.6.jar;C:\Users\GIOVANNI CHARLES\.m2\repository\org\springframework\spring-jdbc\7.0.7\spring-jdbc-7.0.7.jar;C:\Users\GIOVANNI CHARLES\.m2\repository\org\springframework\boot\spring-boot-starter-data-redis\4.0.6\spring-boot-starter-data-redis-4.0.6.jar;C:\Users\GIOVANNI CHARLES\.m2\repository\org\springframework\boot\spring-boot-data-redis\4.0.6\spring-boot-data-redis-4.0.6.jar;C:\Users\GIOVANNI CHARLES\.m2\repository\io\lettuce\lettuce-core\6.8.2.RELEASE\lettuce-core-6.8.2.RELEASE.jar;C:\Users\GIOVANNI CHARLES\.m2\repository\redis\clients\authentication\redis-authx-core\0.1.1-beta2\redis-authx-core-0.1.1-beta2.jar;C:\Users\GIOVANNI CHARLES\.m2\repository\io\netty\netty-common\4.2.12.Final\netty-common-4.2.12.Final.jar;C:\Users\GIOVANNI CHARLES\.m2\repository\io\netty\netty-handler\4.2.12.Final\netty-handler-4.2.12.Final.jar;C:\Users\GIOVANNI CHARLES\.m2\repository\io\netty\netty-resolver\4.2.12.Final\netty-resolver-4.2.12.Final.jar;C:\Users\GIOVANNI CHARLES\.m2\repository\io\netty\netty-buffer\4.2.12.Final\netty-buffer-4.2.12.Final.jar;C:\Users\GIOVANNI CHARLES\.m2\repository\io\netty\netty-transport-native-unix-common\4.2.12.Final\netty-transport-native-unix-common-4.2.12.Final.jar;C:\Users\GIOVANNI CHARLES\.m2\repository\io\netty\netty-codec-base\4.2.12.Final\netty-codec-base-4.2.12.Final.jar;C:\Users\GIOVANNI CHARLES\.m2\repository\io\netty\netty-transport\4.2.12.Final\netty-transport-4.2.12.Final.jar;C:\Users\GIOVANNI CHARLES\.m2\repository\io\projectreactor\reactor-core\3.8.5\reactor-core-3.8.5.jar;C:\Users\GIOVANNI CHARLES\.m2\repository\org\reactivestreams\reactive-streams\1.0.4\reactive-streams-1.0.4.jar;C:\Users\GIOVANNI CHARLES\.m2\repository\io\netty\netty-resolver-dns\4.2.12.Final\netty-resolver-dns-4.2.12.Final.jar;C:\Users\GIOVANNI CHARLES\.m2\repository\io\netty\netty-codec-dns\4.2.12.Final\netty-codec-dns-4.2.12.Final.jar;C:\Users\GIOVANNI CHARLES\.m2\repository\org\springframework\data\spring-data-redis\4.0.5\spring-data-redis-4.0.5.jar;C:\Users\GIOVANNI CHARLES\.m2\repository\org\springframework\data\spring-data-keyvalue\4.0.5\spring-data-keyvalue-4.0.5.jar;C:\Users\GIOVANNI CHARLES\.m2\repository\org\springframework\spring-oxm\7.0.7\spring-oxm-7.0.7.jar;C:\Users\GIOVANNI CHARLES\.m2\repository\org\springframework\boot\spring-boot-netty\4.0.6\spring-boot-netty-4.0.6.jar;C:\Users\GIOVANNI CHARLES\.m2\repository\org\springframework\boot\spring-boot-starter-cache\4.0.6\spring-boot-starter-cache-4.0.6.jar;C:\Users\GIOVANNI CHARLES\.m2\repository\org\springframework\boot\spring-boot-cache\4.0.6\spring-boot-cache-4.0.6.jar;C:\Users\GIOVANNI CHARLES\.m2\repository\org\springframework\spring-context-support\7.0.7\spring-context-support-7.0.7.jar;C:\Users\GIOVANNI CHARLES\.m2\repository\com\zaxxer\HikariCP\7.0.2\HikariCP-7.0.2.jar;C:\Users\GIOVANNI CHARLES\.m2\repository\org\slf4j\slf4j-api\2.0.17\slf4j-api-2.0.17.jar;C:\Users\GIOVANNI CHARLES\.m2\repository\org\springframework\boot\spring-boot-starter-security\4.0.6\spring-boot-starter-security-4.0.6.jar;C:\Users\GIOVANNI CHARLES\.m2\repository\org\springframework\boot\spring-boot-security\4.0.6\spring-boot-security-4.0.6.jar;C:\Users\GIOVANNI CHARLES\.m2\repository\org\springframework\security\spring-security-config\7.0.5\spring-security-config-7.0.5.jar;C:\Users\GIOVANNI CHARLES\.m2\repository\org\springframework\security\spring-security-core\7.0.5\spring-security-core-7.0.5.jar;C:\Users\GIOVANNI CHARLES\.m2\repository\org\springframework\security\spring-security-crypto\7.0.5\spring-security-crypto-7.0.5.jar;C:\Users\GIOVANNI CHARLES\.m2\repository\org\springframework\security\spring-security-web\7.0.5\spring-security-web-7.0.5.jar;C:\Users\GIOVANNI CHARLES\.m2\repository\org\springframework\spring-expression\7.0.7\spring-expression-7.0.7.jar;C:\Users\GIOVANNI CHARLES\.m2\repository\org\springframework\spring-aop\7.0.7\spring-aop-7.0.7.jar;C:\Users\GIOVANNI CHARLES\.m2\repository\org\springframework\spring-beans\7.0.7\spring-beans-7.0.7.jar;C:\Users\GIOVANNI CHARLES\.m2\repository\org\springframework\spring-core\7.0.7\spring-core-7.0.7.jar;C:\Users\GIOVANNI CHARLES\.m2\repository\commons-logging\commons-logging\1.3.6\commons-logging-1.3.6.jar;C:\Users\GIOVANNI CHARLES\.m2\repository\org\springframework\boot\spring-boot-starter-validation\4.0.6\spring-boot-starter-validation-4.0.6.jar;C:\Users\GIOVANNI CHARLES\.m2\repository\org\springframework\boot\spring-boot-validation\4.0.6\spring-boot-validation-4.0.6.jar;C:\Users\GIOVANNI CHARLES\.m2\repository\org\apache\tomcat\embed\tomcat-embed-el\11.0.21\tomcat-embed-el-11.0.21.jar;C:\Users\GIOVANNI CHARLES\.m2\repository\org\hibernate\validator\hibernate-validator\9.0.1.Final\hibernate-validator-9.0.1.Final.jar;C:\Users\GIOVANNI CHARLES\.m2\repository\jakarta\validation\jakarta.validation-api\3.1.1\jakarta.validation-api-3.1.1.jar;C:\Users\GIOVANNI CHARLES\.m2\repository\org\jboss\logging\jboss-logging\3.6.3.Final\jboss-logging-3.6.3.Final.jar;C:\Users\GIOVANNI CHARLES\.m2\repository\com\fasterxml\classmate\1.7.3\classmate-1.7.3.jar;C:\Users\GIOVANNI CHARLES\.m2\repository\org\springframework\boot\spring-boot-starter-webmvc\4.0.6\spring-boot-starter-webmvc-4.0.6.jar;C:\Users\GIOVANNI CHARLES\.m2\repository\org\springframework\boot\spring-boot-starter-jackson\4.0.6\spring-boot-starter-jackson-4.0.6.jar;C:\Users\GIOVANNI CHARLES\.m2\repository\org\springframework\boot\spring-boot-jackson\4.0.6\spring-boot-jackson-4.0.6.jar;C:\Users\GIOVANNI CHARLES\.m2\repository\tools\jackson\core\jackson-databind\3.1.2\jackson-databind-3.1.2.jar;C:\Users\GIOVANNI CHARLES\.m2\repository\tools\jackson\core\jackson-core\3.1.2\jackson-core-3.1.2.jar;C:\Users\GIOVANNI CHARLES\.m2\repository\org\springframework\boot\spring-boot-starter-tomcat\4.0.6\spring-boot-starter-tomcat-4.0.6.jar;C:\Users\GIOVANNI CHARLES\.m2\repository\org\springframework\boot\spring-boot-starter-tomcat-runtime\4.0.6\spring-boot-starter-tomcat-runtime-4.0.6.jar;C:\Users\GIOVANNI CHARLES\.m2\repository\org\apache\tomcat\embed\tomcat-embed-core\11.0.21\tomcat-embed-core-11.0.21.jar;C:\Users\GIOVANNI CHARLES\.m2\repository\org\apache\tomcat\embed\tomcat-embed-websocket\11.0.21\tomcat-embed-websocket-11.0.21.jar;C:\Users\GIOVANNI CHARLES\.m2\repository\org\springframework\boot\spring-boot-tomcat\4.0.6\spring-boot-tomcat-4.0.6.jar;C:\Users\GIOVANNI CHARLES\.m2\repository\org\springframework\boot\spring-boot-http-converter\4.0.6\spring-boot-http-converter-4.0.6.jar;C:\Users\GIOVANNI CHARLES\.m2\repository\org\springframework\spring-web\7.0.7\spring-web-7.0.7.jar;C:\Users\GIOVANNI CHARLES\.m2\repository\io\micrometer\micrometer-observation\1.16.5\micrometer-observation-1.16.5.jar;C:\Users\GIOVANNI CHARLES\.m2\repository\io\micrometer\micrometer-commons\1.16.5\micrometer-commons-1.16.5.jar;C:\Users\GIOVANNI CHARLES\.m2\repository\org\springframework\boot\spring-boot-webmvc\4.0.6\spring-boot-webmvc-4.0.6.jar;C:\Users\GIOVANNI CHARLES\.m2\repository\org\springframework\boot\spring-boot-servlet\4.0.6\spring-boot-servlet-4.0.6.jar;C:\Users\GIOVANNI CHARLES\.m2\repository\org\springframework\spring-webmvc\7.0.7\spring-webmvc-7.0.7.jar;C:\Users\GIOVANNI CHARLES\.m2\repository\org\springdoc\springdoc-openapi-starter-webmvc-ui\3.0.2\springdoc-openapi-starter-webmvc-ui-3.0.2.jar;C:\Users\GIOVANNI CHARLES\.m2\repository\org\springdoc\springdoc-openapi-starter-webmvc-api\3.0.2\springdoc-openapi-starter-webmvc-api-3.0.2.jar;C:\Users\GIOVANNI CHARLES\.m2\repository\org\springdoc\springdoc-openapi-starter-common\3.0.2\springdoc-openapi-starter-common-3.0.2.jar;C:\Users\GIOVANNI CHARLES\.m2\repository\io\swagger\core\v3\swagger-core-jakarta\2.2.43\swagger-core-jakarta-2.2.43.jar;C:\Users\GIOVANNI CHARLES\.m2\repository\org\apache\commons\commons-lang3\3.19.0\commons-lang3-3.19.0.jar;C:\Users\GIOVANNI CHARLES\.m2\repository\io\swagger\core\v3\swagger-annotations-jakarta\2.2.43\swagger-annotations-jakarta-2.2.43.jar;C:\Users\GIOVANNI CHARLES\.m2\repository\io\swagger\core\v3\swagger-models-jakarta\2.2.43\swagger-models-jakarta-2.2.43.jar;C:\Users\GIOVANNI CHARLES\.m2\repository\com\fasterxml\jackson\dataformat\jackson-dataformat-yaml\2.21.2\jackson-dataformat-yaml-2.21.2.jar;C:\Users\GIOVANNI CHARLES\.m2\repository\com\fasterxml\jackson\datatype\jackson-datatype-jsr310\2.21.2\jackson-datatype-jsr310-2.21.2.jar;C:\Users\GIOVANNI CHARLES\.m2\repository\org\springframework\boot\spring-boot-web-server\4.0.6\spring-boot-web-server-4.0.6.jar;C:\Users\GIOVANNI CHARLES\.m2\repository\org\webjars\swagger-ui\5.32.0\swagger-ui-5.32.0.jar;C:\Users\GIOVANNI CHARLES\.m2\repository\org\webjars\webjars-locator-lite\1.1.3\webjars-locator-lite-1.1.3.jar;C:\Users\GIOVANNI CHARLES\.m2\repository\org\jspecify\jspecify\1.0.0\jspecify-1.0.0.jar;C:\Users\GIOVANNI CHARLES\.m2\repository\io\jsonwebtoken\jjwt-api\0.11.5\jjwt-api-0.11.5.jar;C:\Users\GIOVANNI CHARLES\.m2\repository\io\jsonwebtoken\jjwt-impl\0.11.5\jjwt-impl-0.11.5.jar;C:\Users\GIOVANNI CHARLES\.m2\repository\io\jsonwebtoken\jjwt-jackson\0.11.5\jjwt-jackson-0.11.5.jar;C:\Users\GIOVANNI CHARLES\.m2\repository\com\fasterxml\jackson\core\jackson-databind\2.21.2\jackson-databind-2.21.2.jar;C:\Users\GIOVANNI CHARLES\.m2\repository\com\fasterxml\jackson\core\jackson-annotations\2.21\jackson-annotations-2.21.jar;C:\Users\GIOVANNI CHARLES\.m2\repository\com\fasterxml\jackson\core\jackson-core\2.21.2\jackson-core-2.21.2.jar;C:\Users\GIOVANNI CHARLES\.m2\repository\org\springframework\boot\spring-boot-devtools\4.0.6\spring-boot-devtools-4.0.6.jar;C:\Users\GIOVANNI CHARLES\.m2\repository\org\springframework\boot\spring-boot\4.0.6\spring-boot-4.0.6.jar;C:\Users\GIOVANNI CHARLES\.m2\repository\org\springframework\spring-context\7.0.7\spring-context-7.0.7.jar;C:\Users\GIOVANNI CHARLES\.m2\repository\org\springframework\boot\spring-boot-autoconfigure\4.0.6\spring-boot-autoconfigure-4.0.6.jar;C:\Users\GIOVANNI CHARLES\.m2\repository\org\postgresql\postgresql\42.7.10\postgresql-42.7.10.jar;C:\Users\GIOVANNI CHARLES\.m2\repository\org\checkerframework\checker-qual\3.52.0\checker-qual-3.52.0.jar;C:\Users\GIOVANNI CHARLES\.m2\repository\org\projectlombok\lombok\1.18.46\lombok-1.18.46.jar;C:\Users\GIOVANNI CHARLES\.m2\repository\jakarta\xml\bind\jakarta.xml.bind-api\4.0.4\jakarta.xml.bind-api-4.0.4.jar;C:\Users\GIOVANNI CHARLES\.m2\repository\jakarta\activation\jakarta.activation-api\2.1.4\jakarta.activation-api-2.1.4.jar;C:\Users\GIOVANNI CHARLES\.m2\repository\net\bytebuddy\byte-buddy\1.17.8\byte-buddy-1.17.8.jar
Launcher Type: SUN_STANDARD

[Global flags]
     intx CICompilerCount                          = 12                                        {product} {ergonomic}
     uint ConcGCThreads                            = 3                                         {product} {ergonomic}
     uint G1ConcRefinementThreads                  = 13                                        {product} {ergonomic}
   size_t G1HeapRegionSize                         = 2097152                                   {product} {ergonomic}
   size_t InitialHeapSize                          = 232783872                                 {product} {ergonomic}
   size_t MarkStackSize                            = 4194304                                   {product} {ergonomic}
   size_t MarkStackSizeMax                         = 536870912                                 {product} {ergonomic}
   size_t MaxHeapSize                              = 3718250496                                {product} {ergonomic}
   size_t MaxNewSize                               = 2229272576                                {product} {ergonomic}
   size_t MinHeapDeltaBytes                        = 2097152                                   {product} {ergonomic}
   size_t MinHeapSize                              = 8388608                                   {product} {ergonomic}
    uintx NonNMethodCodeHeapSize                   = 7602176                                {pd product} {ergonomic}
    uintx NonProfiledCodeHeapSize                  = 122093568                              {pd product} {ergonomic}
    uintx ProfiledCodeHeapSize                     = 121962496                              {pd product} {ergonomic}
    uintx ReservedCodeCacheSize                    = 251658240                              {pd product} {ergonomic}
     bool SegmentedCodeCache                       = true                                      {product} {ergonomic}
   size_t SoftMaxHeapSize                          = 3718250496                             {manageable} {ergonomic}
     bool UseCompressedOops                        = true                           {product lp64_product} {ergonomic}
     bool UseG1GC                                  = true                                      {product} {ergonomic}
     bool UseLargePagesIndividualAllocation        = false                                  {pd product} {ergonomic}

Logging:
Log output configuration:
 #0: stdout all=warning uptime,level,tags foldmultilines=false
 #1: stderr all=off uptime,level,tags foldmultilines=false

Release file:
IMPLEMENTOR="Oracle Corporation" 
JAVA_RUNTIME_VERSION="25.0.1+8-27" 
JAVA_VERSION="25.0.1" 
JAVA_VERSION_DATE="2025-10-21" 
LIBC="default" 
MODULES="java.base java.compiler java.datatransfer java.xml java.prefs java.desktop java.instrument java.logging java.management java.security.sasl java.naming java.rmi java.management.rmi java.net.http java.scripting java.security.jgss java.transaction.xa java.sql java.sql.rowset java.xml.crypto java.se java.smartcardio jdk.accessibility jdk.internal.jvmstat jdk.attach jdk.charsets jdk.internal.opt jdk.zipfs jdk.compiler jdk.crypto.cryptoki jdk.crypto.ec jdk.crypto.mscapi jdk.dynalink jdk.internal.ed jdk.editpad jdk.internal.vm.ci jdk.graal.compiler jdk.graal.compiler.management jdk.hotspot.agent jdk.httpserver jdk.incubator.vector jdk.internal.le jdk.internal.md jdk.jartool jdk.javadoc jdk.jcmd jdk.management jdk.management.agent jdk.jconsole jdk.jdeps jdk.jdwp.agent jdk.jdi jdk.jfr jdk.jlink jdk.jpackage jdk.jshell jdk.jsobject jdk.jstatd jdk.localedata jdk.management.jfr jdk.naming.dns jdk.naming.rmi jdk.net jdk.nio.mapmode jdk.sctp jdk.security.auth jdk.security.jgss jdk.unsupported jdk.unsupported.desktop jdk.xml.dom" 
OS_ARCH="x86_64" 
OS_NAME="Windows" 
SOURCE=".:git:78770bfaefd2" 

Environment Variables:
JAVA_HOME=C:\Program Files\Java\jdk-17
PATH=C:\ProgramData\Oracle\Java\javapath;C:\Program Files\Eclipse Adoptium\jdk-21.0.9.10-hotspot\bin;D:\oracle\dbhomeFree\bin;C:\Program Files\Common Files\Oracle\Java\javapath;C:\Program Files (x86)\Common Files\Intel\Shared Libraries\redist\intel64\compiler;C:\Windows\system32;C:\Windows;C:\Windows\System32\Wbem;C:\Windows\System32\WindowsPowerShell\v1.0\;C:\Windows\System32\OpenSSH\;C:\Program Files\dotnet\;C:\Program Files\nodejs\;C:\composer;C:\Program Files\PuTTY\;C:\xampp\php;C:\Program Files\Docker\Docker\resources\bin;C:\Program Files\Git\cmd;C:\Program Files\Microsoft VS Code\bin;C:\Program Files\Microsoft SQL Server\150\Tools\Binn\;C:\Program Files\Microsoft SQL Server\Client SDK\ODBC\170\Tools\Binn\;D:\FLUTTER\install_flutter\flutter\bin;C:\Users\GIOVANNI CHARLES\AppData\Local\Programs\Python\Python312\Scripts\;C:\Users\GIOVANNI CHARLES\AppData\Local\Programs\Python\Python312\;C:\Users\GIOVANNI CHARLES\AppData\Local\Microsoft\WindowsApps;C:\Program Files\JetBrains\PyCharm 2024.1\bin;C:\Users\GIOVANNI CHARLES\AppData\Local\Microsoft\WinGet\Packages\Schniz.fnm_Microsoft.Winget.Source_8wekyb3d8bbwe;C:\xampp\mysql\bin;C:\Users\GIOVANNI CHARLES\AppData\Local\GitHubDesktop\bin;C:\Users\GIOVANNI CHARLES\AppData\Roaming\npm;C:\Users\GIOVANNI CHARLES\AppData\Roaming\Composer\vendor\bin;C:\Users\GIOVANNI CHARLES\.fly\bin;C:\Users\GIOVANNI CHARLES\AppData\Local\Google\Cloud SDK\google-cloud-sdk\bin;C:\Program Files\JetBrains\IntelliJ IDEA 2025.1.3\bin;;C:\Program Files\JetBrains\IntelliJ IDEA Community Edition 2025.1.3\bin;;C:\Program Files\JetBrains\PyCharm 2025.1.1.1\bin;;C:\Program Files (x86)\Brackets\;C:\Program Files\JetBrains\WebStorm 2025.1.3\bin;;C:\Users\GIOVANNI CHARLES\AppData\Local\Programs\Kiro\bin;C:\Program Files\JetBrains\PhpStorm 2025.2\bin;C:\Program Files\Java\jdk-17\bin;C:\Spark\spark-3.5.3-bin-hadoop3\bin;C:\Users\GIOVANNI CHARLES\.dotnet\tools;C:\Users\GIOVANNI CHARLES\AppData\Local\Programs\Microsoft VS Code\bin;D:\SAINT JEAN\ME\FLUTTER\install_flutter\flutter\bin;C:\Users\GIOVANNI CHARLES\AppData\Local\Programs\cursor\resources\app\bin;C:\Users\GIOVANNI CHARLES\AppData\Local\Programs\Windsurf\bin
USERNAME=GIOVANNI CHARLES
OS=Windows_NT
PROCESSOR_IDENTIFIER=AMD64 Family 23 Model 104 Stepping 1, AuthenticAMD
TMP=C:\Users\GIOVAN~1\AppData\Local\Temp
TEMP=C:\Users\GIOVAN~1\AppData\Local\Temp




Compilation memory statistics disabled.

Periodic native trim disabled

---------------  S Y S T E M  ---------------

OS:
 Windows 10 , 64 bit Build 19041 (10.0.19041.5915)
OS uptime: 1 days 19:44 hours
Hyper-V role detected

CPU: total 16 (initial active 16) (16 cores per cpu, 2 threads per core) family 23 model 104 stepping 1 microcode 0x0, cx8, cmov, fxsr, ht, mmx, 3dnowpref, sse, sse2, sse3, ssse3, sse4a, sse4.1, sse4.2, popcnt, lzcnt, tsc, tscinvbit, avx, avx2, aes, clmul, bmi1, bmi2, adx, sha, fma, vzeroupper, clflush, clflushopt, clwb, hv, rdtscp, rdpid, f16c
Processor Information for the first 16 processors :
  Max Mhz: 1801, Current Mhz: 1801, Mhz Limit: 1801

Memory: 4k page, system-wide physical 14181M (42M free)
TotalPageFile size 54947M (AvailPageFile size 33M)
current process WorkingSet (physical memory assigned to process): 135M, peak: 352M
current process commit charge ("private bytes"): 432M, peak: 443M

vm_info: OpenJDK 64-Bit Server VM (25.0.1+8-27) for windows-amd64 JRE (25.0.1+8-27), built on 2025-09-25T16:41:16Z with unknown MS VC++:1943

END.
