#
# There is insufficient memory for the Java Runtime Environment to continue.
# Native memory allocation (malloc) failed to allocate 32744 bytes for ChunkPool::allocate
# Possible reasons:
#   The system is out of physical RAM or swap space
#   The process is running with CompressedOops enabled, and the Java Heap may be blocking the growth of the native heap
# Possible solutions:
#   Reduce memory load on the system
#   Increase physical memory or swap space
#   Check if swap backing store is full
#   Decrease Java heap size (-Xmx/-Xms)
#   Decrease number of Java threads
#   Decrease Java thread stack sizes (-Xss)
#   Set larger code cache with -XX:ReservedCodeCacheSize=
#   JVM is running with Zero Based Compressed Oops mode in which the Java heap is
#     placed in the first 32GB address space. The Java Heap base address is the
#     maximum limit for the native heap growth. Please use -XX:HeapBaseMinAddress
#     to set the Java Heap base and to place the Java Heap above 32GB virtual address.
# This output file may be truncated or incomplete.
#
#  Out of Memory Error (arena.cpp:78), pid=9280, tid=13228
#
# JRE version: Java(TM) SE Runtime Environment (17.0.12+8) (build 17.0.12+8-LTS-286)
# Java VM: Java HotSpot(TM) 64-Bit Server VM (17.0.12+8-LTS-286, mixed mode, sharing, tiered, compressed oops, compressed class ptrs, g1 gc, windows-amd64)
# No core dump will be written. Minidumps are not enabled by default on client versions of Windows
#

---------------  S U M M A R Y ------------

Command Line: --enable-native-access=ALL-UNNAMED -Dclassworlds.conf=C:\Users\GIOVANNI CHARLES\.m2\wrapper\dists\apache-maven-3.9.15\0226a00282e400185496f3b60ec5a3f029cbdc6893912937d4876d57695224e1\bin\m2.conf -Dmaven.home=C:\Users\GIOVANNI CHARLES\.m2\wrapper\dists\apache-maven-3.9.15\0226a00282e400185496f3b60ec5a3f029cbdc6893912937d4876d57695224e1 -Dlibrary.jansi.path=C:\Users\GIOVANNI CHARLES\.m2\wrapper\dists\apache-maven-3.9.15\0226a00282e400185496f3b60ec5a3f029cbdc6893912937d4876d57695224e1\lib\jansi-native -Dmaven.multiModuleProjectDirectory=D:\SAINT JEAN\ME\LICENCE 3 ISJ 2025-2026\STAGE DE FIN DE CYCLE\Developpement\local\tanty_erp\Api_tanty org.codehaus.plexus.classworlds.launcher.Launcher clean compile

Host: AMD Ryzen 7 5700U with Radeon Graphics         , 16 cores, 13G,  Windows 10 , 64 bit Build 19041 (10.0.19041.5915)
Time: Mon Jun 22 22:50:36 2026 W. Central Africa Standard Time elapsed time: 0.733293 seconds (0d 0h 0m 0s)

---------------  T H R E A D  ---------------

Current thread (0x00000150d222d400):  JavaThread "C2 CompilerThread0" daemon [_thread_in_native, id=13228, stack(0x0000000c51700000,0x0000000c51800000)]


Current CompileTask:
C2:    740  493       4       jdk.internal.jimage.ImageStringsReader::unmaskedHashCode (166 bytes)

Stack: [0x0000000c51700000,0x0000000c51800000]
Native frames: (J=compiled Java code, j=interpreted, Vv=VM code, C=native code)
V  [jvm.dll+0x67a04a]
V  [jvm.dll+0x7da4ed]
V  [jvm.dll+0x7dbe33]
V  [jvm.dll+0x7dc4a3]
V  [jvm.dll+0x24508f]
V  [jvm.dll+0xab9a4]
V  [jvm.dll+0xabd3c]
V  [jvm.dll+0x657b40]
V  [jvm.dll+0x33dd40]
V  [jvm.dll+0x346662]
V  [jvm.dll+0x68790e]
V  [jvm.dll+0x1a5bac]
V  [jvm.dll+0x2a975c]
V  [jvm.dll+0x6923b6]
V  [jvm.dll+0x68a3d5]
V  [jvm.dll+0x689a20]
V  [jvm.dll+0x687932]
V  [jvm.dll+0x1a5bac]
V  [jvm.dll+0x1a6708]
V  [jvm.dll+0x2a975c]
V  [jvm.dll+0x6923b6]
V  [jvm.dll+0x68a3d5]
V  [jvm.dll+0x689a20]
V  [jvm.dll+0x687932]
V  [jvm.dll+0x1a5bac]
V  [jvm.dll+0x215818]
V  [jvm.dll+0x1a2960]
V  [jvm.dll+0x22610b]
V  [jvm.dll+0x2242ab]
V  [jvm.dll+0x79075c]
V  [jvm.dll+0x78abea]
V  [jvm.dll+0x678f35]
C  [ucrtbase.dll+0x21bb2]
C  [KERNEL32.DLL+0x17374]
C  [ntdll.dll+0x4cc91]


---------------  P R O C E S S  ---------------

Threads class SMR info:
_java_thread_list=0x00000150d27d00a0, length=12, elements={
0x00000150adbed260, 0x00000150d220c940, 0x00000150d220d6d0, 0x00000150d2228d70,
0x00000150d2229640, 0x00000150d2229f10, 0x00000150d222a7e0, 0x00000150d222d400,
0x00000150d222fdd0, 0x00000150d223b840, 0x00000150d2488050, 0x00000150d24939a0
}

Java Threads: ( => current thread )
  0x00000150adbed260 JavaThread "main" [_thread_in_vm, id=8484, stack(0x0000000c50a00000,0x0000000c50b00000)]
  0x00000150d220c940 JavaThread "Reference Handler" daemon [_thread_blocked, id=15964, stack(0x0000000c51100000,0x0000000c51200000)]
  0x00000150d220d6d0 JavaThread "Finalizer" daemon [_thread_blocked, id=36096, stack(0x0000000c51200000,0x0000000c51300000)]
  0x00000150d2228d70 JavaThread "Signal Dispatcher" daemon [_thread_blocked, id=33300, stack(0x0000000c51300000,0x0000000c51400000)]
  0x00000150d2229640 JavaThread "Attach Listener" daemon [_thread_blocked, id=22824, stack(0x0000000c51400000,0x0000000c51500000)]
  0x00000150d2229f10 JavaThread "Service Thread" daemon [_thread_blocked, id=28548, stack(0x0000000c51500000,0x0000000c51600000)]
  0x00000150d222a7e0 JavaThread "Monitor Deflation Thread" daemon [_thread_blocked, id=12936, stack(0x0000000c51600000,0x0000000c51700000)]
=>0x00000150d222d400 JavaThread "C2 CompilerThread0" daemon [_thread_in_native, id=13228, stack(0x0000000c51700000,0x0000000c51800000)]
  0x00000150d222fdd0 JavaThread "C1 CompilerThread0" daemon [_thread_in_native, id=13984, stack(0x0000000c51800000,0x0000000c51900000)]
  0x00000150d223b840 JavaThread "Sweeper thread" daemon [_thread_blocked, id=31768, stack(0x0000000c51900000,0x0000000c51a00000)]
  0x00000150d2488050 JavaThread "Notification Thread" daemon [_thread_blocked, id=6132, stack(0x0000000c51a00000,0x0000000c51b00000)]
  0x00000150d24939a0 JavaThread "Common-Cleaner" daemon [_thread_blocked, id=21444, stack(0x0000000c51c00000,0x0000000c51d00000)]

Other Threads:
  0x00000150d2207a20 VMThread "VM Thread" [stack: 0x0000000c51000000,0x0000000c51100000] [id=38008]
  0x00000150d248e080 WatcherThread [stack: 0x0000000c51b00000,0x0000000c51c00000] [id=2496]
  0x00000150afdbf430 GCTaskThread "GC Thread#0" [stack: 0x0000000c50b00000,0x0000000c50c00000] [id=22268]
  0x00000150afdcf030 ConcurrentGCThread "G1 Main Marker" [stack: 0x0000000c50c00000,0x0000000c50d00000] [id=1292]
  0x00000150afdcf950 ConcurrentGCThread "G1 Conc#0" [stack: 0x0000000c50d00000,0x0000000c50e00000] [id=30492]
  0x00000150d20be120 ConcurrentGCThread "G1 Refine#0" [stack: 0x0000000c50e00000,0x0000000c50f00000] [id=26612]
  0x00000150d20c1180 ConcurrentGCThread "G1 Service" [stack: 0x0000000c50f00000,0x0000000c51000000] [id=13784]

Threads with active compile tasks:
C2 CompilerThread0      784  493       4       jdk.internal.jimage.ImageStringsReader::unmaskedHashCode (166 bytes)
C1 CompilerThread0      784  485       3       java.net.URLStreamHandler::parseURL (1201 bytes)

VM state: not at safepoint (normal execution)

VM Mutex/Monitor currently owned by a thread: None

Heap address: 0x0000000722600000, size: 3546 MB, Compressed Oops mode: Zero based, Oop shift amount: 3

CDS archive(s) mapped at: [0x00000150d3000000-0x00000150d3bd0000-0x00000150d3bd0000), size 12386304, SharedBaseAddress: 0x00000150d3000000, ArchiveRelocationMode: 1.
Compressed class space mapped at: 0x00000150d4000000-0x0000015114000000, reserved size: 1073741824
Narrow klass base: 0x00000150d3000000, Narrow klass shift: 0, Narrow klass range: 0x100000000

GC Precious Log:
 CPUs: 16 total, 16 available
 Memory: 14181M
 Large Page Support: Disabled
 NUMA Support: Disabled
 Compressed Oops: Enabled (Zero based)
 Heap Region Size: 2M
 Heap Min Capacity: 8M
 Heap Initial Capacity: 222M
 Heap Max Capacity: 3546M
 Pre-touch: Disabled
 Parallel Workers: 13
 Concurrent Workers: 3
 Concurrent Refinement Workers: 13
 Periodic GC: Disabled

Heap:
 garbage-first heap   total 227328K, used 8192K [0x0000000722600000, 0x0000000800000000)
  region size 2048K, 5 young (10240K), 0 survivors (0K)
 Metaspace       used 1800K, committed 1984K, reserved 1114112K
  class space    used 166K, committed 256K, reserved 1048576K

Heap Regions: E=young(eden), S=young(survivor), O=old, HS=humongous(starts), HC=humongous(continues), CS=collection set, F=free, OA=open archive, CA=closed archive, TAMS=top-at-mark-start (previous, next)
|   0|0x0000000722600000, 0x0000000722600000, 0x0000000722800000|  0%| F|  |TAMS 0x0000000722600000, 0x0000000722600000| Untracked 
|   1|0x0000000722800000, 0x0000000722800000, 0x0000000722a00000|  0%| F|  |TAMS 0x0000000722800000, 0x0000000722800000| Untracked 
|   2|0x0000000722a00000, 0x0000000722a00000, 0x0000000722c00000|  0%| F|  |TAMS 0x0000000722a00000, 0x0000000722a00000| Untracked 
|   3|0x0000000722c00000, 0x0000000722c00000, 0x0000000722e00000|  0%| F|  |TAMS 0x0000000722c00000, 0x0000000722c00000| Untracked 
|   4|0x0000000722e00000, 0x0000000722e00000, 0x0000000723000000|  0%| F|  |TAMS 0x0000000722e00000, 0x0000000722e00000| Untracked 
|   5|0x0000000723000000, 0x0000000723000000, 0x0000000723200000|  0%| F|  |TAMS 0x0000000723000000, 0x0000000723000000| Untracked 
|   6|0x0000000723200000, 0x0000000723200000, 0x0000000723400000|  0%| F|  |TAMS 0x0000000723200000, 0x0000000723200000| Untracked 
|   7|0x0000000723400000, 0x0000000723400000, 0x0000000723600000|  0%| F|  |TAMS 0x0000000723400000, 0x0000000723400000| Untracked 
|   8|0x0000000723600000, 0x0000000723600000, 0x0000000723800000|  0%| F|  |TAMS 0x0000000723600000, 0x0000000723600000| Untracked 
|   9|0x0000000723800000, 0x0000000723800000, 0x0000000723a00000|  0%| F|  |TAMS 0x0000000723800000, 0x0000000723800000| Untracked 
|  10|0x0000000723a00000, 0x0000000723a00000, 0x0000000723c00000|  0%| F|  |TAMS 0x0000000723a00000, 0x0000000723a00000| Untracked 
|  11|0x0000000723c00000, 0x0000000723c00000, 0x0000000723e00000|  0%| F|  |TAMS 0x0000000723c00000, 0x0000000723c00000| Untracked 
|  12|0x0000000723e00000, 0x0000000723e00000, 0x0000000724000000|  0%| F|  |TAMS 0x0000000723e00000, 0x0000000723e00000| Untracked 
|  13|0x0000000724000000, 0x0000000724000000, 0x0000000724200000|  0%| F|  |TAMS 0x0000000724000000, 0x0000000724000000| Untracked 
|  14|0x0000000724200000, 0x0000000724200000, 0x0000000724400000|  0%| F|  |TAMS 0x0000000724200000, 0x0000000724200000| Untracked 
|  15|0x0000000724400000, 0x0000000724400000, 0x0000000724600000|  0%| F|  |TAMS 0x0000000724400000, 0x0000000724400000| Untracked 
|  16|0x0000000724600000, 0x0000000724600000, 0x0000000724800000|  0%| F|  |TAMS 0x0000000724600000, 0x0000000724600000| Untracked 
|  17|0x0000000724800000, 0x0000000724800000, 0x0000000724a00000|  0%| F|  |TAMS 0x0000000724800000, 0x0000000724800000| Untracked 
|  18|0x0000000724a00000, 0x0000000724a00000, 0x0000000724c00000|  0%| F|  |TAMS 0x0000000724a00000, 0x0000000724a00000| Untracked 
|  19|0x0000000724c00000, 0x0000000724c00000, 0x0000000724e00000|  0%| F|  |TAMS 0x0000000724c00000, 0x0000000724c00000| Untracked 
|  20|0x0000000724e00000, 0x0000000724e00000, 0x0000000725000000|  0%| F|  |TAMS 0x0000000724e00000, 0x0000000724e00000| Untracked 
|  21|0x0000000725000000, 0x0000000725000000, 0x0000000725200000|  0%| F|  |TAMS 0x0000000725000000, 0x0000000725000000| Untracked 
|  22|0x0000000725200000, 0x0000000725200000, 0x0000000725400000|  0%| F|  |TAMS 0x0000000725200000, 0x0000000725200000| Untracked 
|  23|0x0000000725400000, 0x0000000725400000, 0x0000000725600000|  0%| F|  |TAMS 0x0000000725400000, 0x0000000725400000| Untracked 
|  24|0x0000000725600000, 0x0000000725600000, 0x0000000725800000|  0%| F|  |TAMS 0x0000000725600000, 0x0000000725600000| Untracked 
|  25|0x0000000725800000, 0x0000000725800000, 0x0000000725a00000|  0%| F|  |TAMS 0x0000000725800000, 0x0000000725800000| Untracked 
|  26|0x0000000725a00000, 0x0000000725a00000, 0x0000000725c00000|  0%| F|  |TAMS 0x0000000725a00000, 0x0000000725a00000| Untracked 
|  27|0x0000000725c00000, 0x0000000725c00000, 0x0000000725e00000|  0%| F|  |TAMS 0x0000000725c00000, 0x0000000725c00000| Untracked 
|  28|0x0000000725e00000, 0x0000000725e00000, 0x0000000726000000|  0%| F|  |TAMS 0x0000000725e00000, 0x0000000725e00000| Untracked 
|  29|0x0000000726000000, 0x0000000726000000, 0x0000000726200000|  0%| F|  |TAMS 0x0000000726000000, 0x0000000726000000| Untracked 
|  30|0x0000000726200000, 0x0000000726200000, 0x0000000726400000|  0%| F|  |TAMS 0x0000000726200000, 0x0000000726200000| Untracked 
|  31|0x0000000726400000, 0x0000000726400000, 0x0000000726600000|  0%| F|  |TAMS 0x0000000726400000, 0x0000000726400000| Untracked 
|  32|0x0000000726600000, 0x0000000726600000, 0x0000000726800000|  0%| F|  |TAMS 0x0000000726600000, 0x0000000726600000| Untracked 
|  33|0x0000000726800000, 0x0000000726800000, 0x0000000726a00000|  0%| F|  |TAMS 0x0000000726800000, 0x0000000726800000| Untracked 
|  34|0x0000000726a00000, 0x0000000726a00000, 0x0000000726c00000|  0%| F|  |TAMS 0x0000000726a00000, 0x0000000726a00000| Untracked 
|  35|0x0000000726c00000, 0x0000000726c00000, 0x0000000726e00000|  0%| F|  |TAMS 0x0000000726c00000, 0x0000000726c00000| Untracked 
|  36|0x0000000726e00000, 0x0000000726e00000, 0x0000000727000000|  0%| F|  |TAMS 0x0000000726e00000, 0x0000000726e00000| Untracked 
|  37|0x0000000727000000, 0x0000000727000000, 0x0000000727200000|  0%| F|  |TAMS 0x0000000727000000, 0x0000000727000000| Untracked 
|  38|0x0000000727200000, 0x0000000727200000, 0x0000000727400000|  0%| F|  |TAMS 0x0000000727200000, 0x0000000727200000| Untracked 
|  39|0x0000000727400000, 0x0000000727400000, 0x0000000727600000|  0%| F|  |TAMS 0x0000000727400000, 0x0000000727400000| Untracked 
|  40|0x0000000727600000, 0x0000000727600000, 0x0000000727800000|  0%| F|  |TAMS 0x0000000727600000, 0x0000000727600000| Untracked 
|  41|0x0000000727800000, 0x0000000727800000, 0x0000000727a00000|  0%| F|  |TAMS 0x0000000727800000, 0x0000000727800000| Untracked 
|  42|0x0000000727a00000, 0x0000000727a00000, 0x0000000727c00000|  0%| F|  |TAMS 0x0000000727a00000, 0x0000000727a00000| Untracked 
|  43|0x0000000727c00000, 0x0000000727c00000, 0x0000000727e00000|  0%| F|  |TAMS 0x0000000727c00000, 0x0000000727c00000| Untracked 
|  44|0x0000000727e00000, 0x0000000727e00000, 0x0000000728000000|  0%| F|  |TAMS 0x0000000727e00000, 0x0000000727e00000| Untracked 
|  45|0x0000000728000000, 0x0000000728000000, 0x0000000728200000|  0%| F|  |TAMS 0x0000000728000000, 0x0000000728000000| Untracked 
|  46|0x0000000728200000, 0x0000000728200000, 0x0000000728400000|  0%| F|  |TAMS 0x0000000728200000, 0x0000000728200000| Untracked 
|  47|0x0000000728400000, 0x0000000728400000, 0x0000000728600000|  0%| F|  |TAMS 0x0000000728400000, 0x0000000728400000| Untracked 
|  48|0x0000000728600000, 0x0000000728600000, 0x0000000728800000|  0%| F|  |TAMS 0x0000000728600000, 0x0000000728600000| Untracked 
|  49|0x0000000728800000, 0x0000000728800000, 0x0000000728a00000|  0%| F|  |TAMS 0x0000000728800000, 0x0000000728800000| Untracked 
|  50|0x0000000728a00000, 0x0000000728a00000, 0x0000000728c00000|  0%| F|  |TAMS 0x0000000728a00000, 0x0000000728a00000| Untracked 
|  51|0x0000000728c00000, 0x0000000728c00000, 0x0000000728e00000|  0%| F|  |TAMS 0x0000000728c00000, 0x0000000728c00000| Untracked 
|  52|0x0000000728e00000, 0x0000000728e00000, 0x0000000729000000|  0%| F|  |TAMS 0x0000000728e00000, 0x0000000728e00000| Untracked 
|  53|0x0000000729000000, 0x0000000729000000, 0x0000000729200000|  0%| F|  |TAMS 0x0000000729000000, 0x0000000729000000| Untracked 
|  54|0x0000000729200000, 0x0000000729200000, 0x0000000729400000|  0%| F|  |TAMS 0x0000000729200000, 0x0000000729200000| Untracked 
|  55|0x0000000729400000, 0x0000000729400000, 0x0000000729600000|  0%| F|  |TAMS 0x0000000729400000, 0x0000000729400000| Untracked 
|  56|0x0000000729600000, 0x0000000729600000, 0x0000000729800000|  0%| F|  |TAMS 0x0000000729600000, 0x0000000729600000| Untracked 
|  57|0x0000000729800000, 0x0000000729800000, 0x0000000729a00000|  0%| F|  |TAMS 0x0000000729800000, 0x0000000729800000| Untracked 
|  58|0x0000000729a00000, 0x0000000729a00000, 0x0000000729c00000|  0%| F|  |TAMS 0x0000000729a00000, 0x0000000729a00000| Untracked 
|  59|0x0000000729c00000, 0x0000000729c00000, 0x0000000729e00000|  0%| F|  |TAMS 0x0000000729c00000, 0x0000000729c00000| Untracked 
|  60|0x0000000729e00000, 0x0000000729e00000, 0x000000072a000000|  0%| F|  |TAMS 0x0000000729e00000, 0x0000000729e00000| Untracked 
|  61|0x000000072a000000, 0x000000072a000000, 0x000000072a200000|  0%| F|  |TAMS 0x000000072a000000, 0x000000072a000000| Untracked 
|  62|0x000000072a200000, 0x000000072a200000, 0x000000072a400000|  0%| F|  |TAMS 0x000000072a200000, 0x000000072a200000| Untracked 
|  63|0x000000072a400000, 0x000000072a400000, 0x000000072a600000|  0%| F|  |TAMS 0x000000072a400000, 0x000000072a400000| Untracked 
|  64|0x000000072a600000, 0x000000072a600000, 0x000000072a800000|  0%| F|  |TAMS 0x000000072a600000, 0x000000072a600000| Untracked 
|  65|0x000000072a800000, 0x000000072a800000, 0x000000072aa00000|  0%| F|  |TAMS 0x000000072a800000, 0x000000072a800000| Untracked 
|  66|0x000000072aa00000, 0x000000072aa00000, 0x000000072ac00000|  0%| F|  |TAMS 0x000000072aa00000, 0x000000072aa00000| Untracked 
|  67|0x000000072ac00000, 0x000000072ac00000, 0x000000072ae00000|  0%| F|  |TAMS 0x000000072ac00000, 0x000000072ac00000| Untracked 
|  68|0x000000072ae00000, 0x000000072ae00000, 0x000000072b000000|  0%| F|  |TAMS 0x000000072ae00000, 0x000000072ae00000| Untracked 
|  69|0x000000072b000000, 0x000000072b000000, 0x000000072b200000|  0%| F|  |TAMS 0x000000072b000000, 0x000000072b000000| Untracked 
|  70|0x000000072b200000, 0x000000072b200000, 0x000000072b400000|  0%| F|  |TAMS 0x000000072b200000, 0x000000072b200000| Untracked 
|  71|0x000000072b400000, 0x000000072b400000, 0x000000072b600000|  0%| F|  |TAMS 0x000000072b400000, 0x000000072b400000| Untracked 
|  72|0x000000072b600000, 0x000000072b600000, 0x000000072b800000|  0%| F|  |TAMS 0x000000072b600000, 0x000000072b600000| Untracked 
|  73|0x000000072b800000, 0x000000072b800000, 0x000000072ba00000|  0%| F|  |TAMS 0x000000072b800000, 0x000000072b800000| Untracked 
|  74|0x000000072ba00000, 0x000000072ba00000, 0x000000072bc00000|  0%| F|  |TAMS 0x000000072ba00000, 0x000000072ba00000| Untracked 
|  75|0x000000072bc00000, 0x000000072bc00000, 0x000000072be00000|  0%| F|  |TAMS 0x000000072bc00000, 0x000000072bc00000| Untracked 
|  76|0x000000072be00000, 0x000000072be00000, 0x000000072c000000|  0%| F|  |TAMS 0x000000072be00000, 0x000000072be00000| Untracked 
|  77|0x000000072c000000, 0x000000072c000000, 0x000000072c200000|  0%| F|  |TAMS 0x000000072c000000, 0x000000072c000000| Untracked 
|  78|0x000000072c200000, 0x000000072c200000, 0x000000072c400000|  0%| F|  |TAMS 0x000000072c200000, 0x000000072c200000| Untracked 
|  79|0x000000072c400000, 0x000000072c400000, 0x000000072c600000|  0%| F|  |TAMS 0x000000072c400000, 0x000000072c400000| Untracked 
|  80|0x000000072c600000, 0x000000072c600000, 0x000000072c800000|  0%| F|  |TAMS 0x000000072c600000, 0x000000072c600000| Untracked 
|  81|0x000000072c800000, 0x000000072c800000, 0x000000072ca00000|  0%| F|  |TAMS 0x000000072c800000, 0x000000072c800000| Untracked 
|  82|0x000000072ca00000, 0x000000072ca00000, 0x000000072cc00000|  0%| F|  |TAMS 0x000000072ca00000, 0x000000072ca00000| Untracked 
|  83|0x000000072cc00000, 0x000000072cc00000, 0x000000072ce00000|  0%| F|  |TAMS 0x000000072cc00000, 0x000000072cc00000| Untracked 
|  84|0x000000072ce00000, 0x000000072ce00000, 0x000000072d000000|  0%| F|  |TAMS 0x000000072ce00000, 0x000000072ce00000| Untracked 
|  85|0x000000072d000000, 0x000000072d000000, 0x000000072d200000|  0%| F|  |TAMS 0x000000072d000000, 0x000000072d000000| Untracked 
|  86|0x000000072d200000, 0x000000072d200000, 0x000000072d400000|  0%| F|  |TAMS 0x000000072d200000, 0x000000072d200000| Untracked 
|  87|0x000000072d400000, 0x000000072d400000, 0x000000072d600000|  0%| F|  |TAMS 0x000000072d400000, 0x000000072d400000| Untracked 
|  88|0x000000072d600000, 0x000000072d600000, 0x000000072d800000|  0%| F|  |TAMS 0x000000072d600000, 0x000000072d600000| Untracked 
|  89|0x000000072d800000, 0x000000072d800000, 0x000000072da00000|  0%| F|  |TAMS 0x000000072d800000, 0x000000072d800000| Untracked 
|  90|0x000000072da00000, 0x000000072da00000, 0x000000072dc00000|  0%| F|  |TAMS 0x000000072da00000, 0x000000072da00000| Untracked 
|  91|0x000000072dc00000, 0x000000072dc00000, 0x000000072de00000|  0%| F|  |TAMS 0x000000072dc00000, 0x000000072dc00000| Untracked 
|  92|0x000000072de00000, 0x000000072de00000, 0x000000072e000000|  0%| F|  |TAMS 0x000000072de00000, 0x000000072de00000| Untracked 
|  93|0x000000072e000000, 0x000000072e000000, 0x000000072e200000|  0%| F|  |TAMS 0x000000072e000000, 0x000000072e000000| Untracked 
|  94|0x000000072e200000, 0x000000072e200000, 0x000000072e400000|  0%| F|  |TAMS 0x000000072e200000, 0x000000072e200000| Untracked 
|  95|0x000000072e400000, 0x000000072e400000, 0x000000072e600000|  0%| F|  |TAMS 0x000000072e400000, 0x000000072e400000| Untracked 
|  96|0x000000072e600000, 0x000000072e600000, 0x000000072e800000|  0%| F|  |TAMS 0x000000072e600000, 0x000000072e600000| Untracked 
|  97|0x000000072e800000, 0x000000072e800000, 0x000000072ea00000|  0%| F|  |TAMS 0x000000072e800000, 0x000000072e800000| Untracked 
|  98|0x000000072ea00000, 0x000000072ea00000, 0x000000072ec00000|  0%| F|  |TAMS 0x000000072ea00000, 0x000000072ea00000| Untracked 
|  99|0x000000072ec00000, 0x000000072ec00000, 0x000000072ee00000|  0%| F|  |TAMS 0x000000072ec00000, 0x000000072ec00000| Untracked 
| 100|0x000000072ee00000, 0x000000072ee00000, 0x000000072f000000|  0%| F|  |TAMS 0x000000072ee00000, 0x000000072ee00000| Untracked 
| 101|0x000000072f000000, 0x000000072f000000, 0x000000072f200000|  0%| F|  |TAMS 0x000000072f000000, 0x000000072f000000| Untracked 
| 102|0x000000072f200000, 0x000000072f200000, 0x000000072f400000|  0%| F|  |TAMS 0x000000072f200000, 0x000000072f200000| Untracked 
| 103|0x000000072f400000, 0x000000072f400000, 0x000000072f600000|  0%| F|  |TAMS 0x000000072f400000, 0x000000072f400000| Untracked 
| 104|0x000000072f600000, 0x000000072f600000, 0x000000072f800000|  0%| F|  |TAMS 0x000000072f600000, 0x000000072f600000| Untracked 
| 105|0x000000072f800000, 0x000000072f800000, 0x000000072fa00000|  0%| F|  |TAMS 0x000000072f800000, 0x000000072f800000| Untracked 
| 106|0x000000072fa00000, 0x000000072fa71270, 0x000000072fc00000| 22%| E|  |TAMS 0x000000072fa00000, 0x000000072fa00000| Complete 
| 107|0x000000072fc00000, 0x000000072fe00000, 0x000000072fe00000|100%| E|CS|TAMS 0x000000072fc00000, 0x000000072fc00000| Complete 
| 108|0x000000072fe00000, 0x0000000730000000, 0x0000000730000000|100%| E|CS|TAMS 0x000000072fe00000, 0x000000072fe00000| Complete 
| 109|0x0000000730000000, 0x0000000730200000, 0x0000000730200000|100%| E|CS|TAMS 0x0000000730000000, 0x0000000730000000| Complete 
| 110|0x0000000730200000, 0x0000000730400000, 0x0000000730400000|100%| E|CS|TAMS 0x0000000730200000, 0x0000000730200000| Complete 

Card table byte_map: [0x00000150c75b0000,0x00000150c7ca0000] _byte_map_base: 0x00000150c3c9d000

Marking Bits (Prev, Next): (CMBitMap*) 0x00000150afdc0970, (CMBitMap*) 0x00000150afdc09b0
 Prev Bits: [0x00000150c8390000, 0x00000150cbaf8000)
 Next Bits: [0x00000150cbb00000, 0x00000150cf268000)

Polling page: 0x00000150add00000

Metaspace:

Usage:
  Non-class:      1.60 MB used.
      Class:    166.52 KB used.
       Both:      1.76 MB used.

Virtual space:
  Non-class space:       64.00 MB reserved,       1.69 MB (  3%) committed,  1 nodes.
      Class space:        1.00 GB reserved,     256.00 KB ( <1%) committed,  1 nodes.
             Both:        1.06 GB reserved,       1.94 MB ( <1%) committed. 

Chunk freelists:
   Non-Class:  11.34 MB
       Class:  15.66 MB
        Both:  27.00 MB

MaxMetaspaceSize: unlimited
CompressedClassSpaceSize: 1.00 GB
Initial GC threshold: 21.00 MB
Current GC threshold: 21.00 MB
CDS: on
MetaspaceReclaimPolicy: balanced
 - commit_granule_bytes: 65536.
 - commit_granule_words: 8192.
 - virtual_space_node_default_size: 8388608.
 - enlarge_chunks_in_place: 1.
 - new_chunks_are_fully_committed: 0.
 - uncommit_free_chunks: 1.
 - use_allocation_guard: 0.
 - handle_deallocations: 1.


Internal statistics:

num_allocs_failed_limit: 0.
num_arena_births: 22.
num_arena_deaths: 0.
num_vsnodes_births: 2.
num_vsnodes_deaths: 0.
num_space_committed: 31.
num_space_uncommitted: 0.
num_chunks_returned_to_freelist: 0.
num_chunks_taken_from_freelist: 66.
num_chunk_merges: 0.
num_chunk_splits: 38.
num_chunks_enlarged: 30.
num_inconsistent_stats: 0.

CodeHeap 'non-profiled nmethods': size=119168Kb used=146Kb max_used=146Kb free=119021Kb
 bounds [0x00000150bf1c0000, 0x00000150bf430000, 0x00000150c6620000]
CodeHeap 'profiled nmethods': size=119104Kb used=782Kb max_used=782Kb free=118321Kb
 bounds [0x00000150b7620000, 0x00000150b7890000, 0x00000150bea70000]
CodeHeap 'non-nmethods': size=7488Kb used=1110Kb max_used=1125Kb free=6377Kb
 bounds [0x00000150bea70000, 0x00000150bece0000, 0x00000150bf1c0000]
 total_blobs=873 nmethods=485 adapters=301
 compilation: enabled
              stopped_count=0, restarted_count=0
 full_count=0

Compilation events (20 events):
Event: 0.647 Thread 0x00000150d222fdd0  477       3       jdk.internal.jimage.ImageStringsReader::hashCode (33 bytes)
Event: 0.647 Thread 0x00000150d222fdd0 nmethod 477 0x00000150b76db490 code [0x00000150b76db640, 0x00000150b76db7b8]
Event: 0.647 Thread 0x00000150d222fdd0  478       3       java.util.concurrent.ConcurrentHashMap$ValueIterator::next (34 bytes)
Event: 0.647 Thread 0x00000150d222fdd0 nmethod 478 0x00000150b76db890 code [0x00000150b76dba40, 0x00000150b76dbcb8]
Event: 0.649 Thread 0x00000150d222fdd0  479       3       java.util.Optional::empty (6 bytes)
Event: 0.649 Thread 0x00000150d222fdd0 nmethod 479 0x00000150b76dbe10 code [0x00000150b76dbfa0, 0x00000150b76dc098]
Event: 0.671 Thread 0x00000150d222fdd0  480       3       java.util.Properties::loadConvert (540 bytes)
Event: 0.672 Thread 0x00000150d222fdd0 nmethod 480 0x00000150b76dc110 code [0x00000150b76dc400, 0x00000150b76dd838]
Event: 0.672 Thread 0x00000150d222fdd0  481 %     3       java.util.Properties$LineReader::readLine @ 224 (584 bytes)
Event: 0.677 Thread 0x00000150d222fdd0 nmethod 481% 0x00000150b76dde90 code [0x00000150b76de280, 0x00000150b76e1278]
Event: 0.677 Thread 0x00000150d222fdd0  482       3       jdk.internal.loader.ClassLoaders$AppClassLoader::loadClass (40 bytes)
Event: 0.678 Thread 0x00000150d222fdd0 nmethod 482 0x00000150b76e2110 code [0x00000150b76e2360, 0x00000150b76e2c98]
Event: 0.678 Thread 0x00000150d222fdd0  483       3       jdk.internal.loader.BuiltinClassLoader::loadClass (22 bytes)
Event: 0.678 Thread 0x00000150d222fdd0 nmethod 483 0x00000150b76e3010 code [0x00000150b76e31c0, 0x00000150b76e3478]
Event: 0.678 Thread 0x00000150d222fdd0  484       3       sun.net.www.protocol.file.Handler::parseURL (18 bytes)
Event: 0.679 Thread 0x00000150d222fdd0 nmethod 484 0x00000150b76e3590 code [0x00000150b76e3740, 0x00000150b76e38f8]
Event: 0.679 Thread 0x00000150d222fdd0  485       3       java.net.URLStreamHandler::parseURL (1201 bytes)
Event: 0.686 Thread 0x00000150d222d400  492       4       java.util.Objects::requireNonNull (14 bytes)
Event: 0.686 Thread 0x00000150d222d400 nmethod 492 0x00000150bf1e4590 code [0x00000150bf1e4700, 0x00000150bf1e4778]
Event: 0.690 Thread 0x00000150d222d400  493       4       jdk.internal.jimage.ImageStringsReader::unmaskedHashCode (166 bytes)

GC Heap History (0 events):
No events

Deoptimization events (8 events):
Event: 0.562 Thread 0x00000150adbed260 DEOPT PACKING pc=0x00000150b765f924 sp=0x0000000c50afd0d0
Event: 0.562 Thread 0x00000150adbed260 DEOPT UNPACKING pc=0x00000150beac2b43 sp=0x0000000c50afc590 mode 0
Event: 0.592 Thread 0x00000150adbed260 DEOPT PACKING pc=0x00000150b7680365 sp=0x0000000c50af97b0
Event: 0.592 Thread 0x00000150adbed260 DEOPT UNPACKING pc=0x00000150beac2b43 sp=0x0000000c50af8c00 mode 0
Event: 0.611 Thread 0x00000150d273f7f0 Uncommon trap: trap_request=0xffffff45 fr.pc=0x00000150bf1e1b9c relative=0x000000000000027c
Event: 0.611 Thread 0x00000150d273f7f0 Uncommon trap: reason=unstable_if action=reinterpret pc=0x00000150bf1e1b9c method=java.lang.String.startsWith(Ljava/lang/String;I)Z @ 50 c2
Event: 0.611 Thread 0x00000150d273f7f0 DEOPT PACKING pc=0x00000150bf1e1b9c sp=0x0000000c51dfef00
Event: 0.611 Thread 0x00000150d273f7f0 DEOPT UNPACKING pc=0x00000150beac23a3 sp=0x0000000c51dfee60 mode 2

Classes unloaded (0 events):
No events

Classes redefined (0 events):
No events

Internal exceptions (15 events):
Event: 0.279 Thread 0x00000150adbed260 Exception <a 'java/lang/NoSuchMethodError'{0x00000007300154b8}: 'int java.lang.invoke.DirectMethodHandle$Holder.invokeSpecial(java.lang.Object, java.lang.Object, java.lang.Object)'> (0x00000007300154b8) 
thrown [s\open\src\hotspot\share\interpreter\linkResolver.cpp, line 759]
Event: 0.466 Thread 0x00000150adbed260 Exception <a 'java/lang/NoSuchMethodError'{0x000000072fecb218}: 'java.lang.Object java.lang.invoke.DirectMethodHandle$Holder.invokeStaticInit(java.lang.Object)'> (0x000000072fecb218) 
thrown [s\open\src\hotspot\share\interpreter\linkResolver.cpp, line 759]
Event: 0.481 Thread 0x00000150adbed260 Exception <a 'java/lang/NullPointerException'{0x000000072ff03700}> (0x000000072ff03700) 
thrown [s\open\src\hotspot\share\interpreter\linkResolver.cpp, line 1350]
Event: 0.502 Thread 0x00000150adbed260 Exception <a 'java/lang/NullPointerException'{0x000000072ff265b0}> (0x000000072ff265b0) 
thrown [s\open\src\hotspot\share\interpreter\linkResolver.cpp, line 1350]
Event: 0.502 Thread 0x00000150adbed260 Exception <a 'java/lang/NullPointerException'{0x000000072ff26888}> (0x000000072ff26888) 
thrown [s\open\src\hotspot\share\interpreter\linkResolver.cpp, line 1350]
Event: 0.502 Thread 0x00000150adbed260 Exception <a 'java/lang/NullPointerException'{0x000000072ff26b60}> (0x000000072ff26b60) 
thrown [s\open\src\hotspot\share\interpreter\linkResolver.cpp, line 1350]
Event: 0.506 Thread 0x00000150adbed260 Exception <a 'java/lang/NullPointerException'{0x000000072ff2e380}> (0x000000072ff2e380) 
thrown [s\open\src\hotspot\share\interpreter\linkResolver.cpp, line 1350]
Event: 0.511 Thread 0x00000150adbed260 Exception <a 'java/lang/NullPointerException'{0x000000072ff45c80}> (0x000000072ff45c80) 
thrown [s\open\src\hotspot\share\interpreter\linkResolver.cpp, line 1350]
Event: 0.511 Thread 0x00000150adbed260 Exception <a 'java/lang/NullPointerException'{0x000000072ff45f58}> (0x000000072ff45f58) 
thrown [s\open\src\hotspot\share\interpreter\linkResolver.cpp, line 1350]
Event: 0.511 Thread 0x00000150adbed260 Exception <a 'java/lang/NullPointerException'{0x000000072ff46230}> (0x000000072ff46230) 
thrown [s\open\src\hotspot\share\interpreter\linkResolver.cpp, line 1350]
Event: 0.511 Thread 0x00000150adbed260 Exception <a 'java/lang/NullPointerException'{0x000000072ff46508}> (0x000000072ff46508) 
thrown [s\open\src\hotspot\share\interpreter\linkResolver.cpp, line 1350]
Event: 0.544 Thread 0x00000150adbed260 Exception <a 'java/lang/NoSuchMethodError'{0x000000072fcacdb8}: 'void java.lang.invoke.DirectMethodHandle$Holder.invokeVirtual(java.lang.Object, java.lang.Object)'> (0x000000072fcacdb8) 
thrown [s\open\src\hotspot\share\interpreter\linkResolver.cpp, line 759]
Event: 0.551 Thread 0x00000150adbed260 Exception <a 'java/lang/NoSuchMethodError'{0x000000072fccad60}: 'void java.lang.invoke.DirectMethodHandle$Holder.invokeStatic(java.lang.Object, java.lang.Object)'> (0x000000072fccad60) 
thrown [s\open\src\hotspot\share\interpreter\linkResolver.cpp, line 759]
Event: 0.552 Thread 0x00000150adbed260 Exception <a 'java/lang/NoSuchMethodError'{0x000000072fcce360}: 'void java.lang.invoke.DirectMethodHandle$Holder.invokeStaticInit(java.lang.Object, java.lang.Object)'> (0x000000072fcce360) 
thrown [s\open\src\hotspot\share\interpreter\linkResolver.cpp, line 759]
Event: 0.581 Thread 0x00000150adbed260 Exception <a 'java/lang/NoSuchMethodError'{0x000000072fd90500}: 'void java.lang.invoke.DirectMethodHandle$Holder.invokeStatic(java.lang.Object, java.lang.Object, java.lang.Object)'> (0x000000072fd90500) 
thrown [s\open\src\hotspot\share\interpreter\linkResolver.cpp, line 759]

VM Operations (6 events):
Event: 0.124 Executing VM operation: HandshakeAllThreads
Event: 0.124 Executing VM operation: HandshakeAllThreads done
Event: 0.479 Executing VM operation: HandshakeAllThreads
Event: 0.479 Executing VM operation: HandshakeAllThreads done
Event: 0.496 Executing VM operation: HandshakeAllThreads
Event: 0.496 Executing VM operation: HandshakeAllThreads done

Events (20 events):
Event: 0.602 loading class java/util/concurrent/LinkedBlockingQueue$Node done
Event: 0.607 loading class java/net/URLClassLoader$3
Event: 0.607 loading class java/net/URLClassLoader$3 done
Event: 0.607 loading class java/net/URLClassLoader$3$1
Event: 0.607 loading class java/net/URLClassLoader$3$1 done
Event: 0.614 Thread 0x00000150d273f7f0 Thread exited: 0x00000150d273f7f0
Event: 0.628 loading class java/util/LinkedHashMap$LinkedKeySet
Event: 0.630 loading class java/util/LinkedHashMap$LinkedKeySet done
Event: 0.630 loading class java/util/LinkedHashMap$LinkedKeyIterator
Event: 0.630 loading class java/util/LinkedHashMap$LinkedKeyIterator done
Event: 0.651 loading class jdk/internal/loader/URLClassPath$FileLoader$1
Event: 0.651 loading class jdk/internal/loader/URLClassPath$FileLoader$1 done
Event: 0.653 loading class sun/net/ProgressMonitor
Event: 0.658 loading class sun/net/ProgressMonitor done
Event: 0.658 loading class sun/net/DefaultProgressMeteringPolicy
Event: 0.664 loading class sun/net/ProgressMeteringPolicy
Event: 0.664 loading class sun/net/ProgressMeteringPolicy done
Event: 0.664 loading class sun/net/DefaultProgressMeteringPolicy done
Event: 0.676 loading class java/lang/InstantiationException
Event: 0.676 loading class java/lang/InstantiationException done


Dynamic libraries:
0x00007ff6428b0000 - 0x00007ff6428c0000 	C:\Program Files\Java\jdk-17\bin\java.exe
0x00007ff86e810000 - 0x00007ff86ea08000 	C:\Windows\SYSTEM32\ntdll.dll
0x00007ff86cfc0000 - 0x00007ff86d082000 	C:\Windows\System32\KERNEL32.DLL
0x00007ff86c190000 - 0x00007ff86c487000 	C:\Windows\System32\KERNELBASE.dll
0x00007ff86c090000 - 0x00007ff86c190000 	C:\Windows\System32\ucrtbase.dll
0x00007ff81a860000 - 0x00007ff81a87b000 	C:\Program Files\Java\jdk-17\bin\VCRUNTIME140.dll
0x00007ff81b2e0000 - 0x00007ff81b2f9000 	C:\Program Files\Java\jdk-17\bin\jli.dll
0x00007ff86d4a0000 - 0x00007ff86d551000 	C:\Windows\System32\ADVAPI32.dll
0x00007ff86e210000 - 0x00007ff86e2ae000 	C:\Windows\System32\msvcrt.dll
0x00007ff86e720000 - 0x00007ff86e7bf000 	C:\Windows\System32\sechost.dll
0x00007ff86d560000 - 0x00007ff86d686000 	C:\Windows\System32\RPCRT4.dll
0x00007ff86c490000 - 0x00007ff86c4b7000 	C:\Windows\System32\bcrypt.dll
0x00007ff86c830000 - 0x00007ff86c9cd000 	C:\Windows\System32\USER32.dll
0x00007ff858760000 - 0x00007ff8589fa000 	C:\Windows\WinSxS\amd64_microsoft.windows.common-controls_6595b64144ccf1df_6.0.19041.5915_none_60b4b9d171f9c7c7\COMCTL32.dll
0x00007ff86bf20000 - 0x00007ff86bf42000 	C:\Windows\System32\win32u.dll
0x00007ff86cc30000 - 0x00007ff86cc5b000 	C:\Windows\System32\GDI32.dll
0x00007ff86c4c0000 - 0x00007ff86c5d9000 	C:\Windows\System32\gdi32full.dll
0x00007ff86c790000 - 0x00007ff86c82d000 	C:\Windows\System32\msvcp_win.dll
0x00007ff861c10000 - 0x00007ff861c1a000 	C:\Windows\SYSTEM32\VERSION.dll
0x00007ff86dfe0000 - 0x00007ff86e00f000 	C:\Windows\System32\IMM32.DLL
0x00007ff81ed20000 - 0x00007ff81ed2c000 	C:\Program Files\Java\jdk-17\bin\vcruntime140_1.dll
0x00007ff81a780000 - 0x00007ff81a80e000 	C:\Program Files\Java\jdk-17\bin\msvcp140.dll
0x00007fffae590000 - 0x00007fffaf170000 	C:\Program Files\Java\jdk-17\bin\server\jvm.dll
0x00007ff86cdf0000 - 0x00007ff86cdf8000 	C:\Windows\System32\PSAPI.DLL
0x00007ff861be0000 - 0x00007ff861c07000 	C:\Windows\SYSTEM32\WINMM.dll
0x00007ff85c9e0000 - 0x00007ff85c9e9000 	C:\Windows\SYSTEM32\WSOCK32.dll
0x00007ff86d6f0000 - 0x00007ff86d75b000 	C:\Windows\System32\WS2_32.dll
0x00007ff869ce0000 - 0x00007ff869cf2000 	C:\Windows\SYSTEM32\kernel.appcore.dll
0x00007ff81e8e0000 - 0x00007ff81e8ea000 	C:\Program Files\Java\jdk-17\bin\jimage.dll
0x00007ff859680000 - 0x00007ff859881000 	C:\Windows\SYSTEM32\DBGHELP.DLL
0x00007ff84aca0000 - 0x00007ff84acd4000 	C:\Windows\SYSTEM32\dbgcore.DLL
0x00007ff86bf50000 - 0x00007ff86bfd2000 	C:\Windows\System32\bcryptPrimitives.dll
0x00007ff81a380000 - 0x00007ff81a3a5000 	C:\Program Files\Java\jdk-17\bin\java.dll
0x00007ff81a2a0000 - 0x00007ff81a377000 	C:\Program Files\Java\jdk-17\bin\jsvml.dll
0x00007ff86d7c0000 - 0x00007ff86df2e000 	C:\Windows\System32\SHELL32.dll
0x00007ff869ee0000 - 0x00007ff86a684000 	C:\Windows\SYSTEM32\windows.storage.dll
0x00007ff86d090000 - 0x00007ff86d3e3000 	C:\Windows\System32\combase.dll
0x00007ff86b720000 - 0x00007ff86b74b000 	C:\Windows\SYSTEM32\Wldp.dll
0x00007ff86e140000 - 0x00007ff86e20d000 	C:\Windows\System32\OLEAUT32.dll
0x00007ff86cce0000 - 0x00007ff86cd8d000 	C:\Windows\System32\SHCORE.dll
0x00007ff86d690000 - 0x00007ff86d6eb000 	C:\Windows\System32\shlwapi.dll
0x00007ff86bdd0000 - 0x00007ff86bdf4000 	C:\Windows\SYSTEM32\profapi.dll
0x00007ff81a840000 - 0x00007ff81a859000 	C:\Program Files\Java\jdk-17\bin\net.dll
0x00007ff8637a0000 - 0x00007ff8638aa000 	C:\Windows\SYSTEM32\WINHTTP.dll
0x00007ff86b500000 - 0x00007ff86b56a000 	C:\Windows\system32\mswsock.dll
0x00007ff81a280000 - 0x00007ff81a296000 	C:\Program Files\Java\jdk-17\bin\nio.dll
0x00007ff81a260000 - 0x00007ff81a278000 	C:\Program Files\Java\jdk-17\bin\zip.dll
0x00007ff81a130000 - 0x00007ff81a154000 	C:\Users\GIOVANNI CHARLES\.m2\wrapper\dists\apache-maven-3.9.15\0226a00282e400185496f3b60ec5a3f029cbdc6893912937d4876d57695224e1\lib\jansi-native\Windows\x86_64\jansi.dll
0x00007ff81e780000 - 0x00007ff81e790000 	C:\Program Files\Java\jdk-17\bin\verify.dll

dbghelp: loaded successfully - version: 4.0.5 - missing functions: none
symbol engine: initialized successfully - sym options: 0x614 - pdb path: .;C:\Program Files\Java\jdk-17\bin;C:\Windows\SYSTEM32;C:\Windows\WinSxS\amd64_microsoft.windows.common-controls_6595b64144ccf1df_6.0.19041.5915_none_60b4b9d171f9c7c7;C:\Program Files\Java\jdk-17\bin\server;C:\Users\GIOVANNI CHARLES\.m2\wrapper\dists\apache-maven-3.9.15\0226a00282e400185496f3b60ec5a3f029cbdc6893912937d4876d57695224e1\lib\jansi-native\Windows\x86_64

VM Arguments:
jvm_args: --enable-native-access=ALL-UNNAMED -Dclassworlds.conf=C:\Users\GIOVANNI CHARLES\.m2\wrapper\dists\apache-maven-3.9.15\0226a00282e400185496f3b60ec5a3f029cbdc6893912937d4876d57695224e1\bin\m2.conf -Dmaven.home=C:\Users\GIOVANNI CHARLES\.m2\wrapper\dists\apache-maven-3.9.15\0226a00282e400185496f3b60ec5a3f029cbdc6893912937d4876d57695224e1 -Dlibrary.jansi.path=C:\Users\GIOVANNI CHARLES\.m2\wrapper\dists\apache-maven-3.9.15\0226a00282e400185496f3b60ec5a3f029cbdc6893912937d4876d57695224e1\lib\jansi-native -Dmaven.multiModuleProjectDirectory=D:\SAINT JEAN\ME\LICENCE 3 ISJ 2025-2026\STAGE DE FIN DE CYCLE\Developpement\local\tanty_erp\Api_tanty 
java_command: org.codehaus.plexus.classworlds.launcher.Launcher clean compile
java_class_path (initial): C:\Users\GIOVANNI CHARLES\.m2\wrapper\dists\apache-maven-3.9.15\0226a00282e400185496f3b60ec5a3f029cbdc6893912937d4876d57695224e1\boot\plexus-classworlds-2.9.0.jar
Launcher Type: SUN_STANDARD

[Global flags]
     intx CICompilerCount                          = 12                                        {product} {ergonomic}
     uint ConcGCThreads                            = 3                                         {product} {ergonomic}
     uint G1ConcRefinementThreads                  = 13                                        {product} {ergonomic}
   size_t G1HeapRegionSize                         = 2097152                                   {product} {ergonomic}
    uintx GCDrainStackTargetSize                   = 64                                        {product} {ergonomic}
   size_t InitialHeapSize                          = 232783872                                 {product} {ergonomic}
   size_t MarkStackSize                            = 4194304                                   {product} {ergonomic}
   size_t MaxHeapSize                              = 3718250496                                {product} {ergonomic}
   size_t MaxNewSize                               = 2229272576                                {product} {ergonomic}
   size_t MinHeapDeltaBytes                        = 2097152                                   {product} {ergonomic}
   size_t MinHeapSize                              = 8388608                                   {product} {ergonomic}
    uintx NonNMethodCodeHeapSize                   = 7602480                                {pd product} {ergonomic}
    uintx NonProfiledCodeHeapSize                  = 122027880                              {pd product} {ergonomic}
    uintx ProfiledCodeHeapSize                     = 122027880                              {pd product} {ergonomic}
    uintx ReservedCodeCacheSize                    = 251658240                              {pd product} {ergonomic}
     bool SegmentedCodeCache                       = true                                      {product} {ergonomic}
   size_t SoftMaxHeapSize                          = 3718250496                             {manageable} {ergonomic}
     bool UseCompressedClassPointers               = true                           {product lp64_product} {ergonomic}
     bool UseCompressedOops                        = true                           {product lp64_product} {ergonomic}
     bool UseG1GC                                  = true                                      {product} {ergonomic}
     bool UseLargePagesIndividualAllocation        = false                                  {pd product} {ergonomic}

Logging:
Log output configuration:
 #0: stdout all=warning uptime,level,tags
 #1: stderr all=off uptime,level,tags

Environment Variables:
JAVA_HOME=C:\Program Files\Java\jdk-17
PATH=C:\ProgramData\Oracle\Java\javapath;C:\Program Files\Eclipse Adoptium\jdk-21.0.9.10-hotspot\bin;D:\oracle\dbhomeFree\bin;C:\Program Files\Common Files\Oracle\Java\javapath;C:\Program Files (x86)\Common Files\Intel\Shared Libraries\redist\intel64\compiler;C:\Windows\system32;C:\Windows;C:\Windows\System32\Wbem;C:\Windows\System32\WindowsPowerShell\v1.0\;C:\Windows\System32\OpenSSH\;C:\Program Files\dotnet\;C:\Program Files\nodejs\;C:\composer;C:\Program Files\PuTTY\;C:\xampp\php;C:\Program Files\Docker\Docker\resources\bin;C:\Program Files\Git\cmd;C:\Program Files\Microsoft VS Code\bin;C:\Program Files\Microsoft SQL Server\150\Tools\Binn\;C:\Program Files\Microsoft SQL Server\Client SDK\ODBC\170\Tools\Binn\;D:\FLUTTER\install_flutter\flutter\bin;C:\Users\GIOVANNI CHARLES\AppData\Local\Programs\Python\Python312\Scripts\;C:\Users\GIOVANNI CHARLES\AppData\Local\Programs\Python\Python312\;C:\Users\GIOVANNI CHARLES\AppData\Local\Microsoft\WindowsApps;C:\Program Files\JetBrains\PyCharm 2024.1\bin;C:\Users\GIOVANNI CHARLES\AppData\Local\Microsoft\WinGet\Packages\Schniz.fnm_Microsoft.Winget.Source_8wekyb3d8bbwe;C:\xampp\mysql\bin;C:\Users\GIOVANNI CHARLES\AppData\Local\GitHubDesktop\bin;C:\Users\GIOVANNI CHARLES\AppData\Roaming\npm;C:\Users\GIOVANNI CHARLES\AppData\Roaming\Composer\vendor\bin;C:\Users\GIOVANNI CHARLES\.fly\bin;C:\Users\GIOVANNI CHARLES\AppData\Local\Google\Cloud SDK\google-cloud-sdk\bin;C:\Program Files\JetBrains\IntelliJ IDEA 2025.1.3\bin;;C:\Program Files\JetBrains\IntelliJ IDEA Community Edition 2025.1.3\bin;;C:\Program Files\JetBrains\PyCharm 2025.1.1.1\bin;;C:\Program Files (x86)\Brackets\;C:\Program Files\JetBrains\WebStorm 2025.1.3\bin;;C:\Users\GIOVANNI CHARLES\AppData\Local\Programs\Kiro\bin;C:\Program Files\JetBrains\PhpStorm 2025.2\bin;C:\Program Files\Java\jdk-17\bin;C:\Spark\spark-3.5.3-bin-hadoop3\bin;C:\Users\GIOVANNI CHARLES\.dotnet\tools;C:\Users\GIOVANNI CHARLES\AppData\Local\Programs\Microsoft VS Code\bin;D:\SAINT JEAN\ME\FLUTTER\install
USERNAME=GIOVANNI CHARLES
OS=Windows_NT
PROCESSOR_IDENTIFIER=AMD64 Family 23 Model 104 Stepping 1, AuthenticAMD



---------------  S Y S T E M  ---------------

OS:
 Windows 10 , 64 bit Build 19041 (10.0.19041.5915)
OS uptime: 2 days 3:37 hours
Hyper-V role detected

CPU: total 16 (initial active 16) (16 cores per cpu, 2 threads per core) family 23 model 104 stepping 1 microcode 0x0, cx8, cmov, fxsr, ht, mmx, 3dnowpref, sse, sse2, sse3, ssse3, sse4a, sse4.1, sse4.2, popcnt, lzcnt, tsc, tscinvbit, avx, avx2, aes, clmul, bmi1, bmi2, adx, sha, fma, vzeroupper, clflush, clflushopt, hv

Memory: 4k page, system-wide physical 14181M (285M free)
TotalPageFile size 56501M (AvailPageFile size 245M)
current process WorkingSet (physical memory assigned to process): 48M, peak: 48M
current process commit charge ("private bytes"): 324M, peak: 324M

vm_info: Java HotSpot(TM) 64-Bit Server VM (17.0.12+8-LTS-286) for windows-amd64 JRE (17.0.12+8-LTS-286), built on Jun  5 2024 06:46:59 by "mach5one" with MS VC++ 17.6 (VS2022)

END.
