#
# There is insufficient memory for the Java Runtime Environment to continue.
# Native memory allocation (malloc) failed to allocate 1373656 bytes. Error detail: Chunk::new
# Possible reasons:
#   The system is out of physical RAM or swap space
#   This process is running with CompressedOops enabled, and the Java Heap may be blocking the growth of the native heap
# Possible solutions:
#   Reduce memory load on the system
#   Increase physical memory or swap space
#   Check if swap backing store is full
#   Decrease Java heap size (-Xmx/-Xms)
#   Decrease number of Java threads
#   Decrease Java thread stack sizes (-Xss)
#   Set larger code cache with -XX:ReservedCodeCacheSize=
#   JVM is running with Zero Based Compressed Oops mode in which the Java heap is
#     placed in the first 32GB address space. The Java Heap base address is the
#     maximum limit for the native heap growth. Please use -XX:HeapBaseMinAddress
#     to set the Java Heap base and to place the Java Heap above 32GB virtual address.
# This output file may be truncated or incomplete.
#
#  Out of Memory Error (arena.cpp:186), pid=30492, tid=15076
#
# JRE version: OpenJDK Runtime Environment (25.0.1+8) (build 25.0.1+8-27)
# Java VM: OpenJDK 64-Bit Server VM (25.0.1+8-27, mixed mode, sharing, tiered, compressed oops, compressed class ptrs, g1 gc, windows-amd64)
# No core dump will be written. Minidumps are not enabled by default on client versions of Windows
#

---------------  S U M M A R Y ------------

Command Line: -Dsocket.server.port=33833 -javaagent:C:\Program Files\JetBrains\IntelliJ IDEA Community Edition 2025.1.3\lib\idea_rt.jar=52478 -Dfile.encoding=UTF-8 -Dsun.stdout.encoding=UTF-8 -Dsun.stderr.encoding=UTF-8 com.NTFOODS.Api_tanty.ApiTantyApplication

Host: AMD Ryzen 7 5700U with Radeon Graphics         , 16 cores, 13G,  Windows 10 , 64 bit Build 19041 (10.0.19041.5915)
Time: Sun Jun 14 20:28:26 2026 W. Central Africa Standard Time elapsed time: 42.898474 seconds (0d 0h 0m 42s)

---------------  T H R E A D  ---------------

Current thread (0x000001e57ff58970):  JavaThread "C2 CompilerThread0" daemon [_thread_in_native, id=15076, stack(0x000000bd20c00000,0x000000bd20d00000) (1024K)]


Current CompileTask:
C2:42898 8407       4       java.lang.String$CaseInsensitiveComparator::compare (68 bytes)

Stack: [0x000000bd20c00000,0x000000bd20d00000]
Native frames: (J=compiled Java code, j=interpreted, Vv=VM code, C=native code)
V  [jvm.dll+0x7a6b59]  (no source info available)
V  [jvm.dll+0x77290d]  (no source info available)
V  [jvm.dll+0x966153]  (no source info available)
V  [jvm.dll+0x968751]  (no source info available)
V  [jvm.dll+0x968e53]  (no source info available)
V  [jvm.dll+0x2fc756]  (no source info available)
V  [jvm.dll+0x111b26]  (no source info available)
V  [jvm.dll+0x111e4e]  (no source info available)
V  [jvm.dll+0x1a0a22]  (no source info available)
V  [jvm.dll+0x3b53c2]  (no source info available)
V  [jvm.dll+0x7ac4ef]  (no source info available)
V  [jvm.dll+0x2c0ac7]  (no source info available)
V  [jvm.dll+0x2bfa8f]  (no source info available)
V  [jvm.dll+0x237b60]  (no source info available)
V  [jvm.dll+0x2cfb56]  (no source info available)
V  [jvm.dll+0x2cddd5]  (no source info available)
V  [jvm.dll+0x48e6d1]  (no source info available)
V  [jvm.dll+0x906a0d]  (no source info available)
V  [jvm.dll+0x7a5135]  (no source info available)
C  [ucrtbase.dll+0x21bb2]  (no source info available)
C  [KERNEL32.DLL+0x17374]  (no source info available)
C  [ntdll.dll+0x4cc91]  (no source info available)

Lock stack of current Java thread (top to bottom):


---------------  P R O C E S S  ---------------

Threads class SMR info:
_java_thread_list=0x000001e5221592f0, length=32, elements={
0x000001e57ff43dc0, 0x000001e57ff45590, 0x000001e57ff498e0, 0x000001e57ff4b730,
0x000001e57ff4ca90, 0x000001e57ff4fe00, 0x000001e57ff58970, 0x000001e57ff7d9c0,
0x000001e51b653360, 0x000001e5203a2040, 0x000001e5203a4d30, 0x000001e521a7a350,
0x000001e521a74590, 0x000001e521a76ca0, 0x000001e521a735f0, 0x000001e51b52dfd0,
0x000001e5238a7b20, 0x000001e5238ac940, 0x000001e5238a5be0, 0x000001e5238a63b0,
0x000001e5238a6b80, 0x000001e5238a82f0, 0x000001e5238a9a60, 0x000001e5238aa230,
0x000001e5238aaa00, 0x000001e521389270, 0x000001e521382ce0, 0x000001e521383c80,
0x000001e521384450, 0x000001e521385bc0, 0x000001e5213882d0, 0x000001e520d17d80
}

Java Threads: ( => current thread )
  0x000001e57ff43dc0 JavaThread "Reference Handler"          daemon [_thread_blocked, id=40796, stack(0x000000bd20600000,0x000000bd20700000) (1024K)]
  0x000001e57ff45590 JavaThread "Finalizer"                  daemon [_thread_blocked, id=33916, stack(0x000000bd20700000,0x000000bd20800000) (1024K)]
  0x000001e57ff498e0 JavaThread "Signal Dispatcher"          daemon [_thread_blocked, id=18292, stack(0x000000bd20800000,0x000000bd20900000) (1024K)]
  0x000001e57ff4b730 JavaThread "Attach Listener"            daemon [_thread_blocked, id=37724, stack(0x000000bd20900000,0x000000bd20a00000) (1024K)]
  0x000001e57ff4ca90 JavaThread "Service Thread"             daemon [_thread_blocked, id=34152, stack(0x000000bd20a00000,0x000000bd20b00000) (1024K)]
  0x000001e57ff4fe00 JavaThread "Monitor Deflation Thread"   daemon [_thread_blocked, id=18868, stack(0x000000bd20b00000,0x000000bd20c00000) (1024K)]
=>0x000001e57ff58970 JavaThread "C2 CompilerThread0"         daemon [_thread_in_native, id=15076, stack(0x000000bd20c00000,0x000000bd20d00000) (1024K)]
  0x000001e57ff7d9c0 JavaThread "C1 CompilerThread0"         daemon [_thread_blocked, id=41784, stack(0x000000bd20d00000,0x000000bd20e00000) (1024K)]
  0x000001e51b653360 JavaThread "Common-Cleaner"             daemon [_thread_blocked, id=36056, stack(0x000000bd20f00000,0x000000bd21000000) (1024K)]
  0x000001e5203a2040 JavaThread "Monitor Ctrl-Break"         daemon [_thread_in_native, id=13004, stack(0x000000bd21100000,0x000000bd21200000) (1024K)]
  0x000001e5203a4d30 JavaThread "Notification Thread"        daemon [_thread_blocked, id=1840, stack(0x000000bd21200000,0x000000bd21300000) (1024K)]
  0x000001e521a7a350 JavaThread "Jndi-Dns-address-change-listener" daemon [_thread_in_native, id=4084, stack(0x000000bd21a00000,0x000000bd21b00000) (1024K)]
  0x000001e521a74590 JavaThread "lettuce-timer-3-1"          daemon [_thread_blocked, id=19820, stack(0x000000bd22400000,0x000000bd22500000) (1024K)]
  0x000001e521a76ca0 JavaThread "Cleaner-0"                  daemon [_thread_blocked, id=2076, stack(0x000000bd22600000,0x000000bd22700000) (1024K)]
  0x000001e521a735f0 JavaThread "HikariPool-1:housekeeper"   daemon [_thread_blocked, id=17328, stack(0x000000bd22700000,0x000000bd22800000) (1024K)]
  0x000001e51b52dfd0 JavaThread "Catalina-utility-1"                [_thread_blocked, id=14740, stack(0x000000bd22900000,0x000000bd22a00000) (1024K)]
  0x000001e5238a7b20 JavaThread "Catalina-utility-2"                [_thread_blocked, id=15880, stack(0x000000bd22a00000,0x000000bd22b00000) (1024K)]
  0x000001e5238ac940 JavaThread "container-0"                       [_thread_blocked, id=37260, stack(0x000000bd22b00000,0x000000bd22c00000) (1024K)]
  0x000001e5238a5be0 JavaThread "File Watcher"               daemon [_thread_blocked, id=43740, stack(0x000000bd22c00000,0x000000bd22d00000) (1024K)]
  0x000001e5238a63b0 JavaThread "http-nio-8083-exec-1"       daemon [_thread_blocked, id=28820, stack(0x000000bd22d00000,0x000000bd22e00000) (1024K)]
  0x000001e5238a6b80 JavaThread "http-nio-8083-exec-2"       daemon [_thread_blocked, id=6980, stack(0x000000bd22e00000,0x000000bd22f00000) (1024K)]
  0x000001e5238a82f0 JavaThread "http-nio-8083-exec-3"       daemon [_thread_blocked, id=21944, stack(0x000000bd22f00000,0x000000bd23000000) (1024K)]
  0x000001e5238a9a60 JavaThread "http-nio-8083-exec-4"       daemon [_thread_blocked, id=39536, stack(0x000000bd23000000,0x000000bd23100000) (1024K)]
  0x000001e5238aa230 JavaThread "http-nio-8083-exec-5"       daemon [_thread_blocked, id=42472, stack(0x000000bd23100000,0x000000bd23200000) (1024K)]
  0x000001e5238aaa00 JavaThread "http-nio-8083-exec-6"       daemon [_thread_blocked, id=25204, stack(0x000000bd23200000,0x000000bd23300000) (1024K)]
  0x000001e521389270 JavaThread "http-nio-8083-exec-7"       daemon [_thread_blocked, id=26140, stack(0x000000bd23300000,0x000000bd23400000) (1024K)]
  0x000001e521382ce0 JavaThread "http-nio-8083-exec-8"       daemon [_thread_blocked, id=40172, stack(0x000000bd23400000,0x000000bd23500000) (1024K)]
  0x000001e521383c80 JavaThread "http-nio-8083-exec-9"       daemon [_thread_blocked, id=15144, stack(0x000000bd23500000,0x000000bd23600000) (1024K)]
  0x000001e521384450 JavaThread "http-nio-8083-exec-10"      daemon [_thread_blocked, id=13092, stack(0x000000bd23600000,0x000000bd23700000) (1024K)]
  0x000001e521385bc0 JavaThread "http-nio-8083-Poller"       daemon [_thread_in_native, id=40112, stack(0x000000bd23700000,0x000000bd23800000) (1024K)]
  0x000001e5213882d0 JavaThread "http-nio-8083-Acceptor"     daemon [_thread_in_native, id=26884, stack(0x000000bd23800000,0x000000bd23900000) (1024K)]
  0x000001e520d17d80 JavaThread "DestroyJavaVM"                     [_thread_blocked, id=17300, stack(0x000000bd1fe00000,0x000000bd1ff00000) (1024K)]
Total: 32

Other Threads:
  0x000001e57ff2f2a0 VMThread "VM Thread"                           [id=25184, stack(0x000000bd20500000,0x000000bd20600000) (1024K)]
  0x000001e57fdfb890 WatcherThread "VM Periodic Task Thread"        [id=26260, stack(0x000000bd20400000,0x000000bd20500000) (1024K)]
  0x000001e57bcaf6c0 WorkerThread "GC Thread#0"                     [id=14516, stack(0x000000bd1ff00000,0x000000bd20000000) (1024K)]
  0x000001e520ce8800 WorkerThread "GC Thread#1"                     [id=34372, stack(0x000000bd21500000,0x000000bd21600000) (1024K)]
  0x000001e520ce9040 WorkerThread "GC Thread#2"                     [id=43124, stack(0x000000bd21600000,0x000000bd21700000) (1024K)]
  0x000001e520ce9880 WorkerThread "GC Thread#3"                     [id=30232, stack(0x000000bd21700000,0x000000bd21800000) (1024K)]
  0x000001e520d93d70 WorkerThread "GC Thread#4"                     [id=18480, stack(0x000000bd21800000,0x000000bd21900000) (1024K)]
  0x000001e520d94610 WorkerThread "GC Thread#5"                     [id=17104, stack(0x000000bd21900000,0x000000bd21a00000) (1024K)]
  0x000001e520d927e0 WorkerThread "GC Thread#6"                     [id=38244, stack(0x000000bd21b00000,0x000000bd21c00000) (1024K)]
  0x000001e520d95750 WorkerThread "GC Thread#7"                     [id=20520, stack(0x000000bd21c00000,0x000000bd21d00000) (1024K)]
  0x000001e520d92c30 WorkerThread "GC Thread#8"                     [id=28784, stack(0x000000bd21d00000,0x000000bd21e00000) (1024K)]
  0x000001e520d93080 WorkerThread "GC Thread#9"                     [id=43816, stack(0x000000bd21e00000,0x000000bd21f00000) (1024K)]
  0x000001e520d94a60 WorkerThread "GC Thread#10"                    [id=42352, stack(0x000000bd21f00000,0x000000bd22000000) (1024K)]
  0x000001e520d94eb0 WorkerThread "GC Thread#11"                    [id=43272, stack(0x000000bd22000000,0x000000bd22100000) (1024K)]
  0x000001e521a71070 WorkerThread "GC Thread#12"                    [id=10304, stack(0x000000bd22100000,0x000000bd22200000) (1024K)]
  0x000001e57bcc6380 ConcurrentGCThread "G1 Main Marker"            [id=25612, stack(0x000000bd20000000,0x000000bd20100000) (1024K)]
  0x000001e57bcc74c0 WorkerThread "G1 Conc#0"                       [id=23380, stack(0x000000bd20100000,0x000000bd20200000) (1024K)]
  0x000001e521a6e9a0 WorkerThread "G1 Conc#1"                       [id=43436, stack(0x000000bd22200000,0x000000bd22300000) (1024K)]
  0x000001e521a6ff30 WorkerThread "G1 Conc#2"                       [id=28504, stack(0x000000bd22300000,0x000000bd22400000) (1024K)]
  0x000001e57fdf4790 ConcurrentGCThread "G1 Refine#0"               [id=13120, stack(0x000000bd20200000,0x000000bd20300000) (1024K)]
  0x000001e57fdf5050 ConcurrentGCThread "G1 Service"                [id=19628, stack(0x000000bd20300000,0x000000bd20400000) (1024K)]
Total: 21

Threads with active compile tasks:
C2 CompilerThread0  42971 8407       4       java.lang.String$CaseInsensitiveComparator::compare (68 bytes)
Total: 1

VM state: not at safepoint (normal execution)

VM Mutex/Monitor currently owned by a thread: None

Heap address: 0x0000000722600000, size: 3546 MB, Compressed Oops mode: Zero based, Oop shift amount: 3

CDS archive(s) mapped at: [0x000000001d000000-0x000000001ddd0000-0x000000001ddd0000), size 14483456, SharedBaseAddress: 0x000000001d000000, ArchiveRelocationMode: 1.
Compressed class space mapped at: 0x000000001e000000-0x000000005e000000, reserved size: 1073741824
UseCompressedClassPointers 1, UseCompactObjectHeaders 0
Narrow klass pointer bits 32, Max shift 3
Narrow klass base: 0x000000001d000000, Narrow klass shift: 0
Encoding Range: [0x000000001d000000 - 0x000000011d000000), (4294967296 bytes)
Klass Range:    [0x000000001d010000 - 0x000000005e000000), (1090453504 bytes)
Klass ID Range:  [65536 - 1090519033) (1090453497)
Protection zone: [0x000000001d000000 - 0x000000001d010000), (65536 bytes)

GC Precious Log:
 CardTable entry size: 512
 Card Set container configuration: InlinePtr #cards 4 size 8 Array Of Cards #cards 16 size 48 Howl #buckets 8 coarsen threshold 3686 Howl Bitmap #cards 512 size 80 coarsen threshold 460 Card regions per heap region 1 cards per card region 4096
 CPUs: 16 total, 16 available
 Memory: 14181M
 Large Page Support: Disabled
 NUMA Support: Disabled
 Compressed Oops: Enabled (Zero based)
 Heap Region Size: 2M
 Heap Min Capacity: 8M
 Heap Initial Capacity: 222M
 Heap Max Capacity: 3546M
 Pre-touch: Disabled
 Parallel Workers: 13
 Concurrent Workers: 3
 Concurrent Refinement Workers: 13
 Periodic GC: Disabled

Heap:
 garbage-first heap   total reserved 3631104K, committed 86016K, used 56476K [0x0000000722600000, 0x0000000800000000)
  region size 2048K, 9 young (18432K), 2 survivors (4096K)

Heap Regions: E=young(eden), S=young(survivor), O=old, HS=humongous(starts), HC=humongous(continues), CS=collection set, F=free, TAMS=top-at-mark-start, PB=parsable bottom
|   0|0x0000000722600000, 0x0000000722800000, 0x0000000722800000|100%| O|  |TAMS 0x0000000722600000| PB 0x0000000722600000| Untracked |  0
|   1|0x0000000722800000, 0x0000000722a00000, 0x0000000722a00000|100%| O|  |TAMS 0x0000000722800000| PB 0x0000000722800000| Untracked |  0
|   2|0x0000000722a00000, 0x0000000722a00000, 0x0000000722c00000|  0%| F|  |TAMS 0x0000000722a00000| PB 0x0000000722a00000| Untracked |  0
|   3|0x0000000722c00000, 0x0000000722e00000, 0x0000000722e00000|100%| O|  |TAMS 0x0000000722c00000| PB 0x0000000722c00000| Untracked |  0
|   4|0x0000000722e00000, 0x0000000723000000, 0x0000000723000000|100%| O|  |TAMS 0x0000000722e00000| PB 0x0000000722e00000| Untracked |  0
|   5|0x0000000723000000, 0x0000000723200000, 0x0000000723200000|100%| O|  |TAMS 0x0000000723000000| PB 0x0000000723000000| Untracked |  0
|   6|0x0000000723200000, 0x0000000723400000, 0x0000000723400000|100%| O|  |TAMS 0x0000000723200000| PB 0x0000000723200000| Untracked |  0
|   7|0x0000000723400000, 0x0000000723600000, 0x0000000723600000|100%| O|  |TAMS 0x0000000723400000| PB 0x0000000723400000| Untracked |  0
|   8|0x0000000723600000, 0x0000000723800000, 0x0000000723800000|100%| O|  |TAMS 0x0000000723600000| PB 0x0000000723600000| Untracked |  0
|   9|0x0000000723800000, 0x0000000723a00000, 0x0000000723a00000|100%| O|  |TAMS 0x0000000723800000| PB 0x0000000723800000| Untracked |  0
|  10|0x0000000723a00000, 0x0000000723c00000, 0x0000000723c00000|100%| O|  |TAMS 0x0000000723a00000| PB 0x0000000723a00000| Untracked |  0
|  11|0x0000000723c00000, 0x0000000723e00000, 0x0000000723e00000|100%| O|  |TAMS 0x0000000723c00000| PB 0x0000000723c00000| Untracked |  0
|  12|0x0000000723e00000, 0x0000000724000000, 0x0000000724000000|100%| O|  |TAMS 0x0000000723e00000| PB 0x0000000723e00000| Untracked |  0
|  13|0x0000000724000000, 0x0000000724200000, 0x0000000724200000|100%| O|  |TAMS 0x0000000724000000| PB 0x0000000724000000| Untracked |  0
|  14|0x0000000724200000, 0x0000000724400000, 0x0000000724400000|100%| O|  |TAMS 0x0000000724200000| PB 0x0000000724200000| Untracked |  0
|  15|0x0000000724400000, 0x0000000724600000, 0x0000000724600000|100%| O|  |TAMS 0x0000000724400000| PB 0x0000000724400000| Untracked |  0
|  16|0x0000000724600000, 0x0000000724800000, 0x0000000724800000|100%| O|  |TAMS 0x0000000724600000| PB 0x0000000724600000| Untracked |  0
|  17|0x0000000724800000, 0x000000072497abd0, 0x0000000724a00000| 73%| O|  |TAMS 0x0000000724800000| PB 0x0000000724800000| Untracked |  0
|  18|0x0000000724a00000, 0x0000000724a00000, 0x0000000724c00000|  0%| F|  |TAMS 0x0000000724a00000| PB 0x0000000724a00000| Untracked |  0
|  19|0x0000000724c00000, 0x0000000724dac6b8, 0x0000000724e00000| 83%| S|CS|TAMS 0x0000000724c00000| PB 0x0000000724c00000| Complete |  0
|  20|0x0000000724e00000, 0x0000000725000000, 0x0000000725000000|100%| S|CS|TAMS 0x0000000724e00000| PB 0x0000000724e00000| Complete |  0
|  21|0x0000000725000000, 0x0000000725000000, 0x0000000725200000|  0%| F|  |TAMS 0x0000000725000000| PB 0x0000000725000000| Untracked |  0
|  22|0x0000000725200000, 0x0000000725200000, 0x0000000725400000|  0%| F|  |TAMS 0x0000000725200000| PB 0x0000000725200000| Untracked |  0
|  23|0x0000000725400000, 0x0000000725400000, 0x0000000725600000|  0%| F|  |TAMS 0x0000000725400000| PB 0x0000000725400000| Untracked |  0
|  24|0x0000000725600000, 0x0000000725600000, 0x0000000725800000|  0%| F|  |TAMS 0x0000000725600000| PB 0x0000000725600000| Untracked |  0
|  25|0x0000000725800000, 0x0000000725800000, 0x0000000725a00000|  0%| F|  |TAMS 0x0000000725800000| PB 0x0000000725800000| Untracked |  0
|  26|0x0000000725a00000, 0x0000000725a00000, 0x0000000725c00000|  0%| F|  |TAMS 0x0000000725a00000| PB 0x0000000725a00000| Untracked |  0
|  27|0x0000000725c00000, 0x0000000725c00000, 0x0000000725e00000|  0%| F|  |TAMS 0x0000000725c00000| PB 0x0000000725c00000| Untracked |  0
|  28|0x0000000725e00000, 0x0000000725e00000, 0x0000000726000000|  0%| F|  |TAMS 0x0000000725e00000| PB 0x0000000725e00000| Untracked |  0
|  29|0x0000000726000000, 0x0000000726000000, 0x0000000726200000|  0%| F|  |TAMS 0x0000000726000000| PB 0x0000000726000000| Untracked |  0
|  30|0x0000000726200000, 0x0000000726200000, 0x0000000726400000|  0%| F|  |TAMS 0x0000000726200000| PB 0x0000000726200000| Untracked |  0
|  78|0x000000072c200000, 0x000000072c200000, 0x000000072c400000|  0%| F|  |TAMS 0x000000072c200000| PB 0x000000072c200000| Untracked |  0
|  79|0x000000072c400000, 0x000000072c457310, 0x000000072c600000| 17%| E|  |TAMS 0x000000072c400000| PB 0x000000072c400000| Complete |  0
|  80|0x000000072c600000, 0x000000072c800000, 0x000000072c800000|100%| E|CS|TAMS 0x000000072c600000| PB 0x000000072c600000| Complete |  0
|  81|0x000000072c800000, 0x000000072ca00000, 0x000000072ca00000|100%| E|CS|TAMS 0x000000072c800000| PB 0x000000072c800000| Complete |  0
|  82|0x000000072ca00000, 0x000000072cc00000, 0x000000072cc00000|100%| E|CS|TAMS 0x000000072ca00000| PB 0x000000072ca00000| Complete |  0
|  83|0x000000072cc00000, 0x000000072ce00000, 0x000000072ce00000|100%| E|CS|TAMS 0x000000072cc00000| PB 0x000000072cc00000| Complete |  0
| 110|0x0000000730200000, 0x0000000730400000, 0x0000000730400000|100%| E|CS|TAMS 0x0000000730200000| PB 0x0000000730200000| Complete |  0
|1769|0x00000007ff800000, 0x00000007ffa00000, 0x00000007ffa00000|100%| O|  |TAMS 0x00000007ff800000| PB 0x00000007ff800000| Untracked |  0
|1770|0x00000007ffa00000, 0x00000007ffc00000, 0x00000007ffc00000|100%| O|  |TAMS 0x00000007ffa00000| PB 0x00000007ffa00000| Untracked |  0
|1771|0x00000007ffc00000, 0x00000007ffe00000, 0x00000007ffe00000|100%| O|  |TAMS 0x00000007ffc00000| PB 0x00000007ffc00000| Untracked |  0
|1772|0x00000007ffe00000, 0x0000000800000000, 0x0000000800000000|100%| E|CS|TAMS 0x00000007ffe00000| PB 0x00000007ffe00000| Complete |  0

Card table byte_map: [0x000001e57cda0000,0x000001e57d490000] _byte_map_base: 0x000001e57948d000

Marking Bits: (CMBitMap*) 0x000001e57bcafc50
 Bits: [0x000001e5177c0000, 0x000001e51af28000)

Polling page: 0x000001e579af0000

Metaspace:
Metaspace        used 87156K, committed 87808K, reserved 1179648K
 class space     used 9209K, committed 9536K, reserved 1048576K

Usage:
  Non-class:     76.12 MB used.
      Class:      8.99 MB used.
       Both:     85.11 MB used.

Virtual space:
  Non-class space:      128.00 MB reserved,      76.44 MB ( 60%) committed,  2 nodes.
      Class space:        1.00 GB reserved,       9.31 MB ( <1%) committed,  1 nodes.
             Both:        1.12 GB reserved,      85.75 MB (  7%) committed. 

Chunk freelists:
   Non-Class:  3.56 MB
       Class:  6.55 MB
        Both:  10.11 MB

MaxMetaspaceSize: unlimited
CompressedClassSpaceSize: 1.00 GB
Initial GC threshold: 21.00 MB
Current GC threshold: 134.31 MB
CDS: on
 - commit_granule_bytes: 65536.
 - commit_granule_words: 8192.
 - virtual_space_node_default_size: 8388608.
 - enlarge_chunks_in_place: 1.
UseCompressedClassPointers 1, UseCompactObjectHeaders 0
Narrow klass pointer bits 32, Max shift 3
Narrow klass base: 0x000000001d000000, Narrow klass shift: 0
Encoding Range: [0x000000001d000000 - 0x000000011d000000), (4294967296 bytes)
Klass Range:    [0x000000001d010000 - 0x000000005e000000), (1090453504 bytes)
Klass ID Range:  [65536 - 1090519033) (1090453497)
Protection zone: [0x000000001d000000 - 0x000000001d010000), (65536 bytes)


Internal statistics:

num_allocs_failed_limit: 9.
num_arena_births: 912.
num_arena_deaths: 0.
num_vsnodes_births: 3.
num_vsnodes_deaths: 0.
num_space_committed: 1372.
num_space_uncommitted: 0.
num_chunks_returned_to_freelist: 9.
num_chunks_taken_from_freelist: 4023.
num_chunk_merges: 6.
num_chunk_splits: 3029.
num_chunks_enlarged: 2534.
num_inconsistent_stats: 0.

CodeHeap 'non-profiled nmethods': size=119232Kb used=3018Kb max_used=3018Kb free=116213Kb
 bounds [0x000001e510350000, 0x000001e510650000, 0x000001e5177c0000]
CodeHeap 'profiled nmethods': size=119104Kb used=10878Kb max_used=10878Kb free=108225Kb
 bounds [0x000001e5087c0000, 0x000001e509260000, 0x000001e50fc10000]
CodeHeap 'non-nmethods': size=7424Kb used=1644Kb max_used=2905Kb free=5780Kb
 bounds [0x000001e50fc10000, 0x000001e50ff10000, 0x000001e510350000]
CodeCache: size=245760Kb, used=15540Kb, max_used=16801Kb, free=230218Kb
 total_blobs=8203, nmethods=7440, adapters=662, full_count=0
Compilation: enabled, stopped_count=0, restarted_count=0

Compilation events (20 events):
Event: 32.427 Thread 0x000001e57ff7d9c0 nmethod 8396 0x000001e50925c308 code [0x000001e50925c400, 0x000001e50925c660]
Event: 32.427 Thread 0x000001e57ff7d9c0 8397       3       java.lang.Thread::getAndClearInterrupt (19 bytes)
Event: 32.428 Thread 0x000001e57ff7d9c0 nmethod 8397 0x000001e50925c688 code [0x000001e50925c780, 0x000001e50925c900]
Event: 32.880 Thread 0x000001e57ff7d9c0 8398       3       java.util.concurrent.atomic.AtomicIntegerFieldUpdater$AtomicIntegerFieldUpdaterImpl::get (17 bytes)
Event: 32.880 Thread 0x000001e57ff7d9c0 nmethod 8398 0x000001e50925c988 code [0x000001e50925ca80, 0x000001e50925cd18]
Event: 35.081 Thread 0x000001e57ff7d9c0 8399   !   3       io.netty.util.HashedWheelTimer$Worker::waitForNextTick (120 bytes)
Event: 35.082 Thread 0x000001e57ff7d9c0 nmethod 8399 0x000001e50925cd88 code [0x000001e50925ce80, 0x000001e50925d5d0]
Event: 35.180 Thread 0x000001e57ff7d9c0 8400   !   3       io.netty.util.HashedWheelTimer$Worker::processCancelledTasks (57 bytes)
Event: 35.181 Thread 0x000001e57ff7d9c0 nmethod 8400 0x000001e50925d608 code [0x000001e50925d700, 0x000001e50925e068]
Event: 35.181 Thread 0x000001e57ff7d9c0 8401       3       io.netty.util.HashedWheelTimer$Worker::transferTimeoutsToBuckets (124 bytes)
Event: 35.182 Thread 0x000001e57ff7d9c0 nmethod 8401 0x000001e50925e088 code [0x000001e50925e180, 0x000001e50925e8d8]
Event: 35.182 Thread 0x000001e57ff7d9c0 8402       3       io.netty.util.HashedWheelTimer$HashedWheelBucket::expireTimeouts (98 bytes)
Event: 35.183 Thread 0x000001e57ff7d9c0 nmethod 8402 0x000001e50925e908 code [0x000001e50925ea00, 0x000001e50925faf8]
Event: 36.332 Thread 0x000001e57ff58970 8403       4       org.springframework.boot.devtools.filewatch.FileSnapshot::hashCode (49 bytes)
Event: 36.345 Thread 0x000001e57ff58970 nmethod 8403 0x000001e510641688 code [0x000001e510641780, 0x000001e510642198]
Event: 42.085 Thread 0x000001e57ff58970 8405       4       java.util.concurrent.locks.ReentrantLock$NonfairSync::initialTryLock (58 bytes)
Event: 42.086 Thread 0x000001e57ff58970 nmethod 8405 0x000001e510642508 code [0x000001e510642600, 0x000001e5106427e8]
Event: 42.487 Thread 0x000001e57ff58970 8406       4       java.io.File::<init> (78 bytes)
Event: 42.489 Thread 0x000001e57ff58970 nmethod 8406 0x000001e510642808 code [0x000001e510642900, 0x000001e510642b80]
Event: 42.889 Thread 0x000001e57ff58970 8407       4       java.lang.String$CaseInsensitiveComparator::compare (68 bytes)

GC Heap Usage History (20 events):
Event: 8.688 {heap Before GC invocations=7 (full 0):
 garbage-first heap   total reserved 3631104K, committed 86016K, used 62279K [0x0000000722600000, 0x0000000800000000)
  region size 2048K, 21 young (43008K), 3 survivors (6144K)
}
Event: 8.695 {heap After GC invocations=8 (full 0):
 garbage-first heap   total reserved 3631104K, committed 86016K, used 28165K [0x0000000722600000, 0x0000000800000000)
  region size 2048K, 2 young (4096K), 2 survivors (4096K)
}
Event: 10.211 {heap Before GC invocations=8 (full 0):
 garbage-first heap   total reserved 3631104K, committed 86016K, used 65029K [0x0000000722600000, 0x0000000800000000)
  region size 2048K, 21 young (43008K), 2 survivors (4096K)
}
Event: 10.218 {heap After GC invocations=9 (full 0):
 garbage-first heap   total reserved 3631104K, committed 86016K, used 30723K [0x0000000722600000, 0x0000000800000000)
  region size 2048K, 3 young (6144K), 3 survivors (6144K)
}
Event: 11.584 {heap Before GC invocations=9 (full 0):
 garbage-first heap   total reserved 3631104K, committed 86016K, used 67587K [0x0000000722600000, 0x0000000800000000)
  region size 2048K, 22 young (45056K), 3 survivors (6144K)
}
Event: 11.591 {heap After GC invocations=10 (full 0):
 garbage-first heap   total reserved 3631104K, committed 86016K, used 33491K [0x0000000722600000, 0x0000000800000000)
  region size 2048K, 3 young (6144K), 3 survivors (6144K)
}
Event: 12.137 {heap Before GC invocations=10 (full 0):
 garbage-first heap   total reserved 3631104K, committed 86016K, used 41683K [0x0000000722600000, 0x0000000800000000)
  region size 2048K, 8 young (16384K), 3 survivors (6144K)
}
Event: 12.144 {heap After GC invocations=11 (full 0):
 garbage-first heap   total reserved 3631104K, committed 86016K, used 34599K [0x0000000722600000, 0x0000000800000000)
  region size 2048K, 2 young (4096K), 2 survivors (4096K)
}
Event: 13.571 {heap Before GC invocations=12 (full 0):
 garbage-first heap   total reserved 3631104K, committed 86016K, used 69415K [0x0000000722600000, 0x0000000800000000)
  region size 2048K, 20 young (40960K), 2 survivors (4096K)
}
Event: 13.577 {heap After GC invocations=13 (full 0):
 garbage-first heap   total reserved 3631104K, committed 86016K, used 36171K [0x0000000722600000, 0x0000000800000000)
  region size 2048K, 2 young (4096K), 2 survivors (4096K)
}
Event: 14.625 {heap Before GC invocations=13 (full 0):
 garbage-first heap   total reserved 3631104K, committed 86016K, used 73035K [0x0000000722600000, 0x0000000800000000)
  region size 2048K, 20 young (40960K), 2 survivors (4096K)
}
Event: 14.629 {heap After GC invocations=14 (full 0):
 garbage-first heap   total reserved 3631104K, committed 86016K, used 37488K [0x0000000722600000, 0x0000000800000000)
  region size 2048K, 3 young (6144K), 3 survivors (6144K)
}
Event: 15.263 {heap Before GC invocations=14 (full 0):
 garbage-first heap   total reserved 3631104K, committed 86016K, used 72304K [0x0000000722600000, 0x0000000800000000)
  region size 2048K, 21 young (43008K), 3 survivors (6144K)
}
Event: 15.270 {heap After GC invocations=15 (full 0):
 garbage-first heap   total reserved 3631104K, committed 86016K, used 39650K [0x0000000722600000, 0x0000000800000000)
  region size 2048K, 2 young (4096K), 2 survivors (4096K)
}
Event: 16.033 {heap Before GC invocations=15 (full 0):
 garbage-first heap   total reserved 3631104K, committed 86016K, used 76514K [0x0000000722600000, 0x0000000800000000)
  region size 2048K, 20 young (40960K), 2 survivors (4096K)
}
Event: 16.038 {heap After GC invocations=16 (full 0):
 garbage-first heap   total reserved 3631104K, committed 86016K, used 41008K [0x0000000722600000, 0x0000000800000000)
  region size 2048K, 2 young (4096K), 2 survivors (4096K)
}
Event: 16.791 {heap Before GC invocations=17 (full 0):
 garbage-first heap   total reserved 3631104K, committed 86016K, used 75824K [0x0000000722600000, 0x0000000800000000)
  region size 2048K, 19 young (38912K), 2 survivors (4096K)
}
Event: 16.795 {heap After GC invocations=18 (full 0):
 garbage-first heap   total reserved 3631104K, committed 86016K, used 43069K [0x0000000722600000, 0x0000000800000000)
  region size 2048K, 2 young (4096K), 2 survivors (4096K)
}
Event: 17.401 {heap Before GC invocations=18 (full 0):
 garbage-first heap   total reserved 3631104K, committed 86016K, used 77885K [0x0000000722600000, 0x0000000800000000)
  region size 2048K, 19 young (38912K), 2 survivors (4096K)
}
Event: 17.406 {heap After GC invocations=19 (full 0):
 garbage-first heap   total reserved 3631104K, committed 86016K, used 44188K [0x0000000722600000, 0x0000000800000000)
  region size 2048K, 2 young (4096K), 2 survivors (4096K)
}

Metaspace Usage History (20 events):
Event: 8.688 {metaspace Before GC invocations=7 (full 0):
 Metaspace       used 40934K, committed 41344K, reserved 1114112K
  class space    used 4173K, committed 4352K, reserved 1048576K
}
Event: 8.695 {metaspace After GC invocations=8 (full 0):
 Metaspace       used 40934K, committed 41344K, reserved 1114112K
  class space    used 4173K, committed 4352K, reserved 1048576K
}
Event: 10.211 {metaspace Before GC invocations=8 (full 0):
 Metaspace       used 47836K, committed 48384K, reserved 1114112K
  class space    used 4753K, committed 4992K, reserved 1048576K
}
Event: 10.218 {metaspace After GC invocations=9 (full 0):
 Metaspace       used 47836K, committed 48384K, reserved 1114112K
  class space    used 4753K, committed 4992K, reserved 1048576K
}
Event: 11.584 {metaspace Before GC invocations=9 (full 0):
 Metaspace       used 56816K, committed 57280K, reserved 1114112K
  class space    used 5784K, committed 6016K, reserved 1048576K
}
Event: 11.591 {metaspace After GC invocations=10 (full 0):
 Metaspace       used 56816K, committed 57280K, reserved 1114112K
  class space    used 5784K, committed 6016K, reserved 1048576K
}
Event: 12.137 {metaspace Before GC invocations=10 (full 0):
 Metaspace       used 60251K, committed 60736K, reserved 1114112K
  class space    used 6116K, committed 6336K, reserved 1048576K
}
Event: 12.144 {metaspace After GC invocations=11 (full 0):
 Metaspace       used 60251K, committed 60736K, reserved 1114112K
  class space    used 6116K, committed 6336K, reserved 1048576K
}
Event: 13.571 {metaspace Before GC invocations=12 (full 0):
 Metaspace       used 70044K, committed 70528K, reserved 1114112K
  class space    used 7197K, committed 7424K, reserved 1048576K
}
Event: 13.577 {metaspace After GC invocations=13 (full 0):
 Metaspace       used 70044K, committed 70528K, reserved 1114112K
  class space    used 7197K, committed 7424K, reserved 1048576K
}
Event: 14.625 {metaspace Before GC invocations=13 (full 0):
 Metaspace       used 76357K, committed 76864K, reserved 1179648K
  class space    used 7954K, committed 8192K, reserved 1048576K
}
Event: 14.629 {metaspace After GC invocations=14 (full 0):
 Metaspace       used 76357K, committed 76864K, reserved 1179648K
  class space    used 7954K, committed 8192K, reserved 1048576K
}
Event: 15.263 {metaspace Before GC invocations=14 (full 0):
 Metaspace       used 79537K, committed 80064K, reserved 1179648K
  class space    used 8291K, committed 8512K, reserved 1048576K
}
Event: 15.270 {metaspace After GC invocations=15 (full 0):
 Metaspace       used 79537K, committed 80064K, reserved 1179648K
  class space    used 8291K, committed 8512K, reserved 1048576K
}
Event: 16.033 {metaspace Before GC invocations=15 (full 0):
 Metaspace       used 81848K, committed 82432K, reserved 1179648K
  class space    used 8568K, committed 8832K, reserved 1048576K
}
Event: 16.038 {metaspace After GC invocations=16 (full 0):
 Metaspace       used 81848K, committed 82432K, reserved 1179648K
  class space    used 8568K, committed 8832K, reserved 1048576K
}
Event: 16.791 {metaspace Before GC invocations=17 (full 0):
 Metaspace       used 84208K, committed 84736K, reserved 1179648K
  class space    used 8921K, committed 9152K, reserved 1048576K
}
Event: 16.795 {metaspace After GC invocations=18 (full 0):
 Metaspace       used 84208K, committed 84736K, reserved 1179648K
  class space    used 8921K, committed 9152K, reserved 1048576K
}
Event: 17.401 {metaspace Before GC invocations=18 (full 0):
 Metaspace       used 86853K, committed 87488K, reserved 1179648K
  class space    used 9168K, committed 9408K, reserved 1048576K
}
Event: 17.406 {metaspace After GC invocations=19 (full 0):
 Metaspace       used 86853K, committed 87488K, reserved 1179648K
  class space    used 9168K, committed 9408K, reserved 1048576K
}

Dll operation events (11 events):
Event: 0.028 Loaded shared library C:\Users\GIOVANNI CHARLES\.jdks\openjdk-25.0.1\bin\java.dll
Event: 0.380 Loaded shared library C:\Users\GIOVANNI CHARLES\.jdks\openjdk-25.0.1\bin\zip.dll
Event: 0.387 Loaded shared library C:\Users\GIOVANNI CHARLES\.jdks\openjdk-25.0.1\bin\instrument.dll
Event: 0.396 Loaded shared library C:\Users\GIOVANNI CHARLES\.jdks\openjdk-25.0.1\bin\net.dll
Event: 0.399 Loaded shared library C:\Users\GIOVANNI CHARLES\.jdks\openjdk-25.0.1\bin\nio.dll
Event: 0.408 Loaded shared library C:\Users\GIOVANNI CHARLES\.jdks\openjdk-25.0.1\bin\zip.dll
Event: 0.692 Loaded shared library C:\Users\GIOVANNI CHARLES\.jdks\openjdk-25.0.1\bin\extnet.dll
Event: 0.761 Loaded shared library C:\Users\GIOVANNI CHARLES\.jdks\openjdk-25.0.1\bin\jimage.dll
Event: 1.538 Loaded shared library C:\Users\GIOVANNI CHARLES\.jdks\openjdk-25.0.1\bin\management.dll
Event: 1.543 Loaded shared library C:\Users\GIOVANNI CHARLES\.jdks\openjdk-25.0.1\bin\management_ext.dll
Event: 3.846 Loaded shared library C:\Users\GIOVANNI CHARLES\.jdks\openjdk-25.0.1\bin\sunmscapi.dll

Deoptimization events (20 events):
Event: 17.421 Thread 0x000001e520c700c0 DEOPT PACKING pc=0x000001e5104d3e9c sp=0x000000bd214fe130
Event: 17.421 Thread 0x000001e520c700c0 DEOPT UNPACKING pc=0x000001e50fd2fc02 sp=0x000000bd214fe0b8 mode 2
Event: 17.429 Thread 0x000001e520c700c0 Uncommon trap: trap_request=0xffffff45 fr.pc=0x000001e5103c9f80 relative=0x0000000000000100
Event: 17.430 Thread 0x000001e520c700c0 Uncommon trap: reason=unstable_if action=reinterpret pc=0x000001e5103c9f80 method=java.util.ArrayList.indexOfRange(Ljava/lang/Object;II)I @ 7 c2
Event: 17.430 Thread 0x000001e520c700c0 DEOPT PACKING pc=0x000001e5103c9f80 sp=0x000000bd214fe850
Event: 17.430 Thread 0x000001e520c700c0 DEOPT UNPACKING pc=0x000001e50fd2fc02 sp=0x000000bd214fe7d0 mode 2
Event: 20.378 Thread 0x000001e5238a5be0 DEOPT PACKING pc=0x000001e5089c5d15 sp=0x000000bd22cfeba0
Event: 20.378 Thread 0x000001e5238a5be0 DEOPT UNPACKING pc=0x000001e50fc61702 sp=0x000000bd22cfe068 mode 0
Event: 20.378 Thread 0x000001e5238a5be0 DEOPT PACKING pc=0x000001e5089c5d15 sp=0x000000bd22cfeba0
Event: 20.378 Thread 0x000001e5238a5be0 DEOPT UNPACKING pc=0x000001e50fc61702 sp=0x000000bd22cfe068 mode 0
Event: 20.378 Thread 0x000001e5238a5be0 DEOPT PACKING pc=0x000001e5089c5d15 sp=0x000000bd22cfeba0
Event: 20.378 Thread 0x000001e5238a5be0 DEOPT UNPACKING pc=0x000001e50fc61702 sp=0x000000bd22cfe068 mode 0
Event: 20.378 Thread 0x000001e5238a5be0 DEOPT PACKING pc=0x000001e5089c5d15 sp=0x000000bd22cfeba0
Event: 20.378 Thread 0x000001e5238a5be0 DEOPT UNPACKING pc=0x000001e50fc61702 sp=0x000000bd22cfe068 mode 0
Event: 20.378 Thread 0x000001e5238a5be0 DEOPT PACKING pc=0x000001e5089c5d15 sp=0x000000bd22cfeba0
Event: 20.378 Thread 0x000001e5238a5be0 DEOPT UNPACKING pc=0x000001e50fc61702 sp=0x000000bd22cfe068 mode 0
Event: 20.378 Thread 0x000001e5238a5be0 DEOPT PACKING pc=0x000001e5089c5d15 sp=0x000000bd22cfeba0
Event: 20.378 Thread 0x000001e5238a5be0 DEOPT UNPACKING pc=0x000001e50fc61702 sp=0x000000bd22cfe068 mode 0
Event: 20.379 Thread 0x000001e5238a5be0 DEOPT PACKING pc=0x000001e5089c5d15 sp=0x000000bd22cfeba0
Event: 20.379 Thread 0x000001e5238a5be0 DEOPT UNPACKING pc=0x000001e50fc61702 sp=0x000000bd22cfe068 mode 0

Classes loaded (20 events):
Event: 17.452 Loading class java/beans/WeakIdentityMap done
Event: 17.452 Loading class java/beans/ThreadGroupContext$1 done
Event: 17.452 Loading class java/beans/WeakIdentityMap$Entry
Event: 17.452 Loading class java/beans/WeakIdentityMap$Entry done
Event: 17.452 Loading class com/sun/beans/introspect/ClassInfo
Event: 17.453 Loading class com/sun/beans/introspect/ClassInfo done
Event: 17.453 Loading class com/sun/beans/introspect/ClassInfo$1
Event: 17.453 Loading class com/sun/beans/util/Cache
Event: 17.453 Loading class com/sun/beans/util/Cache done
Event: 17.453 Loading class com/sun/beans/introspect/ClassInfo$1 done
Event: 17.453 Loading class com/sun/beans/util/Cache$Kind
Event: 17.453 Loading class com/sun/beans/util/Cache$Kind done
Event: 17.453 Loading class com/sun/beans/util/Cache$Kind$1
Event: 17.453 Loading class com/sun/beans/util/Cache$Kind$1 done
Event: 17.453 Loading class com/sun/beans/util/Cache$Kind$2
Event: 17.454 Loading class com/sun/beans/util/Cache$Kind$2 done
Event: 17.454 Loading class com/sun/beans/util/Cache$Kind$3
Event: 17.454 Loading class com/sun/beans/util/Cache$Kind$3 done
Event: 17.454 Loading class com/sun/beans/util/Cache$CacheEntry
Event: 17.454 Loading class com/sun/beans/util/Cache$CacheEntry done

Classes unloaded (0 events):
No events

Classes redefined (0 events):
No events

Internal exceptions (20 events):
Event: 15.132 Thread 0x000001e520c700c0 Exception <a 'java/lang/NoSuchMethodError'{0x0000000725d22fb0}: 'int java.lang.invoke.DirectMethodHandle$Holder.invokeStaticInit(java.lang.Object, int, java.lang.Object, java.lang.Object, java.lang.Object, java.lang.Object)'> (0x0000000725d22fb0) 
thrown [s\open\src\hotspot\share\interpreter\linkResolver.cpp, line 804]
Event: 15.476 Thread 0x000001e520c700c0 Exception <a 'java/lang/NoSuchMethodError'{0x000000072ca73a00}: 'java.lang.Object java.lang.invoke.DirectMethodHandle$Holder.newInvokeSpecial(java.lang.Object, java.lang.Object, java.lang.Object, java.lang.Object, java.lang.Object, java.lang.Object, java.lang.Object, java.lang.Object, java.lang.Object, java.lang.Object, java.lang.Object)'> (0x000000072ca73a00) 
thrown [s\open\src\hotspot\share\interpreter\linkResolver.cpp, line 804]
Event: 15.606 Thread 0x000001e520c700c0 Exception <a 'java/lang/NoSuchMethodError'{0x000000072c57b170}: 'java.lang.Object java.lang.invoke.DirectMethodHandle$Holder.invokeStatic(java.lang.Object, java.lang.Object, java.lang.Object, java.lang.Object, java.lang.Object, java.lang.Object, java.lang.Object, java.lang.Object, java.lang.Object, java.lang.Object, java.lang.Object)'> (0x000000072c57b170) 
thrown [s\open\src\hotspot\share\interpreter\linkResolver.cpp, line 804]
Event: 15.725 Thread 0x000001e520c700c0 Exception <a 'java/lang/NoSuchMethodError'{0x0000000725c23640}: 'java.lang.Object java.lang.invoke.DirectMethodHandle$Holder.invokeVirtual(java.lang.Object, java.lang.Object, java.lang.Object, int)'> (0x0000000725c23640) 
thrown [s\open\src\hotspot\share\interpreter\linkResolver.cpp, line 804]
Event: 16.206 Thread 0x000001e520c700c0 Exception <a 'java/lang/NoSuchMethodError'{0x000000072c8d3110}: 'java.lang.Object java.lang.invoke.DirectMethodHandle$Holder.invokeInterface(java.lang.Object, java.lang.Object, java.lang.Object, java.lang.Object)'> (0x000000072c8d3110) 
thrown [s\open\src\hotspot\share\interpreter\linkResolver.cpp, line 804]
Event: 16.254 Thread 0x000001e520c700c0 Exception <a 'java/io/IOException'{0x000000072c7e1c08}> (0x000000072c7e1c08) 
thrown [s\open\src\hotspot\share\prims\jni.cpp, line 516]
Event: 16.300 Thread 0x000001e520c700c0 Exception <a 'java/lang/NoSuchMethodError'{0x000000072c2ef150}: 'java.lang.Object java.lang.invoke.DirectMethodHandle$Holder.invokeVirtual(java.lang.Object, java.lang.Object, int)'> (0x000000072c2ef150) 
thrown [s\open\src\hotspot\share\interpreter\linkResolver.cpp, line 804]
Event: 16.543 Thread 0x000001e520c700c0 Exception <a 'java/lang/IncompatibleClassChangeError'{0x0000000725c643c0}: Found class java.lang.Object, but interface was expected> (0x0000000725c643c0) 
thrown [s\open\src\hotspot\share\interpreter\linkResolver.cpp, line 871]
Event: 16.695 Thread 0x000001e520c700c0 Exception <a 'java/lang/NoSuchMethodError'{0x00000007256bf290}: 'int java.lang.invoke.DirectMethodHandle$Holder.invokeStaticInit(java.lang.Object, java.lang.Object, java.lang.Object, java.lang.Object)'> (0x00000007256bf290) 
thrown [s\open\src\hotspot\share\interpreter\linkResolver.cpp, line 804]
Event: 16.778 Thread 0x000001e520c700c0 Exception <a 'java/lang/NoSuchMethodError'{0x000000072534ea70}: 'java.lang.Object java.lang.invoke.DirectMethodHandle$Holder.invokeVirtual(java.lang.Object, java.lang.Object, java.lang.Object, java.lang.Object, java.lang.Object, java.lang.Object, java.lang.Object, java.lang.Object, java.lang.Object)'> (0x000000072534ea70) 
thrown [s\open\src\hotspot\share\interpreter\linkResolver.cpp, line 804]
Event: 16.872 Thread 0x000001e520c700c0 Exception <a 'java/lang/NoSuchMethodError'{0x000000073032c978}: 'java.lang.Object java.lang.invoke.DirectMethodHandle$Holder.invokeVirtual(java.lang.Object, java.lang.Object, java.lang.Object, java.lang.Object, java.lang.Object, java.lang.Object, java.lang.Object, java.lang.Object, java.lang.Object, java.lang.Object, java.lang.Object, java.lang.Object)'> (0x000000073032c978) 
thrown [s\open\src\hotspot\share\interpreter\linkResolver.cpp, line 804]
Event: 16.902 Thread 0x000001e520c700c0 Exception <a 'java/lang/NoSuchMethodError'{0x000000072ccc0e20}: 'java.lang.Object java.lang.invoke.DirectMethodHandle$Holder.invokeVirtual(java.lang.Object, java.lang.Object, java.lang.Object, java.lang.Object, java.lang.Object, java.lang.Object, java.lang.Object)'> (0x000000072ccc0e20) 
thrown [s\open\src\hotspot\share\interpreter\linkResolver.cpp, line 804]
Event: 16.917 Thread 0x000001e520c700c0 Exception <a 'java/lang/NoSuchMethodError'{0x000000072ca2bb78}: 'java.lang.Object java.lang.invoke.DirectMethodHandle$Holder.invokeStatic(java.lang.Object, java.lang.Object, java.lang.Object, java.lang.Object, java.lang.Object, java.lang.Object, java.lang.Object, java.lang.Object, java.lang.Object, java.lang.Object, java.lang.Object, java.lang.Object)'> (0x000000072ca2bb78) 
thrown [s\open\src\hotspot\share\interpreter\linkResolver.cpp, line 804]
Event: 17.159 Thread 0x000001e520c700c0 Exception <a 'java/lang/IncompatibleClassChangeError'{0x0000000726368a90}: Found class java.lang.Object, but interface was expected> (0x0000000726368a90) 
thrown [s\open\src\hotspot\share\interpreter\linkResolver.cpp, line 871]
Event: 17.190 Thread 0x000001e520c700c0 Implicit null exception at 0x000001e5104c0ca5 to 0x000001e5104c0dec
Event: 17.351 Thread 0x000001e520c700c0 Exception <a 'java/lang/NoSuchMethodError'{0x000000072554e8d8}: 'int java.lang.invoke.DirectMethodHandle$Holder.invokeStatic(java.lang.Object, java.lang.Object, java.lang.Object, java.lang.Object, java.lang.Object)'> (0x000000072554e8d8) 
thrown [s\open\src\hotspot\share\interpreter\linkResolver.cpp, line 804]
Event: 17.387 Thread 0x000001e520c700c0 Exception <a 'java/lang/NoSuchMethodError'{0x000000072534ff60}: 'java.lang.Object java.lang.invoke.DirectMethodHandle$Holder.newInvokeSpecial(java.lang.Object, java.lang.Object, int, java.lang.Object, java.lang.Object)'> (0x000000072534ff60) 
thrown [s\open\src\hotspot\share\interpreter\linkResolver.cpp, line 804]
Event: 17.418 Thread 0x000001e520c700c0 Implicit null exception at 0x000001e5104918db to 0x000001e5104921dc
Event: 17.418 Thread 0x000001e520c700c0 Implicit null exception at 0x000001e5105a967b to 0x000001e5105a97e0
Event: 17.418 Thread 0x000001e520c700c0 Implicit null exception at 0x000001e5105a62bb to 0x000001e5105a6930

VM Operations (20 events):
Event: 16.079 Executing safepoint VM operation: G1PauseCleanup
Event: 16.079 Executing safepoint VM operation: G1PauseCleanup done
Event: 16.258 Executing non-safepoint VM operation: HandshakeAllThreads (Deoptimize)
Event: 16.258 Executing non-safepoint VM operation: HandshakeAllThreads (Deoptimize) done
Event: 16.406 Executing non-safepoint VM operation: HandshakeAllThreads (Deoptimize)
Event: 16.407 Executing non-safepoint VM operation: HandshakeAllThreads (Deoptimize) done
Event: 16.413 Executing non-safepoint VM operation: HandshakeAllThreads (Deoptimize)
Event: 16.413 Executing non-safepoint VM operation: HandshakeAllThreads (Deoptimize) done
Event: 16.415 Executing non-safepoint VM operation: HandshakeAllThreads (Deoptimize)
Event: 16.415 Executing non-safepoint VM operation: HandshakeAllThreads (Deoptimize) done
Event: 16.577 Executing non-safepoint VM operation: HandshakeAllThreads (Deoptimize)
Event: 16.577 Executing non-safepoint VM operation: HandshakeAllThreads (Deoptimize) done
Event: 16.665 Executing non-safepoint VM operation: HandshakeAllThreads (Deoptimize)
Event: 16.665 Executing non-safepoint VM operation: HandshakeAllThreads (Deoptimize) done
Event: 16.791 Executing safepoint VM operation: G1CollectForAllocation (G1 Evacuation Pause)
Event: 16.795 Executing safepoint VM operation: G1CollectForAllocation (G1 Evacuation Pause) done
Event: 17.062 Executing non-safepoint VM operation: HandshakeAllThreads (Deoptimize)
Event: 17.062 Executing non-safepoint VM operation: HandshakeAllThreads (Deoptimize) done
Event: 17.401 Executing safepoint VM operation: G1CollectForAllocation (G1 Evacuation Pause)
Event: 17.406 Executing safepoint VM operation: G1CollectForAllocation (G1 Evacuation Pause) done

Memory protections (0 events):
No events

Nmethod flushes (20 events):
Event: 16.068 Thread 0x000001e57ff2f2a0 flushing  nmethod 0x000001e508b81a08
Event: 16.068 Thread 0x000001e57ff2f2a0 flushing  nmethod 0x000001e508c07188
Event: 16.068 Thread 0x000001e57ff2f2a0 flushing  nmethod 0x000001e508c89c08
Event: 16.068 Thread 0x000001e57ff2f2a0 flushing  nmethod 0x000001e508f4b388
Event: 16.068 Thread 0x000001e57ff2f2a0 flushing  nmethod 0x000001e508f4b808
Event: 16.068 Thread 0x000001e57ff2f2a0 flushing  nmethod 0x000001e508f9a108
Event: 16.068 Thread 0x000001e57ff2f2a0 flushing  nmethod 0x000001e508fa2008
Event: 16.068 Thread 0x000001e57ff2f2a0 flushing  nmethod 0x000001e508fa2308
Event: 16.068 Thread 0x000001e57ff2f2a0 flushing  nmethod 0x000001e508fa4988
Event: 16.068 Thread 0x000001e57ff2f2a0 flushing  nmethod 0x000001e508fa4f88
Event: 16.068 Thread 0x000001e57ff2f2a0 flushing  nmethod 0x000001e509112f88
Event: 16.068 Thread 0x000001e57ff2f2a0 flushing  nmethod 0x000001e509113288
Event: 16.068 Thread 0x000001e57ff2f2a0 flushing  nmethod 0x000001e509113588
Event: 16.068 Thread 0x000001e57ff2f2a0 flushing  nmethod 0x000001e509113c08
Event: 16.068 Thread 0x000001e57ff2f2a0 flushing  nmethod 0x000001e509114d08
Event: 16.068 Thread 0x000001e57ff2f2a0 flushing  nmethod 0x000001e509115008
Event: 16.068 Thread 0x000001e57ff2f2a0 flushing  nmethod 0x000001e509115308
Event: 16.068 Thread 0x000001e57ff2f2a0 flushing  nmethod 0x000001e509115688
Event: 16.068 Thread 0x000001e57ff2f2a0 flushing  nmethod 0x000001e509116888
Event: 16.068 Thread 0x000001e57ff2f2a0 flushing  nmethod 0x000001e50916bb08

Events (20 events):
Event: 17.315 Thread 0x000001e520c700c0 Thread added: 0x000001e5238a5be0
Event: 17.400 Thread 0x000001e520c700c0 Thread added: 0x000001e5238a63b0
Event: 17.400 Thread 0x000001e520c700c0 Thread added: 0x000001e5238a6b80
Event: 17.400 Thread 0x000001e520c700c0 Thread added: 0x000001e5238a82f0
Event: 17.400 Thread 0x000001e520c700c0 Thread added: 0x000001e5238a9a60
Event: 17.400 Thread 0x000001e520c700c0 Thread added: 0x000001e5238aa230
Event: 17.401 Thread 0x000001e520c700c0 Thread added: 0x000001e5238aaa00
Event: 17.401 Thread 0x000001e520c700c0 Thread added: 0x000001e521389270
Event: 17.401 Thread 0x000001e520c700c0 Thread added: 0x000001e521382ce0
Event: 17.406 Thread 0x000001e520c700c0 Thread added: 0x000001e521383c80
Event: 17.407 Thread 0x000001e520c700c0 Thread added: 0x000001e521384450
Event: 17.423 Thread 0x000001e520c700c0 Thread added: 0x000001e521385bc0
Event: 17.425 Thread 0x000001e520c700c0 Thread added: 0x000001e5213882d0
Event: 17.451 Thread 0x000001e520c700c0 Thread exited: 0x000001e520c700c0
Event: 17.455 Thread 0x000001e520d2b920 Thread exited: 0x000001e520d2b920
Event: 17.456 Thread 0x000001e57bc50900 Thread exited: 0x000001e57bc50900
Event: 17.456 Thread 0x000001e520d17d80 Thread added: 0x000001e520d17d80
Event: 17.485 Thread 0x000001e521a78410 Thread exited: 0x000001e521a78410
Event: 20.378 Thread 0x000001e57ff7c190 Thread exited: 0x000001e57ff7c190
Event: 22.279 Thread 0x000001e57ff7e9e0 Thread exited: 0x000001e57ff7e9e0


Dynamic libraries:
0x00007ff7b7770000 - 0x00007ff7b777e000 	C:\Users\GIOVANNI CHARLES\.jdks\openjdk-25.0.1\bin\java.exe
0x00007ff8bfbb0000 - 0x00007ff8bfda8000 	C:\Windows\SYSTEM32\ntdll.dll
0x00007ff8bf350000 - 0x00007ff8bf412000 	C:\Windows\System32\KERNEL32.DLL
0x00007ff8bd7d0000 - 0x00007ff8bdac7000 	C:\Windows\System32\KERNELBASE.dll
0x00007ff8bd270000 - 0x00007ff8bd370000 	C:\Windows\System32\ucrtbase.dll
0x00007ff8b8b20000 - 0x00007ff8b8b37000 	C:\Users\GIOVANNI CHARLES\.jdks\openjdk-25.0.1\bin\jli.dll
0x00007ff8879b0000 - 0x00007ff8879ce000 	C:\Users\GIOVANNI CHARLES\.jdks\openjdk-25.0.1\bin\VCRUNTIME140.dll
0x00007ff8bf690000 - 0x00007ff8bf82d000 	C:\Windows\System32\USER32.dll
0x00007ff8bd240000 - 0x00007ff8bd262000 	C:\Windows\System32\win32u.dll
0x00007ff8bfb40000 - 0x00007ff8bfb6b000 	C:\Windows\System32\GDI32.dll
0x00007ff8bd490000 - 0x00007ff8bd5a9000 	C:\Windows\System32\gdi32full.dll
0x00007ff8bd370000 - 0x00007ff8bd40d000 	C:\Windows\System32\msvcp_win.dll
0x00007ff8bc660000 - 0x00007ff8bc8fa000 	C:\Windows\WinSxS\amd64_microsoft.windows.common-controls_6595b64144ccf1df_6.0.19041.5915_none_60b4b9d171f9c7c7\COMCTL32.dll
0x00007ff8bec40000 - 0x00007ff8becde000 	C:\Windows\System32\msvcrt.dll
0x00007ff8bfb10000 - 0x00007ff8bfb3f000 	C:\Windows\System32\IMM32.DLL
0x00007ff8b8b90000 - 0x00007ff8b8b9c000 	C:\Users\GIOVANNI CHARLES\.jdks\openjdk-25.0.1\bin\vcruntime140_1.dll
0x00007ff883840000 - 0x00007ff8838cd000 	C:\Users\GIOVANNI CHARLES\.jdks\openjdk-25.0.1\bin\msvcp140.dll
0x00007fff9bce0000 - 0x00007fff9cb3f000 	C:\Users\GIOVANNI CHARLES\.jdks\openjdk-25.0.1\bin\server\jvm.dll
0x00007ff8be5b0000 - 0x00007ff8be661000 	C:\Windows\System32\ADVAPI32.dll
0x00007ff8bf130000 - 0x00007ff8bf1cf000 	C:\Windows\System32\sechost.dll
0x00007ff8bdbd0000 - 0x00007ff8bdcf6000 	C:\Windows\System32\RPCRT4.dll
0x00007ff8bd640000 - 0x00007ff8bd667000 	C:\Windows\System32\bcrypt.dll
0x00007ff8bf2e0000 - 0x00007ff8bf34b000 	C:\Windows\System32\WS2_32.dll
0x00007ff8bd0a0000 - 0x00007ff8bd0eb000 	C:\Windows\SYSTEM32\POWRPROF.dll
0x00007ff8b2bc0000 - 0x00007ff8b2be7000 	C:\Windows\SYSTEM32\WINMM.dll
0x00007ff8b9b50000 - 0x00007ff8b9b5a000 	C:\Windows\SYSTEM32\VERSION.dll
0x00007ff8bcfd0000 - 0x00007ff8bcfe2000 	C:\Windows\SYSTEM32\UMPDC.dll
0x00007ff8ba170000 - 0x00007ff8ba182000 	C:\Windows\SYSTEM32\kernel.appcore.dll
0x00007ff8b8440000 - 0x00007ff8b844a000 	C:\Users\GIOVANNI CHARLES\.jdks\openjdk-25.0.1\bin\jimage.dll
0x00007ff8bcb70000 - 0x00007ff8bcd71000 	C:\Windows\SYSTEM32\DBGHELP.DLL
0x00007ff8bcb30000 - 0x00007ff8bcb64000 	C:\Windows\SYSTEM32\dbgcore.DLL
0x00007ff8bd5b0000 - 0x00007ff8bd632000 	C:\Windows\System32\bcryptPrimitives.dll
0x00007ff8b7cc0000 - 0x00007ff8b7cd0000 	C:\Users\GIOVANNI CHARLES\.jdks\openjdk-25.0.1\bin\instrument.dll
0x00007ff8870a0000 - 0x00007ff8870bf000 	C:\Users\GIOVANNI CHARLES\.jdks\openjdk-25.0.1\bin\java.dll
0x00007ff8bf9e0000 - 0x00007ff8bfb0b000 	C:\Windows\System32\ole32.dll
0x00007ff8bedd0000 - 0x00007ff8bf123000 	C:\Windows\System32\combase.dll
0x00007ff8bde20000 - 0x00007ff8be58e000 	C:\Windows\System32\SHELL32.dll
0x00007ff8ba550000 - 0x00007ff8bacf4000 	C:\Windows\SYSTEM32\windows.storage.dll
0x00007ff8bc400000 - 0x00007ff8bc42b000 	C:\Windows\SYSTEM32\Wldp.dll
0x00007ff8beb70000 - 0x00007ff8bec3d000 	C:\Windows\System32\OLEAUT32.dll
0x00007ff8bf1d0000 - 0x00007ff8bf27d000 	C:\Windows\System32\SHCORE.dll
0x00007ff8bddc0000 - 0x00007ff8bde1b000 	C:\Windows\System32\shlwapi.dll
0x00007ff8bd170000 - 0x00007ff8bd194000 	C:\Windows\SYSTEM32\profapi.dll
0x00007ff884d50000 - 0x00007ff884d67000 	C:\Users\GIOVANNI CHARLES\.jdks\openjdk-25.0.1\bin\zip.dll
0x00007ff885dd0000 - 0x00007ff885de2000 	C:\Users\GIOVANNI CHARLES\.jdks\openjdk-25.0.1\bin\net.dll
0x00007ff8bc1e0000 - 0x00007ff8bc24a000 	C:\Windows\system32\mswsock.dll
0x00007ff885db0000 - 0x00007ff885dc6000 	C:\Users\GIOVANNI CHARLES\.jdks\openjdk-25.0.1\bin\nio.dll
0x00007ff8a9ba0000 - 0x00007ff8a9ba9000 	C:\Users\GIOVANNI CHARLES\.jdks\openjdk-25.0.1\bin\extnet.dll
0x00007ff893cf0000 - 0x00007ff893cfa000 	C:\Users\GIOVANNI CHARLES\.jdks\openjdk-25.0.1\bin\management.dll
0x00007ff890800000 - 0x00007ff89080c000 	C:\Users\GIOVANNI CHARLES\.jdks\openjdk-25.0.1\bin\management_ext.dll
0x00007ff8bf4d0000 - 0x00007ff8bf4d8000 	C:\Windows\System32\PSAPI.DLL
0x00007ff893d80000 - 0x00007ff893d8e000 	C:\Users\GIOVANNI CHARLES\.jdks\openjdk-25.0.1\bin\sunmscapi.dll
0x00007ff8bd670000 - 0x00007ff8bd7cd000 	C:\Windows\System32\CRYPT32.dll
0x00007ff8bc540000 - 0x00007ff8bc567000 	C:\Windows\SYSTEM32\ncrypt.dll
0x00007ff8bc450000 - 0x00007ff8bc48b000 	C:\Windows\SYSTEM32\NTASN1.dll
0x00007ff8bcf30000 - 0x00007ff8bcf48000 	C:\Windows\SYSTEM32\CRYPTSP.dll
0x00007ff8bbb80000 - 0x00007ff8bbbb8000 	C:\Windows\system32\rsaenh.dll
0x00007ff8bd0f0000 - 0x00007ff8bd11e000 	C:\Windows\SYSTEM32\USERENV.dll
0x00007ff8bc370000 - 0x00007ff8bc37c000 	C:\Windows\SYSTEM32\CRYPTBASE.dll
0x00007ff8bbee0000 - 0x00007ff8bbf1b000 	C:\Windows\SYSTEM32\IPHLPAPI.DLL
0x00007ff8bf680000 - 0x00007ff8bf688000 	C:\Windows\System32\NSI.dll
0x00007ff8996f0000 - 0x00007ff899707000 	C:\Windows\system32\napinsp.dll
0x00007ff8996d0000 - 0x00007ff8996eb000 	C:\Windows\system32\pnrpnsp.dll
0x00007ff898e00000 - 0x00007ff898e1d000 	C:\Windows\system32\wshbth.dll
0x00007ff8b6ad0000 - 0x00007ff8b6aed000 	C:\Windows\system32\NLAapi.dll
0x00007ff8bbf20000 - 0x00007ff8bbfea000 	C:\Windows\SYSTEM32\DNSAPI.dll
0x00007ff8a9b80000 - 0x00007ff8a9b92000 	C:\Windows\System32\winrnr.dll
0x00007ff8adce0000 - 0x00007ff8adcea000 	C:\Windows\System32\rasadhlp.dll
0x00007ff8ad890000 - 0x00007ff8ad910000 	C:\Windows\System32\fwpuclnt.dll
0x00007ff8b5760000 - 0x00007ff8b5777000 	C:\Windows\SYSTEM32\dhcpcsvc6.DLL
0x00007ff8b56d0000 - 0x00007ff8b56ed000 	C:\Windows\SYSTEM32\dhcpcsvc.DLL
0x00007ff8b9530000 - 0x00007ff8b9537000 	C:\Windows\system32\wshunix.dll

JVMTI agents:
C:\Program Files\JetBrains\IntelliJ IDEA Community Edition 2025.1.3\lib\idea_rt.jar path:C:\Users\GIOVANNI CHARLES\.jdks\openjdk-25.0.1\bin\instrument.dll, loaded, initialized, instrumentlib options:52478

dbghelp: loaded successfully - version: 4.0.5 - missing functions: none
symbol engine: initialized successfully - sym options: 0x614 - pdb path: .;C:\Users\GIOVANNI CHARLES\.jdks\openjdk-25.0.1\bin;C:\Windows\SYSTEM32;C:\Windows\WinSxS\amd64_microsoft.windows.common-controls_6595b64144ccf1df_6.0.19041.5915_none_60b4b9d171f9c7c7;C:\Users\GIOVANNI CHARLES\.jdks\openjdk-25.0.1\bin\server

VM Arguments:
jvm_args: -Dsocket.server.port=33833 -javaagent:C:\Program Files\JetBrains\IntelliJ IDEA Community Edition 2025.1.3\lib\idea_rt.jar=52478 -Dfile.encoding=UTF-8 -Dsun.stdout.encoding=UTF-8 -Dsun.stderr.encoding=UTF-8 
java_command: com.NTFOODS.Api_tanty.ApiTantyApplication
java_class_path (initial): D:\SAINT JEAN\ME\LICENCE 3 ISJ 2025-2026\STAGE DE FIN DE CYCLE\Developpement\local\tanty_erp\Api_tanty\target\classes;C:\Users\GIOVANNI CHARLES\.m2\repository\org\springframework\boot\spring-boot-starter-data-jpa\4.0.6\spring-boot-starter-data-jpa-4.0.6.jar;C:\Users\GIOVANNI CHARLES\.m2\repository\org\springframework\boot\spring-boot-starter\4.0.6\spring-boot-starter-4.0.6.jar;C:\Users\GIOVANNI CHARLES\.m2\repository\org\springframework\boot\spring-boot-starter-logging\4.0.6\spring-boot-starter-logging-4.0.6.jar;C:\Users\GIOVANNI CHARLES\.m2\repository\ch\qos\logback\logback-classic\1.5.32\logback-classic-1.5.32.jar;C:\Users\GIOVANNI CHARLES\.m2\repository\ch\qos\logback\logback-core\1.5.32\logback-core-1.5.32.jar;C:\Users\GIOVANNI CHARLES\.m2\repository\org\apache\logging\log4j\log4j-to-slf4j\2.25.4\log4j-to-slf4j-2.25.4.jar;C:\Users\GIOVANNI CHARLES\.m2\repository\org\apache\logging\log4j\log4j-api\2.25.4\log4j-api-2.25.4.jar;C:\Users\GIOVANNI CHARLES\.m2\repository\org\slf4j\jul-to-slf4j\2.0.17\jul-to-slf4j-2.0.17.jar;C:\Users\GIOVANNI CHARLES\.m2\repository\jakarta\annotation\jakarta.annotation-api\3.0.0\jakarta.annotation-api-3.0.0.jar;C:\Users\GIOVANNI CHARLES\.m2\repository\org\yaml\snakeyaml\2.5\snakeyaml-2.5.jar;C:\Users\GIOVANNI CHARLES\.m2\repository\org\springframework\boot\spring-boot-starter-jdbc\4.0.6\spring-boot-starter-jdbc-4.0.6.jar;C:\Users\GIOVANNI CHARLES\.m2\repository\org\springframework\boot\spring-boot-data-jpa\4.0.6\spring-boot-data-jpa-4.0.6.jar;C:\Users\GIOVANNI CHARLES\.m2\repository\org\springframework\boot\spring-boot-data-commons\4.0.6\spring-boot-data-commons-4.0.6.jar;C:\Users\GIOVANNI CHARLES\.m2\repository\org\springframework\boot\spring-boot-persistence\4.0.6\spring-boot-persistence-4.0.6.jar;C:\Users\GIOVANNI CHARLES\.m2\repository\org\springframework\data\spring-data-commons\4.0.5\spring-data-commons-4.0.5.jar;C:\Users\GIOVANNI CHARLES\.m2\repository\org\springframework\boot\spring-boot-hibernate\4.0.6\spring-boot-hibernate-4.0.6.jar;C:\Users\GIOVANNI CHARLES\.m2\repository\org\springframework\boot\spring-boot-jpa\4.0.6\spring-boot-jpa-4.0.6.jar;C:\Users\GIOVANNI CHARLES\.m2\repository\jakarta\persistence\jakarta.persistence-api\3.2.0\jakarta.persistence-api-3.2.0.jar;C:\Users\GIOVANNI CHARLES\.m2\repository\org\hibernate\orm\hibernate-core\7.2.12.Final\hibernate-core-7.2.12.Final.jar;C:\Users\GIOVANNI CHARLES\.m2\repository\jakarta\transaction\jakarta.transaction-api\2.0.1\jakarta.transaction-api-2.0.1.jar;C:\Users\GIOVANNI CHARLES\.m2\repository\org\hibernate\models\hibernate-models\1.0.1\hibernate-models-1.0.1.jar;C:\Users\GIOVANNI CHARLES\.m2\repository\org\glassfish\jaxb\jaxb-runtime\4.0.6\jaxb-runtime-4.0.6.jar;C:\Users\GIOVANNI CHARLES\.m2\repository\org\glassfish\jaxb\jaxb-core\4.0.6\jaxb-core-4.0.6.jar;C:\Users\GIOVANNI CHARLES\.m2\repository\org\eclipse\angus\angus-activation\2.0.3\angus-activation-2.0.3.jar;C:\Users\GIOVANNI CHARLES\.m2\repository\org\glassfish\jaxb\txw2\4.0.6\txw2-4.0.6.jar;C:\Users\GIOVANNI CHARLES\.m2\repository\com\sun\istack\istack-commons-runtime\4.1.2\istack-commons-runtime-4.1.2.jar;C:\Users\GIOVANNI CHARLES\.m2\repository\jakarta\inject\jakarta.inject-api\2.0.1\jakarta.inject-api-2.0.1.jar;C:\Users\GIOVANNI CHARLES\.m2\repository\org\springframework\spring-orm\7.0.7\spring-orm-7.0.7.jar;C:\Users\GIOVANNI CHARLES\.m2\repository\org\springframework\data\spring-data-jpa\4.0.5\spring-data-jpa-4.0.5.jar;C:\Users\GIOVANNI CHARLES\.m2\repository\org\springframework\spring-tx\7.0.7\spring-tx-7.0.7.jar;C:\Users\GIOVANNI CHARLES\.m2\repository\org\antlr\antlr4-runtime\4.13.2\antlr4-runtime-4.13.2.jar;C:\Users\GIOVANNI CHARLES\.m2\repository\org\springframework\spring-aspects\7.0.7\spring-aspects-7.0.7.jar;C:\Users\GIOVANNI CHARLES\.m2\repository\org\aspectj\aspectjweaver\1.9.25.1\aspectjweaver-1.9.25.1.jar;C:\Users\GIOVANNI CHARLES\.m2\repository\org\springframework\boot\spring-boot-jdbc\4.0.6\spring-boot-jdbc-4.0.6.jar;C:\Users\GIOVANNI CHARLES\.m2\repository\org\springframework\boot\spring-boot-sql\4.0.6\spring-boot-sql-4.0.6.jar;C:\Users\GIOVANNI CHARLES\.m2\repository\org\springframework\boot\spring-boot-transaction\4.0.6\spring-boot-transaction-4.0.6.jar;C:\Users\GIOVANNI CHARLES\.m2\repository\org\springframework\spring-jdbc\7.0.7\spring-jdbc-7.0.7.jar;C:\Users\GIOVANNI CHARLES\.m2\repository\org\springframework\boot\spring-boot-starter-data-redis\4.0.6\spring-boot-starter-data-redis-4.0.6.jar;C:\Users\GIOVANNI CHARLES\.m2\repository\org\springframework\boot\spring-boot-data-redis\4.0.6\spring-boot-data-redis-4.0.6.jar;C:\Users\GIOVANNI CHARLES\.m2\repository\io\lettuce\lettuce-core\6.8.2.RELEASE\lettuce-core-6.8.2.RELEASE.jar;C:\Users\GIOVANNI CHARLES\.m2\repository\redis\clients\authentication\redis-authx-core\0.1.1-beta2\redis-authx-core-0.1.1-beta2.jar;C:\Users\GIOVANNI CHARLES\.m2\repository\io\netty\netty-common\4.2.12.Final\netty-common-4.2.12.Final.jar;C:\Users\GIOVANNI CHARLES\.m2\repository\io\netty\netty-handler\4.2.12.Final\netty-handler-4.2.12.Final.jar;C:\Users\GIOVANNI CHARLES\.m2\repository\io\netty\netty-resolver\4.2.12.Final\netty-resolver-4.2.12.Final.jar;C:\Users\GIOVANNI CHARLES\.m2\repository\io\netty\netty-buffer\4.2.12.Final\netty-buffer-4.2.12.Final.jar;C:\Users\GIOVANNI CHARLES\.m2\repository\io\netty\netty-transport-native-unix-common\4.2.12.Final\netty-transport-native-unix-common-4.2.12.Final.jar;C:\Users\GIOVANNI CHARLES\.m2\repository\io\netty\netty-codec-base\4.2.12.Final\netty-codec-base-4.2.12.Final.jar;C:\Users\GIOVANNI CHARLES\.m2\repository\io\netty\netty-transport\4.2.12.Final\netty-transport-4.2.12.Final.jar;C:\Users\GIOVANNI CHARLES\.m2\repository\io\projectreactor\reactor-core\3.8.5\reactor-core-3.8.5.jar;C:\Users\GIOVANNI CHARLES\.m2\repository\org\reactivestreams\reactive-streams\1.0.4\reactive-streams-1.0.4.jar;C:\Users\GIOVANNI CHARLES\.m2\repository\io\netty\netty-resolver-dns\4.2.12.Final\netty-resolver-dns-4.2.12.Final.jar;C:\Users\GIOVANNI CHARLES\.m2\repository\io\netty\netty-codec-dns\4.2.12.Final\netty-codec-dns-4.2.12.Final.jar;C:\Users\GIOVANNI CHARLES\.m2\repository\org\springframework\data\spring-data-redis\4.0.5\spring-data-redis-4.0.5.jar;C:\Users\GIOVANNI CHARLES\.m2\repository\org\springframework\data\spring-data-keyvalue\4.0.5\spring-data-keyvalue-4.0.5.jar;C:\Users\GIOVANNI CHARLES\.m2\repository\org\springframework\spring-oxm\7.0.7\spring-oxm-7.0.7.jar;C:\Users\GIOVANNI CHARLES\.m2\repository\org\springframework\boot\spring-boot-netty\4.0.6\spring-boot-netty-4.0.6.jar;C:\Users\GIOVANNI CHARLES\.m2\repository\org\springframework\boot\spring-boot-starter-cache\4.0.6\spring-boot-starter-cache-4.0.6.jar;C:\Users\GIOVANNI CHARLES\.m2\repository\org\springframework\boot\spring-boot-cache\4.0.6\spring-boot-cache-4.0.6.jar;C:\Users\GIOVANNI CHARLES\.m2\repository\org\springframework\spring-context-support\7.0.7\spring-context-support-7.0.7.jar;C:\Users\GIOVANNI CHARLES\.m2\repository\com\zaxxer\HikariCP\7.0.2\HikariCP-7.0.2.jar;C:\Users\GIOVANNI CHARLES\.m2\repository\org\slf4j\slf4j-api\2.0.17\slf4j-api-2.0.17.jar;C:\Users\GIOVANNI CHARLES\.m2\repository\org\springframework\boot\spring-boot-starter-security\4.0.6\spring-boot-starter-security-4.0.6.jar;C:\Users\GIOVANNI CHARLES\.m2\repository\org\springframework\boot\spring-boot-security\4.0.6\spring-boot-security-4.0.6.jar;C:\Users\GIOVANNI CHARLES\.m2\repository\org\springframework\security\spring-security-config\7.0.5\spring-security-config-7.0.5.jar;C:\Users\GIOVANNI CHARLES\.m2\repository\org\springframework\security\spring-security-core\7.0.5\spring-security-core-7.0.5.jar;C:\Users\GIOVANNI CHARLES\.m2\repository\org\springframework\security\spring-security-crypto\7.0.5\spring-security-crypto-7.0.5.jar;C:\Users\GIOVANNI CHARLES\.m2\repository\org\springframework\security\spring-security-web\7.0.5\spring-security-web-7.0.5.jar;C:\Users\GIOVANNI CHARLES\.m2\repository\org\springframework\spring-expression\7.0.7\spring-expression-7.0.7.jar;C:\Users\GIOVANNI CHARLES\.m2\repository\org\springframework\spring-aop\7.0.7\spring-aop-7.0.7.jar;C:\Users\GIOVANNI CHARLES\.m2\repository\org\springframework\spring-beans\7.0.7\spring-beans-7.0.7.jar;C:\Users\GIOVANNI CHARLES\.m2\repository\org\springframework\spring-core\7.0.7\spring-core-7.0.7.jar;C:\Users\GIOVANNI CHARLES\.m2\repository\commons-logging\commons-logging\1.3.6\commons-logging-1.3.6.jar;C:\Users\GIOVANNI CHARLES\.m2\repository\org\springframework\boot\spring-boot-starter-validation\4.0.6\spring-boot-starter-validation-4.0.6.jar;C:\Users\GIOVANNI CHARLES\.m2\repository\org\springframework\boot\spring-boot-validation\4.0.6\spring-boot-validation-4.0.6.jar;C:\Users\GIOVANNI CHARLES\.m2\repository\org\apache\tomcat\embed\tomcat-embed-el\11.0.21\tomcat-embed-el-11.0.21.jar;C:\Users\GIOVANNI CHARLES\.m2\repository\org\hibernate\validator\hibernate-validator\9.0.1.Final\hibernate-validator-9.0.1.Final.jar;C:\Users\GIOVANNI CHARLES\.m2\repository\jakarta\validation\jakarta.validation-api\3.1.1\jakarta.validation-api-3.1.1.jar;C:\Users\GIOVANNI CHARLES\.m2\repository\org\jboss\logging\jboss-logging\3.6.3.Final\jboss-logging-3.6.3.Final.jar;C:\Users\GIOVANNI CHARLES\.m2\repository\com\fasterxml\classmate\1.7.3\classmate-1.7.3.jar;C:\Users\GIOVANNI CHARLES\.m2\repository\org\springframework\boot\spring-boot-starter-webmvc\4.0.6\spring-boot-starter-webmvc-4.0.6.jar;C:\Users\GIOVANNI CHARLES\.m2\repository\org\springframework\boot\spring-boot-starter-jackson\4.0.6\spring-boot-starter-jackson-4.0.6.jar;C:\Users\GIOVANNI CHARLES\.m2\repository\org\springframework\boot\spring-boot-jackson\4.0.6\spring-boot-jackson-4.0.6.jar;C:\Users\GIOVANNI CHARLES\.m2\repository\tools\jackson\core\jackson-databind\3.1.2\jackson-databind-3.1.2.jar;C:\Users\GIOVANNI CHARLES\.m2\repository\tools\jackson\core\jackson-core\3.1.2\jackson-core-3.1.2.jar;C:\Users\GIOVANNI CHARLES\.m2\repository\org\springframework\boot\spring-boot-starter-tomcat\4.0.6\spring-boot-starter-tomcat-4.0.6.jar;C:\Users\GIOVANNI CHARLES\.m2\repository\org\springframework\boot\spring-boot-starter-tomcat-runtime\4.0.6\spring-boot-starter-tomcat-runtime-4.0.6.jar;C:\Users\GIOVANNI CHARLES\.m2\repository\org\apache\tomcat\embed\tomcat-embed-core\11.0.21\tomcat-embed-core-11.0.21.jar;C:\Users\GIOVANNI CHARLES\.m2\repository\org\apache\tomcat\embed\tomcat-embed-websocket\11.0.21\tomcat-embed-websocket-11.0.21.jar;C:\Users\GIOVANNI CHARLES\.m2\repository\org\springframework\boot\spring-boot-tomcat\4.0.6\spring-boot-tomcat-4.0.6.jar;C:\Users\GIOVANNI CHARLES\.m2\repository\org\springframework\boot\spring-boot-http-converter\4.0.6\spring-boot-http-converter-4.0.6.jar;C:\Users\GIOVANNI CHARLES\.m2\repository\org\springframework\spring-web\7.0.7\spring-web-7.0.7.jar;C:\Users\GIOVANNI CHARLES\.m2\repository\io\micrometer\micrometer-observation\1.16.5\micrometer-observation-1.16.5.jar;C:\Users\GIOVANNI CHARLES\.m2\repository\io\micrometer\micrometer-commons\1.16.5\micrometer-commons-1.16.5.jar;C:\Users\GIOVANNI CHARLES\.m2\repository\org\springframework\boot\spring-boot-webmvc\4.0.6\spring-boot-webmvc-4.0.6.jar;C:\Users\GIOVANNI CHARLES\.m2\repository\org\springframework\boot\spring-boot-servlet\4.0.6\spring-boot-servlet-4.0.6.jar;C:\Users\GIOVANNI CHARLES\.m2\repository\org\springframework\spring-webmvc\7.0.7\spring-webmvc-7.0.7.jar;C:\Users\GIOVANNI CHARLES\.m2\repository\org\springdoc\springdoc-openapi-starter-webmvc-ui\3.0.2\springdoc-openapi-starter-webmvc-ui-3.0.2.jar;C:\Users\GIOVANNI CHARLES\.m2\repository\org\springdoc\springdoc-openapi-starter-webmvc-api\3.0.2\springdoc-openapi-starter-webmvc-api-3.0.2.jar;C:\Users\GIOVANNI CHARLES\.m2\repository\org\springdoc\springdoc-openapi-starter-common\3.0.2\springdoc-openapi-starter-common-3.0.2.jar;C:\Users\GIOVANNI CHARLES\.m2\repository\io\swagger\core\v3\swagger-core-jakarta\2.2.43\swagger-core-jakarta-2.2.43.jar;C:\Users\GIOVANNI CHARLES\.m2\repository\org\apache\commons\commons-lang3\3.19.0\commons-lang3-3.19.0.jar;C:\Users\GIOVANNI CHARLES\.m2\repository\io\swagger\core\v3\swagger-annotations-jakarta\2.2.43\swagger-annotations-jakarta-2.2.43.jar;C:\Users\GIOVANNI CHARLES\.m2\repository\io\swagger\core\v3\swagger-models-jakarta\2.2.43\swagger-models-jakarta-2.2.43.jar;C:\Users\GIOVANNI CHARLES\.m2\repository\com\fasterxml\jackson\dataformat\jackson-dataformat-yaml\2.21.2\jackson-dataformat-yaml-2.21.2.jar;C:\Users\GIOVANNI CHARLES\.m2\repository\com\fasterxml\jackson\datatype\jackson-datatype-jsr310\2.21.2\jackson-datatype-jsr310-2.21.2.jar;C:\Users\GIOVANNI CHARLES\.m2\repository\org\springframework\boot\spring-boot-web-server\4.0.6\spring-boot-web-server-4.0.6.jar;C:\Users\GIOVANNI CHARLES\.m2\repository\org\webjars\swagger-ui\5.32.0\swagger-ui-5.32.0.jar;C:\Users\GIOVANNI CHARLES\.m2\repository\org\webjars\webjars-locator-lite\1.1.3\webjars-locator-lite-1.1.3.jar;C:\Users\GIOVANNI CHARLES\.m2\repository\org\jspecify\jspecify\1.0.0\jspecify-1.0.0.jar;C:\Users\GIOVANNI CHARLES\.m2\repository\io\jsonwebtoken\jjwt-api\0.11.5\jjwt-api-0.11.5.jar;C:\Users\GIOVANNI CHARLES\.m2\repository\io\jsonwebtoken\jjwt-impl\0.11.5\jjwt-impl-0.11.5.jar;C:\Users\GIOVANNI CHARLES\.m2\repository\io\jsonwebtoken\jjwt-jackson\0.11.5\jjwt-jackson-0.11.5.jar;C:\Users\GIOVANNI CHARLES\.m2\repository\com\fasterxml\jackson\core\jackson-databind\2.21.2\jackson-databind-2.21.2.jar;C:\Users\GIOVANNI CHARLES\.m2\repository\com\fasterxml\jackson\core\jackson-annotations\2.21\jackson-annotations-2.21.jar;C:\Users\GIOVANNI CHARLES\.m2\repository\com\fasterxml\jackson\core\jackson-core\2.21.2\jackson-core-2.21.2.jar;C:\Users\GIOVANNI CHARLES\.m2\repository\org\springframework\boot\spring-boot-devtools\4.0.6\spring-boot-devtools-4.0.6.jar;C:\Users\GIOVANNI CHARLES\.m2\repository\org\springframework\boot\spring-boot\4.0.6\spring-boot-4.0.6.jar;C:\Users\GIOVANNI CHARLES\.m2\repository\org\springframework\spring-context\7.0.7\spring-context-7.0.7.jar;C:\Users\GIOVANNI CHARLES\.m2\repository\org\springframework\boot\spring-boot-autoconfigure\4.0.6\spring-boot-autoconfigure-4.0.6.jar;C:\Users\GIOVANNI CHARLES\.m2\repository\org\postgresql\postgresql\42.7.10\postgresql-42.7.10.jar;C:\Users\GIOVANNI CHARLES\.m2\repository\org\checkerframework\checker-qual\3.52.0\checker-qual-3.52.0.jar;C:\Users\GIOVANNI CHARLES\.m2\repository\org\projectlombok\lombok\1.18.46\lombok-1.18.46.jar;C:\Users\GIOVANNI CHARLES\.m2\repository\jakarta\xml\bind\jakarta.xml.bind-api\4.0.4\jakarta.xml.bind-api-4.0.4.jar;C:\Users\GIOVANNI CHARLES\.m2\repository\jakarta\activation\jakarta.activation-api\2.1.4\jakarta.activation-api-2.1.4.jar;C:\Users\GIOVANNI CHARLES\.m2\repository\net\bytebuddy\byte-buddy\1.17.8\byte-buddy-1.17.8.jar;C:\Users\GIOVANNI CHARLES\.restfulApiTool\lib\spring-socket-plugin-starter-1.0.0.jar
Launcher Type: SUN_STANDARD

[Global flags]
     intx CICompilerCount                          = 12                                        {product} {ergonomic}
     uint ConcGCThreads                            = 3                                         {product} {ergonomic}
     uint G1ConcRefinementThreads                  = 13                                        {product} {ergonomic}
   size_t G1HeapRegionSize                         = 2097152                                   {product} {ergonomic}
   size_t InitialHeapSize                          = 232783872                                 {product} {ergonomic}
   size_t MarkStackSize                            = 4194304                                   {product} {ergonomic}
   size_t MarkStackSizeMax                         = 536870912                                 {product} {ergonomic}
   size_t MaxHeapSize                              = 3718250496                                {product} {ergonomic}
   size_t MaxNewSize                               = 2229272576                                {product} {ergonomic}
   size_t MinHeapDeltaBytes                        = 2097152                                   {product} {ergonomic}
   size_t MinHeapSize                              = 8388608                                   {product} {ergonomic}
    uintx NonNMethodCodeHeapSize                   = 7602176                                {pd product} {ergonomic}
    uintx NonProfiledCodeHeapSize                  = 122093568                              {pd product} {ergonomic}
    uintx ProfiledCodeHeapSize                     = 121962496                              {pd product} {ergonomic}
    uintx ReservedCodeCacheSize                    = 251658240                              {pd product} {ergonomic}
     bool SegmentedCodeCache                       = true                                      {product} {ergonomic}
   size_t SoftMaxHeapSize                          = 3718250496                             {manageable} {ergonomic}
     bool UseCompressedOops                        = true                           {product lp64_product} {ergonomic}
     bool UseG1GC                                  = true                                      {product} {ergonomic}
     bool UseLargePagesIndividualAllocation        = false                                  {pd product} {ergonomic}

Logging:
Log output configuration:
 #0: stdout all=warning uptime,level,tags foldmultilines=false
 #1: stderr all=off uptime,level,tags foldmultilines=false

Release file:
IMPLEMENTOR="Oracle Corporation" 
JAVA_RUNTIME_VERSION="25.0.1+8-27" 
JAVA_VERSION="25.0.1" 
JAVA_VERSION_DATE="2025-10-21" 
LIBC="default" 
MODULES="java.base java.compiler java.datatransfer java.xml java.prefs java.desktop java.instrument java.logging java.management java.security.sasl java.naming java.rmi java.management.rmi java.net.http java.scripting java.security.jgss java.transaction.xa java.sql java.sql.rowset java.xml.crypto java.se java.smartcardio jdk.accessibility jdk.internal.jvmstat jdk.attach jdk.charsets jdk.internal.opt jdk.zipfs jdk.compiler jdk.crypto.cryptoki jdk.crypto.ec jdk.crypto.mscapi jdk.dynalink jdk.internal.ed jdk.editpad jdk.internal.vm.ci jdk.graal.compiler jdk.graal.compiler.management jdk.hotspot.agent jdk.httpserver jdk.incubator.vector jdk.internal.le jdk.internal.md jdk.jartool jdk.javadoc jdk.jcmd jdk.management jdk.management.agent jdk.jconsole jdk.jdeps jdk.jdwp.agent jdk.jdi jdk.jfr jdk.jlink jdk.jpackage jdk.jshell jdk.jsobject jdk.jstatd jdk.localedata jdk.management.jfr jdk.naming.dns jdk.naming.rmi jdk.net jdk.nio.mapmode jdk.sctp jdk.security.auth jdk.security.jgss jdk.unsupported jdk.unsupported.desktop jdk.xml.dom" 
OS_ARCH="x86_64" 
OS_NAME="Windows" 
SOURCE=".:git:78770bfaefd2" 

Environment Variables:
JAVA_HOME=C:\Program Files\Java\jdk-17
PATH=C:\ProgramData\Oracle\Java\javapath;C:\Program Files\Eclipse Adoptium\jdk-21.0.9.10-hotspot\bin;D:\oracle\dbhomeFree\bin;C:\Program Files\Common Files\Oracle\Java\javapath;C:\Program Files (x86)\Common Files\Intel\Shared Libraries\redist\intel64\compiler;C:\Windows\system32;C:\Windows;C:\Windows\System32\Wbem;C:\Windows\System32\WindowsPowerShell\v1.0\;C:\Windows\System32\OpenSSH\;C:\Program Files\dotnet\;C:\Program Files\nodejs\;C:\composer;C:\Program Files\PuTTY\;C:\xampp\php;C:\Program Files\Docker\Docker\resources\bin;C:\Program Files\Git\cmd;C:\Program Files\Microsoft VS Code\bin;C:\Program Files\Microsoft SQL Server\150\Tools\Binn\;C:\Program Files\Microsoft SQL Server\Client SDK\ODBC\170\Tools\Binn\;D:\FLUTTER\install_flutter\flutter\bin;C:\Users\GIOVANNI CHARLES\AppData\Local\Programs\Python\Python312\Scripts\;C:\Users\GIOVANNI CHARLES\AppData\Local\Programs\Python\Python312\;C:\Users\GIOVANNI CHARLES\AppData\Local\Microsoft\WindowsApps;C:\Program Files\JetBrains\PyCharm 2024.1\bin;C:\Users\GIOVANNI CHARLES\AppData\Local\Microsoft\WinGet\Packages\Schniz.fnm_Microsoft.Winget.Source_8wekyb3d8bbwe;C:\xampp\mysql\bin;C:\Users\GIOVANNI CHARLES\AppData\Local\GitHubDesktop\bin;C:\Users\GIOVANNI CHARLES\AppData\Roaming\npm;C:\Users\GIOVANNI CHARLES\AppData\Roaming\Composer\vendor\bin;C:\Users\GIOVANNI CHARLES\.fly\bin;C:\Users\GIOVANNI CHARLES\AppData\Local\Google\Cloud SDK\google-cloud-sdk\bin;C:\Program Files\JetBrains\IntelliJ IDEA 2025.1.3\bin;;C:\Program Files\JetBrains\IntelliJ IDEA Community Edition 2025.1.3\bin;;C:\Program Files\JetBrains\PyCharm 2025.1.1.1\bin;;C:\Program Files (x86)\Brackets\;C:\Program Files\JetBrains\WebStorm 2025.1.3\bin;;C:\Users\GIOVANNI CHARLES\AppData\Local\Programs\Kiro\bin;C:\Program Files\JetBrains\PhpStorm 2025.2\bin;C:\Program Files\Java\jdk-17\bin;C:\Spark\spark-3.5.3-bin-hadoop3\bin;C:\Users\GIOVANNI CHARLES\.dotnet\tools;C:\Users\GIOVANNI CHARLES\AppData\Local\Programs\Microsoft VS Code\bin;D:\SAINT JEAN\ME\FLUTTER\install_flutter\flutter\bin;C:\Users\GIOVANNI CHARLES\AppData\Local\Programs\cursor\resources\app\bin;C:\Users\GIOVANNI CHARLES\AppData\Local\Programs\Windsurf\bin
USERNAME=GIOVANNI CHARLES
OS=Windows_NT
PROCESSOR_IDENTIFIER=AMD64 Family 23 Model 104 Stepping 1, AuthenticAMD
TMP=C:\Users\GIOVAN~1\AppData\Local\Temp
TEMP=C:\Users\GIOVAN~1\AppData\Local\Temp




Compilation memory statistics disabled.

Periodic native trim disabled

---------------  S Y S T E M  ---------------

OS:
 Windows 10 , 64 bit Build 19041 (10.0.19041.5915)
OS uptime: 4 days 2:27 hours
Hyper-V role detected

CPU: total 16 (initial active 16) (16 cores per cpu, 2 threads per core) family 23 model 104 stepping 1 microcode 0x0, cx8, cmov, fxsr, ht, mmx, 3dnowpref, sse, sse2, sse3, ssse3, sse4a, sse4.1, sse4.2, popcnt, lzcnt, tsc, tscinvbit, avx, avx2, aes, clmul, bmi1, bmi2, adx, sha, fma, vzeroupper, clflush, clflushopt, clwb, hv, rdtscp, rdpid, f16c
Processor Information for the first 16 processors :
  Max Mhz: 1801, Current Mhz: 1801, Mhz Limit: 1801

Memory: 4k page, system-wide physical 14181M (171M free)
TotalPageFile size 57189M (AvailPageFile size 2M)
current process WorkingSet (physical memory assigned to process): 281M, peak: 308M
current process commit charge ("private bytes"): 330M, peak: 375M

vm_info: OpenJDK 64-Bit Server VM (25.0.1+8-27) for windows-amd64 JRE (25.0.1+8-27), built on 2025-09-25T16:41:16Z with unknown MS VC++:1943

END.
