#
# There is insufficient memory for the Java Runtime Environment to continue.
# Native memory allocation (malloc) failed to allocate 1074576 bytes. Error detail: Chunk::new
# Possible reasons:
#   The system is out of physical RAM or swap space
#   This process is running with CompressedOops enabled, and the Java Heap may be blocking the growth of the native heap
# Possible solutions:
#   Reduce memory load on the system
#   Increase physical memory or swap space
#   Check if swap backing store is full
#   Decrease Java heap size (-Xmx/-Xms)
#   Decrease number of Java threads
#   Decrease Java thread stack sizes (-Xss)
#   Set larger code cache with -XX:ReservedCodeCacheSize=
#   JVM is running with Unscaled Compressed Oops mode in which the Java heap is
#     placed in the first 4GB address space. The Java Heap base address is the
#     maximum limit for the native heap growth. Please use -XX:HeapBaseMinAddress
#     to set the Java Heap base and to place the Java Heap above 4GB virtual address.
# This output file may be truncated or incomplete.
#
#  Out of Memory Error (arena.cpp:168), pid=37336, tid=9948
#
# JRE version: OpenJDK Runtime Environment Temurin-21.0.11+10 (21.0.11+10) (build 21.0.11+10-LTS)
# Java VM: OpenJDK 64-Bit Server VM Temurin-21.0.11+10 (21.0.11+10-LTS, mixed mode, sharing, tiered, compressed oops, compressed class ptrs, parallel gc, windows-amd64)
# No core dump will be written. Minidumps are not enabled by default on client versions of Windows
#

---------------  S U M M A R Y ------------

Command Line: --add-modules=ALL-SYSTEM --add-opens=java.base/java.util=ALL-UNNAMED --add-opens=java.base/java.lang=ALL-UNNAMED --add-opens=java.base/sun.nio.fs=ALL-UNNAMED -Declipse.application=org.eclipse.jdt.ls.core.id1 -Dosgi.bundles.defaultStartLevel=4 -Declipse.product=org.eclipse.jdt.ls.core.product -Djava.import.generatesMetadataFilesAtProjectRoot=false -DDetectVMInstallationsJob.disabled=true -Dfile.encoding=utf8 -XX:+UseParallelGC -XX:GCTimeRatio=4 -XX:AdaptiveSizePolicyWeight=90 -Dsun.zip.disableMemoryMapping=true -Xmx2G -Xms100m -Xlog:disable -javaagent:c:\Users\GIOVANNI CHARLES\.vscode\extensions\redhat.java-1.55.0-win32-x64\lombok\lombok-1.18.39-4050.jar -XX:+HeapDumpOnOutOfMemoryError -XX:HeapDumpPath=c:\Users\GIOVANNI CHARLES\AppData\Roaming\Code\User\workspaceStorage\507f4c708f0b265069fc17caff3f1339\redhat.java -Daether.dependencyCollector.impl=bf c:\Users\GIOVANNI CHARLES\.vscode\extensions\redhat.java-1.55.0-win32-x64\server\plugins\org.eclipse.equinox.launcher_1.7.200.v20260619-2039.jar -configuration c:\Users\GIOVANNI CHARLES\AppData\Roaming\Code\User\globalStorage\redhat.java\1.55.0\config_win -data c:\Users\GIOVANNI CHARLES\AppData\Roaming\Code\User\workspaceStorage\507f4c708f0b265069fc17caff3f1339\redhat.java\jdt_ws --pipe=\\.\pipe\lsp-c2972c2dce453d5387d6ef10d8b1f649-sock

Host: AMD Ryzen 7 5700U with Radeon Graphics         , 16 cores, 13G,  Windows 10 , 64 bit Build 19041 (10.0.19041.5915)
Time: Thu Jul 16 22:33:51 2026 W. Central Africa Standard Time elapsed time: 5506.858390 seconds (0d 1h 31m 46s)

---------------  T H R E A D  ---------------

Current thread (0x000001606d7df590):  JavaThread "C2 CompilerThread0" daemon [_thread_in_native, id=9948, stack(0x0000002a4cf00000,0x0000002a4d000000) (1024K)]


Current CompileTask:
C2:5506867 20342       4       java.lang.Throwable::printEnclosedStackTrace (350 bytes)

Stack: [0x0000002a4cf00000,0x0000002a4d000000]
Native frames: (J=compiled Java code, j=interpreted, Vv=VM code, C=native code)
V  [jvm.dll+0x6d7e19]
V  [jvm.dll+0x8b5096]
V  [jvm.dll+0x8b764e]
V  [jvm.dll+0x8b7d33]
V  [jvm.dll+0x284596]
V  [jvm.dll+0xc685d]
V  [jvm.dll+0xc6da1]
V  [jvm.dll+0x2fb4ee]
V  [jvm.dll+0x5fe9a4]
V  [jvm.dll+0x255d67]
V  [jvm.dll+0x25612d]
V  [jvm.dll+0x24e6a0]
V  [jvm.dll+0x24bbe6]
V  [jvm.dll+0x1cb4ae]
V  [jvm.dll+0x25baad]
V  [jvm.dll+0x25a03a]
V  [jvm.dll+0x3f868e]
V  [jvm.dll+0x85fb0d]
V  [jvm.dll+0x6d664d]
C  [ucrtbase.dll+0x21bb2]
C  [KERNEL32.DLL+0x17374]
C  [ntdll.dll+0x4cc91]


---------------  P R O C E S S  ---------------

Threads class SMR info:
_java_thread_list=0x000001607603efe0, length=60, elements={
0x00000160147b7950, 0x000001601476b730, 0x000001601476c6a0, 0x000001606d7d4720,
0x000001606d7d8af0, 0x000001606d7d9550, 0x000001606d7db250, 0x000001606d7df590,
0x000001606d7e1890, 0x000001606da2bdb0, 0x000001606da7e420, 0x0000016073678470,
0x000001607345a1e0, 0x00000160735131b0, 0x0000016073513820, 0x00000160739d8b70,
0x0000016073b21340, 0x00000160739f8ad0, 0x00000160743d3710, 0x00000160743d57e0,
0x00000160743d5150, 0x00000160743d4430, 0x0000016075705940, 0x00000160757031e0,
0x00000160756ff6d0, 0x00000160757003f0, 0x0000016075703870, 0x00000160756ff040,
0x00000160757052b0, 0x0000016075700a80, 0x00000160756fe9b0, 0x00000160756ffd60,
0x0000016075703f00, 0x0000016075702b50, 0x0000016075704590, 0x0000016075705fd0,
0x0000016075701110, 0x00000160757017a0, 0x0000016075701e30, 0x00000160757024c0,
0x0000016073cfab80, 0x0000016076067d80, 0x000001607606cc40, 0x00000160760697c0,
0x0000016076069e50, 0x000001607606bf20, 0x000001607606ab70, 0x000001607606b200,
0x0000016073cfd2e0, 0x0000016073cfcc50, 0x0000016073cfa4f0, 0x0000016073cfb210,
0x0000016073cfd970, 0x0000016073cfb8a0, 0x0000016073cfe690, 0x0000016073cf8ab0,
0x0000016073cf9e60, 0x0000016073cfc5c0, 0x0000016075704c20, 0x000001600624d290
}

Java Threads: ( => current thread )
  0x00000160147b7950 JavaThread "main"                              [_thread_blocked, id=34564, stack(0x0000002a4c500000,0x0000002a4c600000) (1024K)]
  0x000001601476b730 JavaThread "Reference Handler"          daemon [_thread_blocked, id=33820, stack(0x0000002a4c900000,0x0000002a4ca00000) (1024K)]
  0x000001601476c6a0 JavaThread "Finalizer"                  daemon [_thread_blocked, id=38064, stack(0x0000002a4ca00000,0x0000002a4cb00000) (1024K)]
  0x000001606d7d4720 JavaThread "Signal Dispatcher"          daemon [_thread_blocked, id=35064, stack(0x0000002a4cb00000,0x0000002a4cc00000) (1024K)]
  0x000001606d7d8af0 JavaThread "Attach Listener"            daemon [_thread_blocked, id=36280, stack(0x0000002a4cc00000,0x0000002a4cd00000) (1024K)]
  0x000001606d7d9550 JavaThread "Service Thread"             daemon [_thread_blocked, id=14772, stack(0x0000002a4cd00000,0x0000002a4ce00000) (1024K)]
  0x000001606d7db250 JavaThread "Monitor Deflation Thread"   daemon [_thread_blocked, id=38360, stack(0x0000002a4ce00000,0x0000002a4cf00000) (1024K)]
=>0x000001606d7df590 JavaThread "C2 CompilerThread0"         daemon [_thread_in_native, id=9948, stack(0x0000002a4cf00000,0x0000002a4d000000) (1024K)]
  0x000001606d7e1890 JavaThread "C1 CompilerThread0"         daemon [_thread_blocked, id=22972, stack(0x0000002a4d000000,0x0000002a4d100000) (1024K)]
  0x000001606da2bdb0 JavaThread "Common-Cleaner"             daemon [_thread_blocked, id=2724, stack(0x0000002a4d200000,0x0000002a4d300000) (1024K)]
  0x000001606da7e420 JavaThread "Notification Thread"        daemon [_thread_blocked, id=37212, stack(0x0000002a4d400000,0x0000002a4d500000) (1024K)]
  0x0000016073678470 JavaThread "Active Thread: Equinox Container: 024a5cff-5060-40f2-a13b-022c58f664ce"        [_thread_blocked, id=19252, stack(0x0000002a4db00000,0x0000002a4dc00000) (1024K)]
  0x000001607345a1e0 JavaThread "Refresh Thread: Equinox Container: 024a5cff-5060-40f2-a13b-022c58f664ce" daemon [_thread_blocked, id=21852, stack(0x0000002a4dd00000,0x0000002a4de00000) (1024K)]
  0x00000160735131b0 JavaThread "Framework Event Dispatcher: Equinox Container: 024a5cff-5060-40f2-a13b-022c58f664ce" daemon [_thread_blocked, id=35648, stack(0x0000002a4de00000,0x0000002a4df00000) (1024K)]
  0x0000016073513820 JavaThread "Start Level: Equinox Container: 024a5cff-5060-40f2-a13b-022c58f664ce" daemon [_thread_blocked, id=18752, stack(0x0000002a4df00000,0x0000002a4e000000) (1024K)]
  0x00000160739d8b70 JavaThread "Bundle File Closer"         daemon [_thread_blocked, id=25960, stack(0x0000002a4e200000,0x0000002a4e300000) (1024K)]
  0x0000016073b21340 JavaThread "SCR Component Actor"        daemon [_thread_blocked, id=23424, stack(0x0000002a4e300000,0x0000002a4e400000) (1024K)]
  0x00000160739f8ad0 JavaThread "Worker-JM"                         [_thread_blocked, id=23728, stack(0x0000002a4e500000,0x0000002a4e600000) (1024K)]
  0x00000160743d3710 JavaThread "JNA Cleaner"                daemon [_thread_blocked, id=33412, stack(0x0000002a4e900000,0x0000002a4ea00000) (1024K)]
  0x00000160743d57e0 JavaThread "Worker-0"                          [_thread_blocked, id=31180, stack(0x0000002a4ea00000,0x0000002a4eb00000) (1024K)]
  0x00000160743d5150 JavaThread "Java indexing"              daemon [_thread_blocked, id=38304, stack(0x0000002a4ed00000,0x0000002a4ee00000) (1024K)]
  0x00000160743d4430 JavaThread "Worker-4: Building"                [_thread_blocked, id=37192, stack(0x0000002a4f100000,0x0000002a4f200000) (1024K)]
  0x0000016075705940 JavaThread "Thread-1"                   daemon [_thread_in_native, id=31648, stack(0x0000002a4f200000,0x0000002a4f300000) (1024K)]
  0x00000160757031e0 JavaThread "Thread-2"                   daemon [_thread_in_native, id=29912, stack(0x0000002a4f300000,0x0000002a4f400000) (1024K)]
  0x00000160756ff6d0 JavaThread "Thread-3"                   daemon [_thread_in_native, id=35240, stack(0x0000002a4f400000,0x0000002a4f500000) (1024K)]
  0x00000160757003f0 JavaThread "Thread-4"                   daemon [_thread_in_native, id=25204, stack(0x0000002a4f500000,0x0000002a4f600000) (1024K)]
  0x0000016075703870 JavaThread "Thread-5"                   daemon [_thread_in_native, id=35456, stack(0x0000002a4f600000,0x0000002a4f700000) (1024K)]
  0x00000160756ff040 JavaThread "Thread-6"                   daemon [_thread_in_native, id=14708, stack(0x0000002a4f700000,0x0000002a4f800000) (1024K)]
  0x00000160757052b0 JavaThread "Thread-7"                   daemon [_thread_in_native, id=37252, stack(0x0000002a4f800000,0x0000002a4f900000) (1024K)]
  0x0000016075700a80 JavaThread "Thread-8"                   daemon [_thread_in_native, id=16112, stack(0x0000002a4f900000,0x0000002a4fa00000) (1024K)]
  0x00000160756fe9b0 JavaThread "Thread-9"                   daemon [_thread_in_native, id=25564, stack(0x0000002a4fa00000,0x0000002a4fb00000) (1024K)]
  0x00000160756ffd60 JavaThread "Thread-10"                  daemon [_thread_in_native, id=8868, stack(0x0000002a4fb00000,0x0000002a4fc00000) (1024K)]
  0x0000016075703f00 JavaThread "Thread-11"                  daemon [_thread_in_native, id=12332, stack(0x0000002a4fc00000,0x0000002a4fd00000) (1024K)]
  0x0000016075702b50 JavaThread "Thread-12"                  daemon [_thread_in_native, id=9648, stack(0x0000002a4fd00000,0x0000002a4fe00000) (1024K)]
  0x0000016075704590 JavaThread "Thread-13"                  daemon [_thread_in_native, id=25628, stack(0x0000002a4fe00000,0x0000002a4ff00000) (1024K)]
  0x0000016075705fd0 JavaThread "Thread-14"                  daemon [_thread_in_native, id=38872, stack(0x0000002a4ff00000,0x0000002a50000000) (1024K)]
  0x0000016075701110 JavaThread "Thread-15"                  daemon [_thread_in_native, id=36272, stack(0x0000002a50000000,0x0000002a50100000) (1024K)]
  0x00000160757017a0 JavaThread "Thread-16"                  daemon [_thread_in_native, id=20112, stack(0x0000002a50100000,0x0000002a50200000) (1024K)]
  0x0000016075701e30 JavaThread "Thread-17"                  daemon [_thread_in_native, id=38488, stack(0x0000002a50200000,0x0000002a50300000) (1024K)]
  0x00000160757024c0 JavaThread "pool-2-thread-1"                   [_thread_blocked, id=14668, stack(0x0000002a50300000,0x0000002a50400000) (1024K)]
  0x0000016073cfab80 JavaThread "WorkspaceEventsHandler"            [_thread_blocked, id=31300, stack(0x0000002a50400000,0x0000002a50500000) (1024K)]
  0x0000016076067d80 JavaThread "Worker-5"                          [_thread_blocked, id=37184, stack(0x0000002a4c200000,0x0000002a4c300000) (1024K)]
  0x000001607606cc40 JavaThread "Worker-6: Updating workspace"        [_thread_blocked, id=24900, stack(0x0000002a4c300000,0x0000002a4c400000) (1024K)]
  0x00000160760697c0 JavaThread "Compiler Source File Reader" daemon [_thread_blocked, id=24636, stack(0x0000002a4c400000,0x0000002a4c500000) (1024K)]
  0x0000016076069e50 JavaThread "Compiler Source File Reader" daemon [_thread_blocked, id=24908, stack(0x0000002a4d100000,0x0000002a4d200000) (1024K)]
  0x000001607606bf20 JavaThread "Compiler Source File Reader" daemon [_thread_blocked, id=22548, stack(0x0000002a4d300000,0x0000002a4d400000) (1024K)]
  0x000001607606ab70 JavaThread "Compiler Source File Reader" daemon [_thread_blocked, id=5312, stack(0x0000002a4e800000,0x0000002a4e900000) (1024K)]
  0x000001607606b200 JavaThread "Compiler Source File Reader" daemon [_thread_blocked, id=28372, stack(0x0000002a4eb00000,0x0000002a4ec00000) (1024K)]
  0x0000016073cfd2e0 JavaThread "Compiler Source File Reader" daemon [_thread_blocked, id=11668, stack(0x0000002a4ec00000,0x0000002a4ed00000) (1024K)]
  0x0000016073cfcc50 JavaThread "Compiler Source File Reader" daemon [_thread_blocked, id=37064, stack(0x0000002a4ee00000,0x0000002a4ef00000) (1024K)]
  0x0000016073cfa4f0 JavaThread "Compiler Source File Reader" daemon [_thread_blocked, id=14492, stack(0x0000002a4ef00000,0x0000002a4f000000) (1024K)]
  0x0000016073cfb210 JavaThread "Compiler Source File Reader" daemon [_thread_blocked, id=29956, stack(0x0000002a4f000000,0x0000002a4f100000) (1024K)]
  0x0000016073cfd970 JavaThread "Compiler Source File Reader" daemon [_thread_blocked, id=31532, stack(0x0000002a50600000,0x0000002a50700000) (1024K)]
  0x0000016073cfb8a0 JavaThread "Compiler Source File Reader" daemon [_thread_blocked, id=10984, stack(0x0000002a50700000,0x0000002a50800000) (1024K)]
  0x0000016073cfe690 JavaThread "Compiler Source File Reader" daemon [_thread_blocked, id=9336, stack(0x0000002a50800000,0x0000002a50900000) (1024K)]
  0x0000016073cf8ab0 JavaThread "Compiler Source File Reader" daemon [_thread_blocked, id=10940, stack(0x0000002a50900000,0x0000002a50a00000) (1024K)]
  0x0000016073cf9e60 JavaThread "Compiler Source File Reader" daemon [_thread_blocked, id=38132, stack(0x0000002a50a00000,0x0000002a50b00000) (1024K)]
  0x0000016073cfc5c0 JavaThread "Compiler Processing Task"   daemon [_thread_blocked, id=8752, stack(0x0000002a50b00000,0x0000002a50c00000) (1024K)]
  0x0000016075704c20 JavaThread "Worker-7: Synchronizing projects"        [_thread_blocked, id=31372, stack(0x0000002a50c00000,0x0000002a50d00000) (1024K)]
  0x000001600624d290 JavaThread "Worker-8"                          [_thread_blocked, id=34420, stack(0x0000002a50d00000,0x0000002a50e00000) (1024K)]
Total: 60

Other Threads:
  0x0000016014754860 VMThread "VM Thread"                           [id=13336, stack(0x0000002a4c800000,0x0000002a4c900000) (1024K)]
  0x000001601464ca00 WatcherThread "VM Periodic Task Thread"        [id=28580, stack(0x0000002a4c700000,0x0000002a4c800000) (1024K)]
  0x00000160147d6610 WorkerThread "GC Thread#0"                     [id=34112, stack(0x0000002a4c600000,0x0000002a4c700000) (1024K)]
  0x0000016073167490 WorkerThread "GC Thread#1"                     [id=35400, stack(0x0000002a4d500000,0x0000002a4d600000) (1024K)]
  0x0000016073167840 WorkerThread "GC Thread#2"                     [id=18800, stack(0x0000002a4d600000,0x0000002a4d700000) (1024K)]
  0x0000016073167bf0 WorkerThread "GC Thread#3"                     [id=25132, stack(0x0000002a4d700000,0x0000002a4d800000) (1024K)]
  0x0000016073167fa0 WorkerThread "GC Thread#4"                     [id=6120, stack(0x0000002a4d800000,0x0000002a4d900000) (1024K)]
  0x000001607302c900 WorkerThread "GC Thread#5"                     [id=32896, stack(0x0000002a4d900000,0x0000002a4da00000) (1024K)]
  0x000001607302d0c0 WorkerThread "GC Thread#6"                     [id=38208, stack(0x0000002a4da00000,0x0000002a4db00000) (1024K)]
  0x00000160733bed40 WorkerThread "GC Thread#7"                     [id=12356, stack(0x0000002a4dc00000,0x0000002a4dd00000) (1024K)]
  0x0000016073de18a0 WorkerThread "GC Thread#8"                     [id=14640, stack(0x0000002a4e000000,0x0000002a4e100000) (1024K)]
  0x0000016073e2bf60 WorkerThread "GC Thread#9"                     [id=30784, stack(0x0000002a4e100000,0x0000002a4e200000) (1024K)]
  0x0000016073d53460 WorkerThread "GC Thread#10"                    [id=37716, stack(0x0000002a4e400000,0x0000002a4e500000) (1024K)]
  0x00000160744343b0 WorkerThread "GC Thread#11"                    [id=28560, stack(0x0000002a4e600000,0x0000002a4e700000) (1024K)]
  0x000001607428a320 WorkerThread "GC Thread#12"                    [id=14756, stack(0x0000002a4e700000,0x0000002a4e800000) (1024K)]
Total: 15

Threads with active compile tasks:
C2 CompilerThread0  5507222 20342       4       java.lang.Throwable::printEnclosedStackTrace (350 bytes)
Total: 1

VM state: at safepoint (normal execution)

VM Mutex/Monitor currently owned by a thread:  ([mutex/lock_event])
[0x00007ffb4254f570] Threads_lock - owner thread: 0x0000016014754860
[0x00007ffb4254f670] Heap_lock - owner thread: 0x00000160743d4430

Heap address: 0x0000000080000000, size: 2048 MB, Compressed Oops mode: 32-bit

CDS archive(s) mapped at: [0x000001602c000000-0x000001602cba0000-0x000001602cba0000), size 12189696, SharedBaseAddress: 0x000001602c000000, ArchiveRelocationMode: 1.
Compressed class space mapped at: 0x000001602d000000-0x000001606d000000, reserved size: 1073741824
Narrow klass base: 0x000001602c000000, Narrow klass shift: 0, Narrow klass range: 0x100000000

GC Precious Log:
 CardTable entry size: 512
 CPUs: 16 total, 16 available
 Memory: 14181M
 Large Page Support: Disabled
 NUMA Support: Disabled
 Compressed Oops: Enabled (32-bit)
 Alignments: Space 512K, Generation 512K, Heap 2M
 Heap Min Capacity: 100M
 Heap Initial Capacity: 100M
 Heap Max Capacity: 2G
 Pre-touch: Disabled
 Parallel Workers: 13

Heap:
 PSYoungGen      total 8192K, used 8192K [0x00000000d5580000, 0x00000000d6600000, 0x0000000100000000)
  eden space 5120K, 100% used [0x00000000d5580000,0x00000000d5a80000,0x00000000d5a80000)
  from space 3072K, 100% used [0x00000000d5a80000,0x00000000d5d80000,0x00000000d5d80000)
  to   space 5632K, 30% used [0x00000000d6080000,0x00000000d6228000,0x00000000d6600000)
 ParOldGen       total 368128K, used 368124K [0x0000000080000000, 0x0000000096780000, 0x00000000d5580000)
  object space 368128K, 99% used [0x0000000080000000,0x000000009677f038,0x0000000096780000)
 Metaspace       used 78618K, committed 80192K, reserved 1179648K
  class space    used 7874K, committed 8576K, reserved 1048576K

Card table byte_map: [0x0000016014160000,0x0000016014570000] _byte_map_base: 0x0000016013d60000

Marking Bits: (ParMarkBitMap*) 0x00007ffb42554460
 Begin Bits: [0x0000016026c70000, 0x0000016028c70000)
 End Bits:   [0x0000016028c70000, 0x000001602ac70000)

Polling page: 0x0000016012760000

Metaspace:

Usage:
  Non-class:     69.09 MB used.
      Class:      7.69 MB used.
       Both:     76.78 MB used.

Virtual space:
  Non-class space:      128.00 MB reserved,      69.94 MB ( 55%) committed,  2 nodes.
      Class space:        1.00 GB reserved,       8.38 MB ( <1%) committed,  1 nodes.
             Both:        1.12 GB reserved,      78.31 MB (  7%) committed. 

Chunk freelists:
   Non-Class:  9.78 MB
       Class:  7.57 MB
        Both:  17.35 MB

MaxMetaspaceSize: unlimited
CompressedClassSpaceSize: 1.00 GB
Initial GC threshold: 21.00 MB
Current GC threshold: 122.31 MB
CDS: on
 - commit_granule_bytes: 65536.
 - commit_granule_words: 8192.
 - virtual_space_node_default_size: 8388608.
 - enlarge_chunks_in_place: 1.
 - use_allocation_guard: 0.


Internal statistics:

num_allocs_failed_limit: 9.
num_arena_births: 1666.
num_arena_deaths: 436.
num_vsnodes_births: 3.
num_vsnodes_deaths: 0.
num_space_committed: 1253.
num_space_uncommitted: 0.
num_chunks_returned_to_freelist: 535.
num_chunks_taken_from_freelist: 5564.
num_chunk_merges: 156.
num_chunk_splits: 3185.
num_chunks_enlarged: 1767.
num_inconsistent_stats: 0.

CodeHeap 'non-profiled nmethods': size=119168Kb used=16067Kb max_used=16067Kb free=103100Kb
 bounds [0x000001601f560000, 0x0000016020520000, 0x00000160269c0000]
CodeHeap 'profiled nmethods': size=119104Kb used=49628Kb max_used=49628Kb free=69475Kb
 bounds [0x00000160179c0000, 0x000001601aa40000, 0x000001601ee10000]
CodeHeap 'non-nmethods': size=7488Kb used=1495Kb max_used=3257Kb free=5992Kb
 bounds [0x000001601ee10000, 0x000001601f160000, 0x000001601f560000]
CodeCache: size=245760Kb, used=67190Kb, max_used=68952Kb, free=178567Kb
 total_blobs=19686, nmethods=18874, adapters=713, full_count=0
Compilation: enabled, stopped_count=0, restarted_count=0

Compilation events (20 events):
Event: 5506.261 Thread 0x000001606d7e1890 20330       3       org.springframework.ide.vscode.commons.protocol.java.Classpath::isBinary (22 bytes)
Event: 5506.261 Thread 0x000001606d7e1890 nmethod 20330 0x000001601aa34b10 code [0x000001601aa34cc0, 0x000001601aa34e98]
Event: 5506.266 Thread 0x000001606d7e1890 20332       3       org.eclipse.jdt.internal.compiler.util.SimpleLookupTable::containsKey (54 bytes)
Event: 5506.267 Thread 0x000001606d7e1890 nmethod 20332 0x000001601aa34f90 code [0x000001601aa35180, 0x000001601aa355f8]
Event: 5506.273 Thread 0x000001606d7df590 nmethod 20315% 0x0000016020504d10 code [0x0000016020504f60, 0x0000016020505ef8]
Event: 5506.273 Thread 0x000001606d7df590 20316       4       org.eclipse.jdt.internal.core.index.DiskIndex::writeDocumentNumbers (384 bytes)
Event: 5506.358 Thread 0x000001606d7df590 nmethod 20316 0x0000016020506790 code [0x00000160205069e0, 0x0000016020507d00]
Event: 5506.358 Thread 0x000001606d7df590 20333       4       org.eclipse.core.internal.dtree.DeltaDataTree::getChildNodes (176 bytes)
Event: 5506.374 Thread 0x000001606d7df590 nmethod 20333 0x0000016020508710 code [0x0000016020508920, 0x0000016020509448]
Event: 5506.374 Thread 0x000001606d7df590 20334       4       org.eclipse.jdt.internal.core.index.DiskIndex::writeCategoryTable (252 bytes)
Event: 5506.416 Thread 0x000001606d7e1890 20344       3       java.lang.StackTraceElement::equals (120 bytes)
Event: 5506.417 Thread 0x000001606d7e1890 nmethod 20344 0x000001601aa35810 code [0x000001601aa35a80, 0x000001601aa36640]
Event: 5506.418 Thread 0x000001606d7e1890 20345       3       org.eclipse.core.internal.resources.Container::isLocal (75 bytes)
Event: 5506.419 Thread 0x000001606d7e1890 nmethod 20345 0x000001601aa36910 code [0x000001601aa36b20, 0x000001601aa37168]
Event: 5506.436 Thread 0x000001606d7df590 nmethod 20334 0x0000016020509b10 code [0x0000016020509e60, 0x000001602050bf98]
Event: 5506.437 Thread 0x000001606d7df590 20314       4       org.eclipse.jdt.internal.core.index.DiskIndex::writeStreamChars (220 bytes)
Event: 5506.497 Thread 0x000001606d7df590 nmethod 20314 0x000001602050d110 code [0x000001602050d300, 0x000001602050db40]
Event: 5506.497 Thread 0x000001606d7df590 20336   !   4       com.google.gson.internal.bind.ReflectiveTypeAdapterFactory$Adapter::write (73 bytes)
Event: 5506.558 Thread 0x000001606d7df590 nmethod 20336 0x000001602050df90 code [0x000001602050e320, 0x000001602050fce8]
Event: 5506.559 Thread 0x000001606d7df590 20342       4       java.lang.Throwable::printEnclosedStackTrace (350 bytes)

GC Heap History (20 events):
Event: 5505.672 GC heap before
{Heap before GC invocations=592 (full 4):
 PSYoungGen      total 3584K, used 3488K [0x00000000d5580000, 0x00000000d5a00000, 0x0000000100000000)
  eden space 3072K, 100% used [0x00000000d5580000,0x00000000d5880000,0x00000000d5880000)
  from space 512K, 81% used [0x00000000d5900000,0x00000000d5968000,0x00000000d5980000)
  to   space 512K, 0% used [0x00000000d5980000,0x00000000d5980000,0x00000000d5a00000)
 ParOldGen       total 355328K, used 354887K [0x0000000080000000, 0x0000000095b00000, 0x00000000d5580000)
  object space 355328K, 99% used [0x0000000080000000,0x0000000095a91df0,0x0000000095b00000)
 Metaspace       used 78302K, committed 79744K, reserved 1179648K
  class space    used 7844K, committed 8512K, reserved 1048576K
}
Event: 5505.675 GC heap after
{Heap after GC invocations=592 (full 4):
 PSYoungGen      total 3584K, used 485K [0x00000000d5580000, 0x00000000d5a00000, 0x0000000100000000)
  eden space 3072K, 0% used [0x00000000d5580000,0x00000000d5580000,0x00000000d5880000)
  from space 512K, 94% used [0x00000000d5980000,0x00000000d59f9420,0x00000000d5a00000)
  to   space 512K, 0% used [0x00000000d5900000,0x00000000d5900000,0x00000000d5980000)
 ParOldGen       total 355328K, used 355077K [0x0000000080000000, 0x0000000095b00000, 0x00000000d5580000)
  object space 355328K, 99% used [0x0000000080000000,0x0000000095ac1518,0x0000000095b00000)
 Metaspace       used 78302K, committed 79744K, reserved 1179648K
  class space    used 7844K, committed 8512K, reserved 1048576K
}
Event: 5506.021 GC heap before
{Heap before GC invocations=593 (full 4):
 PSYoungGen      total 3584K, used 3557K [0x00000000d5580000, 0x00000000d5a00000, 0x0000000100000000)
  eden space 3072K, 100% used [0x00000000d5580000,0x00000000d5880000,0x00000000d5880000)
  from space 512K, 94% used [0x00000000d5980000,0x00000000d59f9420,0x00000000d5a00000)
  to   space 512K, 0% used [0x00000000d5900000,0x00000000d5900000,0x00000000d5980000)
 ParOldGen       total 355328K, used 355077K [0x0000000080000000, 0x0000000095b00000, 0x00000000d5580000)
  object space 355328K, 99% used [0x0000000080000000,0x0000000095ac1518,0x0000000095b00000)
 Metaspace       used 78569K, committed 80064K, reserved 1179648K
  class space    used 7871K, committed 8576K, reserved 1048576K
}
Event: 5506.024 GC heap after
{Heap after GC invocations=593 (full 4):
 PSYoungGen      total 3584K, used 448K [0x00000000d5580000, 0x00000000d5a00000, 0x0000000100000000)
  eden space 3072K, 0% used [0x00000000d5580000,0x00000000d5580000,0x00000000d5880000)
  from space 512K, 87% used [0x00000000d5900000,0x00000000d5970000,0x00000000d5980000)
  to   space 512K, 0% used [0x00000000d5980000,0x00000000d5980000,0x00000000d5a00000)
 ParOldGen       total 355840K, used 355330K [0x0000000080000000, 0x0000000095b80000, 0x00000000d5580000)
  object space 355840K, 99% used [0x0000000080000000,0x0000000095b00938,0x0000000095b80000)
 Metaspace       used 78569K, committed 80064K, reserved 1179648K
  class space    used 7871K, committed 8576K, reserved 1048576K
}
Event: 5506.212 GC heap before
{Heap before GC invocations=594 (full 4):
 PSYoungGen      total 3584K, used 3362K [0x00000000d5580000, 0x00000000d5a00000, 0x0000000100000000)
  eden space 3072K, 94% used [0x00000000d5580000,0x00000000d5858b30,0x00000000d5880000)
  from space 512K, 87% used [0x00000000d5900000,0x00000000d5970000,0x00000000d5980000)
  to   space 512K, 0% used [0x00000000d5980000,0x00000000d5980000,0x00000000d5a00000)
 ParOldGen       total 355840K, used 355330K [0x0000000080000000, 0x0000000095b80000, 0x00000000d5580000)
  object space 355840K, 99% used [0x0000000080000000,0x0000000095b00938,0x0000000095b80000)
 Metaspace       used 78599K, committed 80128K, reserved 1179648K
  class space    used 7872K, committed 8576K, reserved 1048576K
}
Event: 5506.218 GC heap after
{Heap after GC invocations=594 (full 4):
 PSYoungGen      total 3584K, used 504K [0x00000000d5580000, 0x00000000d5a80000, 0x0000000100000000)
  eden space 3072K, 0% used [0x00000000d5580000,0x00000000d5580000,0x00000000d5880000)
  from space 512K, 98% used [0x00000000d5980000,0x00000000d59fe000,0x00000000d5a00000)
  to   space 1024K, 0% used [0x00000000d5880000,0x00000000d5880000,0x00000000d5980000)
 ParOldGen       total 355840K, used 355594K [0x0000000080000000, 0x0000000095b80000, 0x00000000d5580000)
  object space 355840K, 99% used [0x0000000080000000,0x0000000095b42948,0x0000000095b80000)
 Metaspace       used 78599K, committed 80128K, reserved 1179648K
  class space    used 7872K, committed 8576K, reserved 1048576K
}
Event: 5506.276 GC heap before
{Heap before GC invocations=595 (full 4):
 PSYoungGen      total 3584K, used 3570K [0x00000000d5580000, 0x00000000d5a80000, 0x0000000100000000)
  eden space 3072K, 99% used [0x00000000d5580000,0x00000000d587ea80,0x00000000d5880000)
  from space 512K, 98% used [0x00000000d5980000,0x00000000d59fe000,0x00000000d5a00000)
  to   space 1024K, 0% used [0x00000000d5880000,0x00000000d5880000,0x00000000d5980000)
 ParOldGen       total 355840K, used 355594K [0x0000000080000000, 0x0000000095b80000, 0x00000000d5580000)
  object space 355840K, 99% used [0x0000000080000000,0x0000000095b42948,0x0000000095b80000)
 Metaspace       used 78613K, committed 80192K, reserved 1179648K
  class space    used 7873K, committed 8576K, reserved 1048576K
}
Event: 5506.280 GC heap after
{Heap after GC invocations=595 (full 4):
 PSYoungGen      total 4096K, used 1002K [0x00000000d5580000, 0x00000000d5d80000, 0x0000000100000000)
  eden space 3072K, 0% used [0x00000000d5580000,0x00000000d5580000,0x00000000d5880000)
  from space 1024K, 97% used [0x00000000d5880000,0x00000000d597a8e8,0x00000000d5980000)
  to   space 2560K, 0% used [0x00000000d5b00000,0x00000000d5b00000,0x00000000d5d80000)
 ParOldGen       total 356864K, used 356527K [0x0000000080000000, 0x0000000095c80000, 0x00000000d5580000)
  object space 356864K, 99% used [0x0000000080000000,0x0000000095c2be58,0x0000000095c80000)
 Metaspace       used 78613K, committed 80192K, reserved 1179648K
  class space    used 7873K, committed 8576K, reserved 1048576K
}
Event: 5506.326 GC heap before
{Heap before GC invocations=596 (full 4):
 PSYoungGen      total 4096K, used 4074K [0x00000000d5580000, 0x00000000d5d80000, 0x0000000100000000)
  eden space 3072K, 100% used [0x00000000d5580000,0x00000000d5880000,0x00000000d5880000)
  from space 1024K, 97% used [0x00000000d5880000,0x00000000d597a8e8,0x00000000d5980000)
  to   space 2560K, 0% used [0x00000000d5b00000,0x00000000d5b00000,0x00000000d5d80000)
 ParOldGen       total 356864K, used 356527K [0x0000000080000000, 0x0000000095c80000, 0x00000000d5580000)
  object space 356864K, 99% used [0x0000000080000000,0x0000000095c2be58,0x0000000095c80000)
 Metaspace       used 78615K, committed 80192K, reserved 1179648K
  class space    used 7874K, committed 8576K, reserved 1048576K
}
Event: 5506.356 GC heap after
{Heap after GC invocations=596 (full 4):
 PSYoungGen      total 5632K, used 2122K [0x00000000d5580000, 0x00000000d5d80000, 0x0000000100000000)
  eden space 3072K, 0% used [0x00000000d5580000,0x00000000d5580000,0x00000000d5880000)
  from space 2560K, 82% used [0x00000000d5b00000,0x00000000d5d128e8,0x00000000d5d80000)
  to   space 2560K, 0% used [0x00000000d5880000,0x00000000d5880000,0x00000000d5b00000)
 ParOldGen       total 357888K, used 357329K [0x0000000080000000, 0x0000000095d80000, 0x00000000d5580000)
  object space 357888K, 99% used [0x0000000080000000,0x0000000095cf4750,0x0000000095d80000)
 Metaspace       used 78615K, committed 80192K, reserved 1179648K
  class space    used 7874K, committed 8576K, reserved 1048576K
}
Event: 5506.420 GC heap before
{Heap before GC invocations=597 (full 4):
 PSYoungGen      total 5632K, used 5194K [0x00000000d5580000, 0x00000000d5d80000, 0x0000000100000000)
  eden space 3072K, 100% used [0x00000000d5580000,0x00000000d5880000,0x00000000d5880000)
  from space 2560K, 82% used [0x00000000d5b00000,0x00000000d5d128e8,0x00000000d5d80000)
  to   space 2560K, 0% used [0x00000000d5880000,0x00000000d5880000,0x00000000d5b00000)
 ParOldGen       total 357888K, used 357329K [0x0000000080000000, 0x0000000095d80000, 0x00000000d5580000)
  object space 357888K, 99% used [0x0000000080000000,0x0000000095cf4750,0x0000000095d80000)
 Metaspace       used 78617K, committed 80192K, reserved 1179648K
  class space    used 7874K, committed 8576K, reserved 1048576K
}
Event: 5506.426 GC heap after
{Heap after GC invocations=597 (full 4):
 PSYoungGen      total 5632K, used 2016K [0x00000000d5580000, 0x00000000d5d80000, 0x0000000100000000)
  eden space 3072K, 0% used [0x00000000d5580000,0x00000000d5580000,0x00000000d5880000)
  from space 2560K, 78% used [0x00000000d5880000,0x00000000d5a78000,0x00000000d5b00000)
  to   space 2560K, 0% used [0x00000000d5b00000,0x00000000d5b00000,0x00000000d5d80000)
 ParOldGen       total 359424K, used 359212K [0x0000000080000000, 0x0000000095f00000, 0x00000000d5580000)
  object space 359424K, 99% used [0x0000000080000000,0x0000000095ecb038,0x0000000095f00000)
 Metaspace       used 78617K, committed 80192K, reserved 1179648K
  class space    used 7874K, committed 8576K, reserved 1048576K
}
Event: 5506.466 GC heap before
{Heap before GC invocations=598 (full 4):
 PSYoungGen      total 5632K, used 5088K [0x00000000d5580000, 0x00000000d5d80000, 0x0000000100000000)
  eden space 3072K, 100% used [0x00000000d5580000,0x00000000d5880000,0x00000000d5880000)
  from space 2560K, 78% used [0x00000000d5880000,0x00000000d5a78000,0x00000000d5b00000)
  to   space 2560K, 0% used [0x00000000d5b00000,0x00000000d5b00000,0x00000000d5d80000)
 ParOldGen       total 359424K, used 359212K [0x0000000080000000, 0x0000000095f00000, 0x00000000d5580000)
  object space 359424K, 99% used [0x0000000080000000,0x0000000095ecb038,0x0000000095f00000)
 Metaspace       used 78618K, committed 80192K, reserved 1179648K
  class space    used 7874K, committed 8576K, reserved 1048576K
}
Event: 5506.490 GC heap after
{Heap after GC invocations=598 (full 4):
 PSYoungGen      total 5120K, used 1952K [0x00000000d5580000, 0x00000000d5d00000, 0x0000000100000000)
  eden space 3072K, 0% used [0x00000000d5580000,0x00000000d5580000,0x00000000d5880000)
  from space 2048K, 95% used [0x00000000d5b00000,0x00000000d5ce8000,0x00000000d5d00000)
  to   space 2048K, 0% used [0x00000000d5900000,0x00000000d5900000,0x00000000d5b00000)
 ParOldGen       total 361472K, used 361100K [0x0000000080000000, 0x0000000096100000, 0x00000000d5580000)
  object space 361472K, 99% used [0x0000000080000000,0x00000000960a3038,0x0000000096100000)
 Metaspace       used 78618K, committed 80192K, reserved 1179648K
  class space    used 7874K, committed 8576K, reserved 1048576K
}
Event: 5506.529 GC heap before
{Heap before GC invocations=599 (full 4):
 PSYoungGen      total 5120K, used 5024K [0x00000000d5580000, 0x00000000d5d00000, 0x0000000100000000)
  eden space 3072K, 100% used [0x00000000d5580000,0x00000000d5880000,0x00000000d5880000)
  from space 2048K, 95% used [0x00000000d5b00000,0x00000000d5ce8000,0x00000000d5d00000)
  to   space 2048K, 0% used [0x00000000d5900000,0x00000000d5900000,0x00000000d5b00000)
 ParOldGen       total 361472K, used 361100K [0x0000000080000000, 0x0000000096100000, 0x00000000d5580000)
  object space 361472K, 99% used [0x0000000080000000,0x00000000960a3038,0x0000000096100000)
 Metaspace       used 78618K, committed 80192K, reserved 1179648K
  class space    used 7874K, committed 8576K, reserved 1048576K
}
Event: 5506.544 GC heap after
{Heap after GC invocations=599 (full 4):
 PSYoungGen      total 5632K, used 2048K [0x00000000d5580000, 0x00000000d6280000, 0x0000000100000000)
  eden space 3584K, 0% used [0x00000000d5580000,0x00000000d5580000,0x00000000d5900000)
  from space 2048K, 100% used [0x00000000d5900000,0x00000000d5b00000,0x00000000d5b00000)
  to   space 4608K, 0% used [0x00000000d5e00000,0x00000000d5e00000,0x00000000d6280000)
 ParOldGen       total 363008K, used 362940K [0x0000000080000000, 0x0000000096280000, 0x00000000d5580000)
  object space 363008K, 99% used [0x0000000080000000,0x000000009626f038,0x0000000096280000)
 Metaspace       used 78618K, committed 80192K, reserved 1179648K
  class space    used 7874K, committed 8576K, reserved 1048576K
}
Event: 5506.609 GC heap before
{Heap before GC invocations=600 (full 4):
 PSYoungGen      total 5632K, used 5632K [0x00000000d5580000, 0x00000000d6280000, 0x0000000100000000)
  eden space 3584K, 100% used [0x00000000d5580000,0x00000000d5900000,0x00000000d5900000)
  from space 2048K, 100% used [0x00000000d5900000,0x00000000d5b00000,0x00000000d5b00000)
  to   space 4608K, 0% used [0x00000000d5e00000,0x00000000d5e00000,0x00000000d6280000)
 ParOldGen       total 363008K, used 362940K [0x0000000080000000, 0x0000000096280000, 0x00000000d5580000)
  object space 363008K, 99% used [0x0000000080000000,0x000000009626f038,0x0000000096280000)
 Metaspace       used 78618K, committed 80192K, reserved 1179648K
  class space    used 7874K, committed 8576K, reserved 1048576K
}
Event: 5506.635 GC heap after
{Heap after GC invocations=600 (full 4):
 PSYoungGen      total 7168K, used 2112K [0x00000000d5580000, 0x00000000d6080000, 0x0000000100000000)
  eden space 4608K, 0% used [0x00000000d5580000,0x00000000d5580000,0x00000000d5a00000)
  from space 2560K, 82% used [0x00000000d5e00000,0x00000000d6010000,0x00000000d6080000)
  to   space 3072K, 0% used [0x00000000d5a80000,0x00000000d5a80000,0x00000000d5d80000)
 ParOldGen       total 365056K, used 364980K [0x0000000080000000, 0x0000000096480000, 0x00000000d5580000)
  object space 365056K, 99% used [0x0000000080000000,0x000000009646d038,0x0000000096480000)
 Metaspace       used 78618K, committed 80192K, reserved 1179648K
  class space    used 7874K, committed 8576K, reserved 1048576K
}
Event: 5506.700 GC heap before
{Heap before GC invocations=601 (full 4):
 PSYoungGen      total 7168K, used 6720K [0x00000000d5580000, 0x00000000d6080000, 0x0000000100000000)
  eden space 4608K, 100% used [0x00000000d5580000,0x00000000d5a00000,0x00000000d5a00000)
  from space 2560K, 82% used [0x00000000d5e00000,0x00000000d6010000,0x00000000d6080000)
  to   space 3072K, 0% used [0x00000000d5a80000,0x00000000d5a80000,0x00000000d5d80000)
 ParOldGen       total 365056K, used 364980K [0x0000000080000000, 0x0000000096480000, 0x00000000d5580000)
  object space 365056K, 99% used [0x0000000080000000,0x000000009646d038,0x0000000096480000)
 Metaspace       used 78618K, committed 80192K, reserved 1179648K
  class space    used 7874K, committed 8576K, reserved 1048576K
}
Event: 5506.716 GC heap after
{Heap after GC invocations=601 (full 4):
 PSYoungGen      total 8192K, used 3072K [0x00000000d5580000, 0x00000000d6600000, 0x0000000100000000)
  eden space 5120K, 0% used [0x00000000d5580000,0x00000000d5580000,0x00000000d5a80000)
  from space 3072K, 100% used [0x00000000d5a80000,0x00000000d5d80000,0x00000000d5d80000)
  to   space 5632K, 0% used [0x00000000d6080000,0x00000000d6080000,0x00000000d6600000)
 ParOldGen       total 367104K, used 366972K [0x0000000080000000, 0x0000000096680000, 0x00000000d5580000)
  object space 367104K, 99% used [0x0000000080000000,0x000000009665f038,0x0000000096680000)
 Metaspace       used 78618K, committed 80192K, reserved 1179648K
  class space    used 7874K, committed 8576K, reserved 1048576K
}

Dll operation events (12 events):
Event: 0.018 Loaded shared library c:\Users\GIOVANNI CHARLES\.vscode\extensions\redhat.java-1.55.0-win32-x64\jre\21.0.11-win32-x86_64\bin\java.dll
Event: 0.137 Loaded shared library c:\Users\GIOVANNI CHARLES\.vscode\extensions\redhat.java-1.55.0-win32-x64\jre\21.0.11-win32-x86_64\bin\zip.dll
Event: 0.173 Loaded shared library C:\Users\GIOVANNI CHARLES\.vscode\extensions\redhat.java-1.55.0-win32-x64\jre\21.0.11-win32-x86_64\bin\instrument.dll
Event: 0.184 Loaded shared library C:\Users\GIOVANNI CHARLES\.vscode\extensions\redhat.java-1.55.0-win32-x64\jre\21.0.11-win32-x86_64\bin\net.dll
Event: 0.187 Loaded shared library C:\Users\GIOVANNI CHARLES\.vscode\extensions\redhat.java-1.55.0-win32-x64\jre\21.0.11-win32-x86_64\bin\nio.dll
Event: 0.193 Loaded shared library C:\Users\GIOVANNI CHARLES\.vscode\extensions\redhat.java-1.55.0-win32-x64\jre\21.0.11-win32-x86_64\bin\zip.dll
Event: 0.234 Loaded shared library C:\Users\GIOVANNI CHARLES\.vscode\extensions\redhat.java-1.55.0-win32-x64\jre\21.0.11-win32-x86_64\bin\jimage.dll
Event: 0.374 Loaded shared library c:\Users\GIOVANNI CHARLES\.vscode\extensions\redhat.java-1.55.0-win32-x64\jre\21.0.11-win32-x86_64\bin\verify.dll
Event: 2.686 Loaded shared library C:\Users\GIOVANNI CHARLES\AppData\Roaming\Code\User\globalStorage\redhat.java\1.55.0\config_win\org.eclipse.equinox.launcher\org.eclipse.equinox.launcher.win32.win32.x86_64_1.3.100.v20260613-0559\eclipse_11924.dll
Event: 5.704 Loaded shared library C:\Users\GIOVANNI CHARLES\AppData\Local\Temp\jna-1562852917\jna12085147272859947405.dll
Event: 10.857 Loaded shared library C:\Users\GIOVANNI CHARLES\.vscode\extensions\redhat.java-1.55.0-win32-x64\jre\21.0.11-win32-x86_64\bin\sunmscapi.dll
Event: 14.382 Loaded shared library C:\Users\GIOVANNI CHARLES\.vscode\extensions\redhat.java-1.55.0-win32-x64\jre\21.0.11-win32-x86_64\bin\extnet.dll

Deoptimization events (20 events):
Event: 5506.245 Thread 0x00000160743d4430 DEOPT PACKING pc=0x0000016020347fb0 sp=0x0000002a4f1fdb60
Event: 5506.245 Thread 0x00000160743d4430 DEOPT UNPACKING pc=0x000001601ee63aa2 sp=0x0000002a4f1fdb00 mode 2
Event: 5506.252 Thread 0x00000160743d4430 Uncommon trap: trap_request=0xffffffc6 fr.pc=0x0000016020347fb0 relative=0x0000000000000610
Event: 5506.252 Thread 0x00000160743d4430 Uncommon trap: reason=bimorphic_or_optimized_type_check action=maybe_recompile pc=0x0000016020347fb0 method=org.eclipse.core.internal.dtree.DeltaDataTree.getChildNodes(Lorg/eclipse/core/runtime/IPath;)[Lorg/eclipse/core/internal/dtree/AbstractDataTreeNode
Event: 5506.252 Thread 0x00000160743d4430 DEOPT PACKING pc=0x0000016020347fb0 sp=0x0000002a4f1fdb60
Event: 5506.252 Thread 0x00000160743d4430 DEOPT UNPACKING pc=0x000001601ee63aa2 sp=0x0000002a4f1fdb00 mode 2
Event: 5506.274 Thread 0x00000160743d5150 DEOPT PACKING pc=0x000001601aa2a74c sp=0x0000002a4edfef60
Event: 5506.274 Thread 0x00000160743d5150 DEOPT UNPACKING pc=0x000001601ee64242 sp=0x0000002a4edfe440 mode 0
Event: 5506.367 Thread 0x000001607606cc40 Uncommon trap: trap_request=0xffffff45 fr.pc=0x000001601ff70424 relative=0x0000000000000744
Event: 5506.367 Thread 0x000001607606cc40 Uncommon trap: reason=unstable_if action=reinterpret pc=0x000001601ff70424 method=java.lang.StackTraceElement.equals(Ljava/lang/Object;)Z @ 41 c2
Event: 5506.367 Thread 0x000001607606cc40 DEOPT PACKING pc=0x000001601ff70424 sp=0x0000002a4c3fe590
Event: 5506.367 Thread 0x000001607606cc40 DEOPT UNPACKING pc=0x000001601ee63aa2 sp=0x0000002a4c3fe528 mode 2
Event: 5506.367 Thread 0x000001607606cc40 DEOPT PACKING pc=0x000001601aa19ffe sp=0x0000002a4c3fe470
Event: 5506.368 Thread 0x000001607606cc40 DEOPT UNPACKING pc=0x000001601ee64242 sp=0x0000002a4c3fd8e0 mode 0
Event: 5506.426 Thread 0x000001607606cc40 Uncommon trap: trap_request=0xffffffde fr.pc=0x000001601fdff35c relative=0x00000000000004fc
Event: 5506.426 Thread 0x000001607606cc40 Uncommon trap: reason=class_check action=maybe_recompile pc=0x000001601fdff35c method=java.util.AbstractMap.hashCode()I @ 3 c2
Event: 5506.426 Thread 0x000001607606cc40 DEOPT PACKING pc=0x000001601fdff35c sp=0x0000002a4c3fe970
Event: 5506.426 Thread 0x000001607606cc40 DEOPT UNPACKING pc=0x000001601ee63aa2 sp=0x0000002a4c3fe918 mode 2
Event: 5506.440 Thread 0x000001607606cc40 DEOPT PACKING pc=0x000001601aa19ffe sp=0x0000002a4c3fe6c0
Event: 5506.441 Thread 0x000001607606cc40 DEOPT UNPACKING pc=0x000001601ee64242 sp=0x0000002a4c3fdb30 mode 0

Classes loaded (20 events):
Event: 5449.776 Loading class java/nio/file/Files$2
Event: 5449.780 Loading class java/nio/file/Files$2 done
Event: 5456.404 Loading class jdk/internal/module/IllegalAccessLogger
Event: 5456.404 Loading class jdk/internal/module/IllegalAccessLogger done
Event: 5456.578 Loading class java/util/concurrent/ArrayBlockingQueue
Event: 5456.582 Loading class java/util/concurrent/ArrayBlockingQueue done
Event: 5494.494 Loading class jdk/internal/module/IllegalAccessLogger
Event: 5494.497 Loading class jdk/internal/module/IllegalAccessLogger done
Event: 5504.894 Loading class java/io/ObjectOutputStream$BlockDataOutputStream
Event: 5504.898 Loading class java/io/ObjectOutputStream$BlockDataOutputStream done
Event: 5504.898 Loading class java/io/ObjectOutputStream$HandleTable
Event: 5504.899 Loading class java/io/ObjectOutputStream$HandleTable done
Event: 5504.900 Loading class java/io/ObjectOutputStream$ReplaceTable
Event: 5504.900 Loading class java/io/ObjectOutputStream$ReplaceTable done
Event: 5505.761 Loading class java/io/CharArrayWriter
Event: 5505.761 Loading class java/io/CharArrayWriter done
Event: 5505.810 Loading class java/nio/file/attribute/PosixFileAttributes
Event: 5505.811 Loading class java/nio/file/attribute/PosixFileAttributes done
Event: 5506.307 Loading class java/util/concurrent/CompletionException
Event: 5506.308 Loading class java/util/concurrent/CompletionException done

Classes unloaded (20 events):
Event: 5457.418 Thread 0x0000016014754860 Unloading class 0x000001602d016400 'java/lang/invoke/LambdaForm$MH+0x000001602d016400'
Event: 5457.418 Thread 0x0000016014754860 Unloading class 0x000001602d014800 'java/lang/invoke/LambdaForm$MH+0x000001602d014800'
Event: 5457.418 Thread 0x0000016014754860 Unloading class 0x000001602d00d800 'java/lang/invoke/LambdaForm$MH+0x000001602d00d800'
Event: 5457.419 Thread 0x0000016014754860 Unloading class 0x000001602d00d400 'java/lang/invoke/LambdaForm$MH+0x000001602d00d400'
Event: 5457.419 Thread 0x0000016014754860 Unloading class 0x000001602d00d000 'java/lang/invoke/LambdaForm$MH+0x000001602d00d000'
Event: 5457.419 Thread 0x0000016014754860 Unloading class 0x000001602d00cc00 'java/lang/invoke/LambdaForm$MH+0x000001602d00cc00'
Event: 5457.419 Thread 0x0000016014754860 Unloading class 0x000001602d00c800 'java/lang/invoke/LambdaForm$BMH+0x000001602d00c800'
Event: 5457.419 Thread 0x0000016014754860 Unloading class 0x000001602d00c000 'java/lang/invoke/LambdaForm$DMH+0x000001602d00c000'
Event: 5457.421 Thread 0x0000016014754860 Unloading class 0x000001602d008c00 'java/lang/invoke/LambdaForm$MH+0x000001602d008c00'
Event: 5457.421 Thread 0x0000016014754860 Unloading class 0x000001602d008800 'java/lang/invoke/LambdaForm$MH+0x000001602d008800'
Event: 5457.421 Thread 0x0000016014754860 Unloading class 0x000001602d008400 'java/lang/invoke/LambdaForm$MH+0x000001602d008400'
Event: 5457.421 Thread 0x0000016014754860 Unloading class 0x000001602d007000 'java/lang/invoke/LambdaForm$MH+0x000001602d007000'
Event: 5457.421 Thread 0x0000016014754860 Unloading class 0x000001602d006c00 'java/lang/invoke/LambdaForm$MH+0x000001602d006c00'
Event: 5457.421 Thread 0x0000016014754860 Unloading class 0x000001602d006800 'java/lang/invoke/LambdaForm$MH+0x000001602d006800'
Event: 5457.421 Thread 0x0000016014754860 Unloading class 0x000001602d006400 'java/lang/invoke/LambdaForm$MH+0x000001602d006400'
Event: 5457.421 Thread 0x0000016014754860 Unloading class 0x000001602d005c00 'java/lang/invoke/LambdaForm$BMH+0x000001602d005c00'
Event: 5457.421 Thread 0x0000016014754860 Unloading class 0x000001602d004800 'java/lang/invoke/LambdaForm$DMH+0x000001602d004800'
Event: 5457.421 Thread 0x0000016014754860 Unloading class 0x000001602d002400 'java/lang/invoke/LambdaForm$MH+0x000001602d002400'
Event: 5457.421 Thread 0x0000016014754860 Unloading class 0x000001602d002000 'java/lang/invoke/LambdaForm$MH+0x000001602d002000'
Event: 5457.421 Thread 0x0000016014754860 Unloading class 0x000001602d001800 'java/lang/invoke/LambdaForm$MH+0x000001602d001800'

Classes redefined (0 events):
No events

Internal exceptions (20 events):
Event: 5505.852 Thread 0x00000160743d4430 Exception <a 'sun/nio/fs/WindowsException'{0x00000000d5751a10}> (0x00000000d5751a10) 
thrown [s\src\hotspot\share\prims\jni.cpp, line 520]
Event: 5506.029 Thread 0x00000160743d4430 Exception <a 'java/io/IOException'{0x00000000d55ad9c0}> (0x00000000d55ad9c0) 
thrown [s\src\hotspot\share\prims\jni.cpp, line 520]
Event: 5506.030 Thread 0x00000160743d4430 Exception <a 'java/io/IOException'{0x00000000d55c9788}> (0x00000000d55c9788) 
thrown [s\src\hotspot\share\prims\jni.cpp, line 520]
Event: 5506.223 Thread 0x000001600624d290 Exception <a 'sun/nio/fs/WindowsException'{0x00000000d56704e0}> (0x00000000d56704e0) 
thrown [s\src\hotspot\share\prims\jni.cpp, line 520]
Event: 5506.224 Thread 0x000001600624d290 Exception <a 'sun/nio/fs/WindowsException'{0x00000000d5670b30}> (0x00000000d5670b30) 
thrown [s\src\hotspot\share\prims\jni.cpp, line 520]
Event: 5506.231 Thread 0x000001607606cc40 Exception <a 'sun/nio/fs/WindowsException'{0x00000000d56a8428}> (0x00000000d56a8428) 
thrown [s\src\hotspot\share\prims\jni.cpp, line 520]
Event: 5506.231 Thread 0x000001607606cc40 Exception <a 'sun/nio/fs/WindowsException'{0x00000000d56a8cd8}> (0x00000000d56a8cd8) 
thrown [s\src\hotspot\share\prims\jni.cpp, line 520]
Event: 5506.240 Thread 0x00000160743d5150 Exception <a 'sun/nio/fs/WindowsException'{0x00000000d56a2918}> (0x00000000d56a2918) 
thrown [s\src\hotspot\share\prims\jni.cpp, line 520]
Event: 5506.244 Thread 0x000001607606cc40 Exception <a 'sun/nio/fs/WindowsException'{0x00000000d570f8c8}> (0x00000000d570f8c8) 
thrown [s\src\hotspot\share\prims\jni.cpp, line 520]
Event: 5506.244 Thread 0x000001607606cc40 Exception <a 'sun/nio/fs/WindowsException'{0x00000000d5710158}> (0x00000000d5710158) 
thrown [s\src\hotspot\share\prims\jni.cpp, line 520]
Event: 5506.253 Thread 0x000001607606cc40 Exception <a 'sun/nio/fs/WindowsException'{0x00000000d573de50}> (0x00000000d573de50) 
thrown [s\src\hotspot\share\prims\jni.cpp, line 520]
Event: 5506.253 Thread 0x000001607606cc40 Exception <a 'sun/nio/fs/WindowsException'{0x00000000d5748f50}> (0x00000000d5748f50) 
thrown [s\src\hotspot\share\prims\jni.cpp, line 520]
Event: 5506.304 Thread 0x000001607606cc40 Exception <a 'java/io/IOException'{0x00000000d575d2c8}> (0x00000000d575d2c8) 
thrown [s\src\hotspot\share\prims\jni.cpp, line 520]
Event: 5506.414 Thread 0x000001607606cc40 Exception <a 'java/io/IOException'{0x00000000d5815f88}> (0x00000000d5815f88) 
thrown [s\src\hotspot\share\prims\jni.cpp, line 520]
Event: 5506.416 Thread 0x000001607606cc40 Exception <a 'java/io/IOException'{0x00000000d5854e20}> (0x00000000d5854e20) 
thrown [s\src\hotspot\share\prims\jni.cpp, line 520]
Event: 5506.436 Thread 0x000001607606cc40 Exception <a 'java/io/IOException'{0x00000000d55e8400}> (0x00000000d55e8400) 
thrown [s\src\hotspot\share\prims\jni.cpp, line 520]
Event: 5506.438 Thread 0x000001607606cc40 Exception <a 'java/io/IOException'{0x00000000d55f1630}> (0x00000000d55f1630) 
thrown [s\src\hotspot\share\prims\jni.cpp, line 520]
Event: 5506.439 Thread 0x000001607606cc40 Exception <a 'java/io/IOException'{0x00000000d561bef8}> (0x00000000d561bef8) 
thrown [s\src\hotspot\share\prims\jni.cpp, line 520]
Event: 5506.439 Thread 0x000001607606cc40 Exception <a 'java/io/IOException'{0x00000000d5627320}> (0x00000000d5627320) 
thrown [s\src\hotspot\share\prims\jni.cpp, line 520]
Event: 5506.441 Thread 0x000001607606cc40 Exception <a 'java/io/IOException'{0x00000000d563e238}> (0x00000000d563e238) 
thrown [s\src\hotspot\share\prims\jni.cpp, line 520]

ZGC Phase Switch (0 events):
No events

VM Operations (20 events):
Event: 5506.021 Executing safepoint VM operation: ParallelGCFailedAllocation (Allocation Failure)
Event: 5506.024 Executing safepoint VM operation: ParallelGCFailedAllocation (Allocation Failure) done
Event: 5506.066 Executing non-safepoint VM operation: HandshakeAllThreads (Deoptimize)
Event: 5506.066 Executing non-safepoint VM operation: HandshakeAllThreads (Deoptimize) done
Event: 5506.203 Executing safepoint VM operation: ParallelGCFailedAllocation (Allocation Failure)
Event: 5506.218 Executing safepoint VM operation: ParallelGCFailedAllocation (Allocation Failure) done
Event: 5506.276 Executing safepoint VM operation: ParallelGCFailedAllocation (Allocation Failure)
Event: 5506.280 Executing safepoint VM operation: ParallelGCFailedAllocation (Allocation Failure) done
Event: 5506.326 Executing safepoint VM operation: ParallelGCFailedAllocation (Allocation Failure)
Event: 5506.356 Executing safepoint VM operation: ParallelGCFailedAllocation (Allocation Failure) done
Event: 5506.419 Executing safepoint VM operation: ParallelGCFailedAllocation (Allocation Failure)
Event: 5506.426 Executing safepoint VM operation: ParallelGCFailedAllocation (Allocation Failure) done
Event: 5506.466 Executing safepoint VM operation: ParallelGCFailedAllocation (Allocation Failure)
Event: 5506.490 Executing safepoint VM operation: ParallelGCFailedAllocation (Allocation Failure) done
Event: 5506.529 Executing safepoint VM operation: ParallelGCFailedAllocation (Allocation Failure)
Event: 5506.544 Executing safepoint VM operation: ParallelGCFailedAllocation (Allocation Failure) done
Event: 5506.609 Executing safepoint VM operation: ParallelGCFailedAllocation (Allocation Failure)
Event: 5506.635 Executing safepoint VM operation: ParallelGCFailedAllocation (Allocation Failure) done
Event: 5506.700 Executing safepoint VM operation: ParallelGCFailedAllocation (Allocation Failure)
Event: 5506.716 Executing safepoint VM operation: ParallelGCFailedAllocation (Allocation Failure) done

Memory protections (0 events):
No events

Nmethod flushes (20 events):
Event: 5459.105 Thread 0x0000016014754860 flushing  nmethod 0x000001601893b010
Event: 5459.105 Thread 0x0000016014754860 flushing  nmethod 0x000001601893b410
Event: 5459.105 Thread 0x0000016014754860 flushing  nmethod 0x0000016018943a10
Event: 5459.105 Thread 0x0000016014754860 flushing  nmethod 0x000001601894c010
Event: 5459.105 Thread 0x0000016014754860 flushing  nmethod 0x000001601895ab10
Event: 5459.105 Thread 0x0000016014754860 flushing  nmethod 0x00000160189a3510
Event: 5459.105 Thread 0x0000016014754860 flushing  nmethod 0x00000160189a4310
Event: 5459.105 Thread 0x0000016014754860 flushing  nmethod 0x00000160189a4910
Event: 5459.105 Thread 0x0000016014754860 flushing  nmethod 0x00000160189b1c10
Event: 5459.105 Thread 0x0000016014754860 flushing  nmethod 0x00000160189b6c90
Event: 5459.105 Thread 0x0000016014754860 flushing  nmethod 0x00000160189c2c90
Event: 5459.106 Thread 0x0000016014754860 flushing  nmethod 0x00000160189c3b90
Event: 5459.106 Thread 0x0000016014754860 flushing  nmethod 0x00000160189c6c10
Event: 5459.106 Thread 0x0000016014754860 flushing  nmethod 0x00000160189e4890
Event: 5459.106 Thread 0x0000016014754860 flushing  nmethod 0x00000160189e4c90
Event: 5459.106 Thread 0x0000016014754860 flushing  nmethod 0x00000160189f9690
Event: 5459.106 Thread 0x0000016014754860 flushing  nmethod 0x0000016018a09a10
Event: 5459.106 Thread 0x0000016014754860 flushing  nmethod 0x0000016018a31f10
Event: 5459.106 Thread 0x0000016014754860 flushing  nmethod 0x0000016018a50e90
Event: 5459.106 Thread 0x0000016014754860 flushing  nmethod 0x0000016018fed210

Events (20 events):
Event: 5500.688 Thread 0x00000160743d4430 Thread added: 0x00000160744d8360
Event: 5500.689 Thread 0x00000160743d4430 Thread added: 0x00000160744db7e0
Event: 5500.689 Thread 0x00000160743d4430 Thread added: 0x00000160744dbe70
Event: 5500.690 Thread 0x00000160743d4430 Thread added: 0x00000160744da430
Event: 5500.690 Thread 0x00000160743d4430 Thread added: 0x00000160744d6fb0
Event: 5501.930 Thread 0x00000160744db7e0 Thread exited: 0x00000160744db7e0
Event: 5501.930 Thread 0x00000160744d6fb0 Thread exited: 0x00000160744d6fb0
Event: 5501.930 Thread 0x00000160744dbe70 Thread exited: 0x00000160744dbe70
Event: 5501.930 Thread 0x00000160744d8360 Thread exited: 0x00000160744d8360
Event: 5501.931 Thread 0x00000160744da430 Thread exited: 0x00000160744da430
Event: 5505.250 Thread 0x00000160743d4430 Thread added: 0x00000160744d7cd0
Event: 5505.251 Thread 0x00000160743d4430 Thread added: 0x00000160744d9da0
Event: 5505.252 Thread 0x00000160743d4430 Thread added: 0x00000160744dc500
Event: 5505.253 Thread 0x00000160743d4430 Thread added: 0x00000160744da430
Event: 5505.253 Thread 0x00000160743d4430 Thread added: 0x00000160744dd8b0
Event: 5505.327 Thread 0x00000160744dc500 Thread exited: 0x00000160744dc500
Event: 5505.327 Thread 0x00000160744d7cd0 Thread exited: 0x00000160744d7cd0
Event: 5505.327 Thread 0x00000160744d9da0 Thread exited: 0x00000160744d9da0
Event: 5505.327 Thread 0x00000160744da430 Thread exited: 0x00000160744da430
Event: 5505.327 Thread 0x00000160744dd8b0 Thread exited: 0x00000160744dd8b0


Dynamic libraries:
0x00007ff7f3dd0000 - 0x00007ff7f3dde000 	c:\Users\GIOVANNI CHARLES\.vscode\extensions\redhat.java-1.55.0-win32-x64\jre\21.0.11-win32-x86_64\bin\java.exe
0x00007ffc50f50000 - 0x00007ffc51148000 	C:\Windows\SYSTEM32\ntdll.dll
0x00007ffc4f290000 - 0x00007ffc4f352000 	C:\Windows\System32\KERNEL32.DLL
0x00007ffc4eb70000 - 0x00007ffc4ee67000 	C:\Windows\System32\KERNELBASE.dll
0x00007ffc4e6c0000 - 0x00007ffc4e7c0000 	C:\Windows\System32\ucrtbase.dll
0x00007ffc45590000 - 0x00007ffc455a8000 	c:\Users\GIOVANNI CHARLES\.vscode\extensions\redhat.java-1.55.0-win32-x64\jre\21.0.11-win32-x86_64\bin\jli.dll
0x00007ffc50c50000 - 0x00007ffc50ded000 	C:\Windows\System32\USER32.dll
0x00007ffc07d00000 - 0x00007ffc07d1e000 	c:\Users\GIOVANNI CHARLES\.vscode\extensions\redhat.java-1.55.0-win32-x64\jre\21.0.11-win32-x86_64\bin\VCRUNTIME140.dll
0x00007ffc4ef40000 - 0x00007ffc4ef62000 	C:\Windows\System32\win32u.dll
0x00007ffc4f370000 - 0x00007ffc4f39b000 	C:\Windows\System32\GDI32.dll
0x00007ffc4ea50000 - 0x00007ffc4eb69000 	C:\Windows\System32\gdi32full.dll
0x00007ffc3eea0000 - 0x00007ffc3f13a000 	C:\Windows\WinSxS\amd64_microsoft.windows.common-controls_6595b64144ccf1df_6.0.19041.5915_none_60b4b9d171f9c7c7\COMCTL32.dll
0x00007ffc4fea0000 - 0x00007ffc4ff3e000 	C:\Windows\System32\msvcrt.dll
0x00007ffc4e7c0000 - 0x00007ffc4e85d000 	C:\Windows\System32\msvcp_win.dll
0x00007ffc4ffa0000 - 0x00007ffc4ffcf000 	C:\Windows\System32\IMM32.DLL
0x00007ffc25070000 - 0x00007ffc2507c000 	c:\Users\GIOVANNI CHARLES\.vscode\extensions\redhat.java-1.55.0-win32-x64\jre\21.0.11-win32-x86_64\bin\vcruntime140_1.dll
0x00007ffbf0cb0000 - 0x00007ffbf0d3d000 	c:\Users\GIOVANNI CHARLES\.vscode\extensions\redhat.java-1.55.0-win32-x64\jre\21.0.11-win32-x86_64\bin\msvcp140.dll
0x00007ffb41890000 - 0x00007ffb42632000 	c:\Users\GIOVANNI CHARLES\.vscode\extensions\redhat.java-1.55.0-win32-x64\jre\21.0.11-win32-x86_64\bin\server\jvm.dll
0x00007ffc4fde0000 - 0x00007ffc4fe91000 	C:\Windows\System32\ADVAPI32.dll
0x00007ffc508f0000 - 0x00007ffc5098f000 	C:\Windows\System32\sechost.dll
0x00007ffc50990000 - 0x00007ffc50ab6000 	C:\Windows\System32\RPCRT4.dll
0x00007ffc4e5e0000 - 0x00007ffc4e607000 	C:\Windows\System32\bcrypt.dll
0x00007ffc4fa10000 - 0x00007ffc4fa7b000 	C:\Windows\System32\WS2_32.dll
0x00007ffc4e440000 - 0x00007ffc4e48b000 	C:\Windows\SYSTEM32\POWRPROF.dll
0x00007ffc44320000 - 0x00007ffc4432a000 	C:\Windows\SYSTEM32\VERSION.dll
0x00007ffc442f0000 - 0x00007ffc44317000 	C:\Windows\SYSTEM32\WINMM.dll
0x00007ffc4e420000 - 0x00007ffc4e432000 	C:\Windows\SYSTEM32\UMPDC.dll
0x00007ffc4c420000 - 0x00007ffc4c432000 	C:\Windows\SYSTEM32\kernel.appcore.dll
0x00007ffc24480000 - 0x00007ffc2448a000 	c:\Users\GIOVANNI CHARLES\.vscode\extensions\redhat.java-1.55.0-win32-x64\jre\21.0.11-win32-x86_64\bin\jimage.dll
0x00007ffc3cc50000 - 0x00007ffc3ce51000 	C:\Windows\SYSTEM32\DBGHELP.DLL
0x00007ffc2a9c0000 - 0x00007ffc2a9f4000 	C:\Windows\SYSTEM32\dbgcore.DLL
0x00007ffc4e9c0000 - 0x00007ffc4ea42000 	C:\Windows\System32\bcryptPrimitives.dll
0x00007ffc22d40000 - 0x00007ffc22d4f000 	c:\Users\GIOVANNI CHARLES\.vscode\extensions\redhat.java-1.55.0-win32-x64\jre\21.0.11-win32-x86_64\bin\instrument.dll
0x00007ffc07ce0000 - 0x00007ffc07d00000 	c:\Users\GIOVANNI CHARLES\.vscode\extensions\redhat.java-1.55.0-win32-x64\jre\21.0.11-win32-x86_64\bin\java.dll
0x00007ffc500d0000 - 0x00007ffc5083e000 	C:\Windows\System32\SHELL32.dll
0x00007ffc4c620000 - 0x00007ffc4cdc4000 	C:\Windows\SYSTEM32\windows.storage.dll
0x00007ffc4fa80000 - 0x00007ffc4fdd3000 	C:\Windows\System32\combase.dll
0x00007ffc4de60000 - 0x00007ffc4de8b000 	C:\Windows\SYSTEM32\Wldp.dll
0x00007ffc4f3a0000 - 0x00007ffc4f46d000 	C:\Windows\System32\OLEAUT32.dll
0x00007ffc4f1e0000 - 0x00007ffc4f28d000 	C:\Windows\System32\SHCORE.dll
0x00007ffc4efd0000 - 0x00007ffc4f02b000 	C:\Windows\System32\shlwapi.dll
0x00007ffc4e510000 - 0x00007ffc4e534000 	C:\Windows\SYSTEM32\profapi.dll
0x00007ffbf5db0000 - 0x00007ffbf5dc8000 	c:\Users\GIOVANNI CHARLES\.vscode\extensions\redhat.java-1.55.0-win32-x64\jre\21.0.11-win32-x86_64\bin\zip.dll
0x00007ffc22ba0000 - 0x00007ffc22bb0000 	C:\Users\GIOVANNI CHARLES\.vscode\extensions\redhat.java-1.55.0-win32-x64\jre\21.0.11-win32-x86_64\bin\net.dll
0x00007ffc45e70000 - 0x00007ffc45f7a000 	C:\Windows\SYSTEM32\WINHTTP.dll
0x00007ffc4dc40000 - 0x00007ffc4dcaa000 	C:\Windows\system32\mswsock.dll
0x00007ffbf14b0000 - 0x00007ffbf14c6000 	C:\Users\GIOVANNI CHARLES\.vscode\extensions\redhat.java-1.55.0-win32-x64\jre\21.0.11-win32-x86_64\bin\nio.dll
0x00007ffc184a0000 - 0x00007ffc184b0000 	c:\Users\GIOVANNI CHARLES\.vscode\extensions\redhat.java-1.55.0-win32-x64\jre\21.0.11-win32-x86_64\bin\verify.dll
0x00007ffb90b60000 - 0x00007ffb90ba5000 	C:\Users\GIOVANNI CHARLES\AppData\Roaming\Code\User\globalStorage\redhat.java\1.55.0\config_win\org.eclipse.equinox.launcher\org.eclipse.equinox.launcher.win32.win32.x86_64_1.3.100.v20260613-0559\eclipse_11924.dll
0x00007ffc50ac0000 - 0x00007ffc50beb000 	C:\Windows\System32\ole32.dll
0x00007ffc4dea0000 - 0x00007ffc4deb8000 	C:\Windows\SYSTEM32\CRYPTSP.dll
0x00007ffc4d580000 - 0x00007ffc4d5b8000 	C:\Windows\system32\rsaenh.dll
0x00007ffc4e490000 - 0x00007ffc4e4be000 	C:\Windows\SYSTEM32\USERENV.dll
0x00007ffc4ddd0000 - 0x00007ffc4dddc000 	C:\Windows\SYSTEM32\CRYPTBASE.dll
0x00007ffc4d940000 - 0x00007ffc4d97b000 	C:\Windows\SYSTEM32\IPHLPAPI.DLL
0x00007ffc4f360000 - 0x00007ffc4f368000 	C:\Windows\System32\NSI.dll
0x00007ffb90b10000 - 0x00007ffb90b59000 	C:\Users\GIOVANNI CHARLES\AppData\Local\Temp\jna-1562852917\jna12085147272859947405.dll
0x00007ffc500c0000 - 0x00007ffc500c8000 	C:\Windows\System32\PSAPI.DLL
0x00007ffc479a0000 - 0x00007ffc479b7000 	C:\Windows\SYSTEM32\dhcpcsvc6.DLL
0x00007ffc47980000 - 0x00007ffc4799d000 	C:\Windows\SYSTEM32\dhcpcsvc.DLL
0x00007ffc171a0000 - 0x00007ffc171ae000 	C:\Users\GIOVANNI CHARLES\.vscode\extensions\redhat.java-1.55.0-win32-x64\jre\21.0.11-win32-x86_64\bin\sunmscapi.dll
0x00007ffc4e860000 - 0x00007ffc4e9bd000 	C:\Windows\System32\CRYPT32.dll
0x00007ffc4dfb0000 - 0x00007ffc4dfd7000 	C:\Windows\SYSTEM32\ncrypt.dll
0x00007ffc4df70000 - 0x00007ffc4dfab000 	C:\Windows\SYSTEM32\NTASN1.dll
0x00007ffc4d980000 - 0x00007ffc4da4a000 	C:\Windows\SYSTEM32\DNSAPI.dll
0x00007ffc40f30000 - 0x00007ffc40f3a000 	C:\Windows\System32\rasadhlp.dll
0x00007ffc40a70000 - 0x00007ffc40af0000 	C:\Windows\System32\fwpuclnt.dll
0x00007ffc13d80000 - 0x00007ffc13d89000 	C:\Users\GIOVANNI CHARLES\.vscode\extensions\redhat.java-1.55.0-win32-x64\jre\21.0.11-win32-x86_64\bin\extnet.dll
0x00007ffc4d7d0000 - 0x00007ffc4d803000 	C:\Windows\SYSTEM32\ntmarta.dll

JVMTI agents:
c:\Users\GIOVANNI CHARLES\.vscode\extensions\redhat.java-1.55.0-win32-x64\lombok\lombok-1.18.39-4050.jar path:c:\Users\GIOVANNI CHARLES\.vscode\extensions\redhat.java-1.55.0-win32-x64\jre\21.0.11-win32-x86_64\bin\instrument.dll, loaded, initialized, instrumentlib options:none

dbghelp: loaded successfully - version: 4.0.5 - missing functions: none
symbol engine: initialized successfully - sym options: 0x614 - pdb path: .;c:\Users\GIOVANNI CHARLES\.vscode\extensions\redhat.java-1.55.0-win32-x64\jre\21.0.11-win32-x86_64\bin;C:\Windows\SYSTEM32;C:\Windows\WinSxS\amd64_microsoft.windows.common-controls_6595b64144ccf1df_6.0.19041.5915_none_60b4b9d171f9c7c7;c:\Users\GIOVANNI CHARLES\.vscode\extensions\redhat.java-1.55.0-win32-x64\jre\21.0.11-win32-x86_64\bin\server;C:\Users\GIOVANNI CHARLES\AppData\Roaming\Code\User\globalStorage\redhat.java\1.55.0\config_win\org.eclipse.equinox.launcher\org.eclipse.equinox.launcher.win32.win32.x86_64_1.3.100.v20260613-0559;C:\Users\GIOVANNI CHARLES\AppData\Local\Temp\jna-1562852917

VM Arguments:
jvm_args: --add-modules=ALL-SYSTEM --add-opens=java.base/java.util=ALL-UNNAMED --add-opens=java.base/java.lang=ALL-UNNAMED --add-opens=java.base/sun.nio.fs=ALL-UNNAMED -Declipse.application=org.eclipse.jdt.ls.core.id1 -Dosgi.bundles.defaultStartLevel=4 -Declipse.product=org.eclipse.jdt.ls.core.product -Djava.import.generatesMetadataFilesAtProjectRoot=false -DDetectVMInstallationsJob.disabled=true -Dfile.encoding=utf8 -XX:+UseParallelGC -XX:GCTimeRatio=4 -XX:AdaptiveSizePolicyWeight=90 -Dsun.zip.disableMemoryMapping=true -Xmx2G -Xms100m -Xlog:disable -javaagent:c:\Users\GIOVANNI CHARLES\.vscode\extensions\redhat.java-1.55.0-win32-x64\lombok\lombok-1.18.39-4050.jar -XX:+HeapDumpOnOutOfMemoryError -XX:HeapDumpPath=c:\Users\GIOVANNI CHARLES\AppData\Roaming\Code\User\workspaceStorage\507f4c708f0b265069fc17caff3f1339\redhat.java -Daether.dependencyCollector.impl=bf 
java_command: c:\Users\GIOVANNI CHARLES\.vscode\extensions\redhat.java-1.55.0-win32-x64\server\plugins\org.eclipse.equinox.launcher_1.7.200.v20260619-2039.jar -configuration c:\Users\GIOVANNI CHARLES\AppData\Roaming\Code\User\globalStorage\redhat.java\1.55.0\config_win -data c:\Users\GIOVANNI CHARLES\AppData\Roaming\Code\User\workspaceStorage\507f4c708f0b265069fc17caff3f1339\redhat.java\jdt_ws --pipe=\\.\pipe\lsp-c2972c2dce453d5387d6ef10d8b1f649-sock
java_class_path (initial): c:\Users\GIOVANNI CHARLES\.vscode\extensions\redhat.java-1.55.0-win32-x64\server\plugins\org.eclipse.equinox.launcher_1.7.200.v20260619-2039.jar
Launcher Type: SUN_STANDARD

[Global flags]
    uintx AdaptiveSizePolicyWeight                 = 90                                        {product} {command line}
     intx CICompilerCount                          = 12                                        {product} {ergonomic}
    uintx GCTimeRatio                              = 4                                         {product} {command line}
     bool HeapDumpOnOutOfMemoryError               = true                                   {manageable} {command line}
    ccstr HeapDumpPath                             = c:\Users\GIOVANNI CHARLES\AppData\Roaming\Code\User\workspaceStorage\507f4c708f0b265069fc17caff3f1339\redhat.java         {manageable} {command line}
   size_t InitialHeapSize                          = 104857600                                 {product} {command line}
   size_t MaxHeapSize                              = 2147483648                                {product} {command line}
   size_t MaxNewSize                               = 715653120                                 {product} {ergonomic}
   size_t MinHeapDeltaBytes                        = 524288                                    {product} {ergonomic}
   size_t MinHeapSize                              = 104857600                                 {product} {command line}
   size_t NewSize                                  = 34603008                                  {product} {ergonomic}
    uintx NonNMethodCodeHeapSize                   = 7602480                                {pd product} {ergonomic}
    uintx NonProfiledCodeHeapSize                  = 122027880                              {pd product} {ergonomic}
   size_t OldSize                                  = 70254592                                  {product} {ergonomic}
    uintx ProfiledCodeHeapSize                     = 122027880                              {pd product} {ergonomic}
    uintx ReservedCodeCacheSize                    = 251658240                              {pd product} {ergonomic}
     bool SegmentedCodeCache                       = true                                      {product} {ergonomic}
   size_t SoftMaxHeapSize                          = 2147483648                             {manageable} {ergonomic}
     bool UseCompressedOops                        = true                           {product lp64_product} {ergonomic}
     bool UseLargePagesIndividualAllocation        = false                                  {pd product} {ergonomic}
     bool UseParallelGC                            = true                                      {product} {command line}

Logging:
Log output configuration:
 #0: stdout all=off uptime,level,tags foldmultilines=false
 #1: stderr all=off uptime,level,tags foldmultilines=false

Release file:
JAVA_VERSION="21.0.11" 
MODULES="java.base java.compiler java.datatransfer java.xml java.prefs java.desktop java.instrument java.logging java.management java.security.sasl java.naming java.rmi java.management.rmi java.net.http java.scripting java.security.jgss java.transaction.xa java.sql java.sql.rowset java.xml.crypto java.se java.smartcardio jdk.accessibility jdk.internal.jvmstat jdk.attach jdk.charsets jdk.internal.opt jdk.zipfs jdk.compiler jdk.crypto.ec jdk.crypto.cryptoki jdk.crypto.mscapi jdk.dynalink jdk.internal.ed jdk.editpad jdk.hotspot.agent jdk.httpserver jdk.internal.le jdk.internal.vm.ci jdk.internal.vm.compiler jdk.internal.vm.compiler.management jdk.jartool jdk.javadoc jdk.jcmd jdk.management jdk.management.agent jdk.jconsole jdk.jdeps jdk.jdwp.agent jdk.jdi jdk.jfr jdk.jshell jdk.jsobject jdk.jstatd jdk.localedata jdk.management.jfr jdk.naming.dns jdk.naming.rmi jdk.net jdk.nio.mapmode jdk.random jdk.sctp jdk.security.auth jdk.security.jgss jdk.unsupported jdk.unsupported.desktop jdk.xml.dom" 

Environment Variables:
JAVA_HOME=C:\Program Files\Java\jdk-17
PATH=C:\Program Files\Microsoft VS Code;C:\ProgramData\Oracle\Java\javapath;C:\Program Files\Eclipse Adoptium\jdk-21.0.9.10-hotspot\bin;D:\oracle\dbhomeFree\bin;C:\Program Files\Common Files\Oracle\Java\javapath;C:\Program Files (x86)\Common Files\Intel\Shared Libraries\redist\intel64\compiler;C:\Windows\system32;C:\Windows;C:\Windows\System32\Wbem;C:\Windows\System32\WindowsPowerShell\v1.0\;C:\Windows\System32\OpenSSH\;C:\Program Files\dotnet\;C:\Program Files\nodejs\;C:\composer;C:\Program Files\PuTTY\;C:\xampp\php;C:\Program Files\Docker\Docker\resources\bin;C:\Program Files\Git\cmd;C:\Program Files\Microsoft VS Code\bin;C:\Program Files\Microsoft SQL Server\150\Tools\Binn\;C:\Program Files\Microsoft SQL Server\Client SDK\ODBC\170\Tools\Binn\;D:\FLUTTER\install_flutter\flutter\bin;C:\Users\GIOVANNI CHARLES\AppData\Local\Programs\Python\Python312\Scripts\;C:\Users\GIOVANNI CHARLES\AppData\Local\Programs\Python\Python312\;C:\Users\GIOVANNI CHARLES\AppData\Local\Microsoft\WindowsApps;C:\Program Files\JetBrains\PyCharm 2024.1\bin;C:\Users\GIOVANNI CHARLES\AppData\Local\Microsoft\WinGet\Packages\Schniz.fnm_Microsoft.Winget.Source_8wekyb3d8bbwe;C:\xampp\mysql\bin;C:\Users\GIOVANNI CHARLES\AppData\Local\GitHubDesktop\bin;C:\Users\GIOVANNI CHARLES\AppData\Roaming\npm;C:\Users\GIOVANNI CHARLES\AppData\Roaming\Composer\vendor\bin;C:\Users\GIOVANNI CHARLES\.fly\bin;C:\Users\GIOVANNI CHARLES\AppData\Local\Google\Cloud SDK\google-cloud-sdk\bin;C:\Program Files\JetBrains\IntelliJ IDEA 2025.1.3\bin;;C:\Program Files\JetBrains\IntelliJ IDEA Community Edition 2025.1.3\bin;;C:\Program Files\JetBrains\PyCharm 2025.1.1.1\bin;;C:\Program Files (x86)\Brackets\;C:\Program Files\JetBrains\WebStorm 2025.1.3\bin;;C:\Users\GIOVANNI CHARLES\AppData\Local\Programs\Kiro\bin;C:\Program Files\JetBrains\PhpStorm 2025.2\bin;C:\Program Files\Java\jdk-17\bin;C:\Spark\spark-3.5.3-bin-hadoop3\bin;C:\Users\GIOVANNI CHARLES\.dotnet\tools;C:\Users\GIOVANNI CHARLES\AppData\Local\Programs\Microsoft VS Code\bin;D:\SAINT JEAN\ME\FLUTTER\install_flutter\flutter\bin;C:\Users\GIOVANNI CHARLES\AppData\Local\Programs\cursor\resources\app\bin;C:\Users\GIOVANNI CHARLES\AppData\Local\Programs\Windsurf\bin;C:\Users\GIOVANNI CHARLES\AppData\Local\Programs\Devin\bin
USERNAME=GIOVANNI CHARLES
OS=Windows_NT
PROCESSOR_IDENTIFIER=AMD64 Family 23 Model 104 Stepping 1, AuthenticAMD
TMP=C:\Users\GIOVAN~1\AppData\Local\Temp
TEMP=C:\Users\GIOVAN~1\AppData\Local\Temp




Periodic native trim disabled

---------------  S Y S T E M  ---------------

OS:
 Windows 10 , 64 bit Build 19041 (10.0.19041.5915)
OS uptime: 2 days 11:51 hours
Hyper-V role detected

CPU: total 16 (initial active 16) (16 cores per cpu, 2 threads per core) family 23 model 104 stepping 1 microcode 0x0, cx8, cmov, fxsr, ht, mmx, 3dnowpref, sse, sse2, sse3, ssse3, sse4a, sse4.1, sse4.2, popcnt, lzcnt, tsc, tscinvbit, avx, avx2, aes, clmul, bmi1, bmi2, adx, sha, fma, vzeroupper, clflush, clflushopt, hv, rdtscp, rdpid, f16c
Processor Information for the first 16 processors :
  Max Mhz: 1801, Current Mhz: 1801, Mhz Limit: 1801

Memory: 4k page, system-wide physical 14181M (78M free)
TotalPageFile size 57189M (AvailPageFile size 0M)
current process WorkingSet (physical memory assigned to process): 325M, peak: 488M
current process commit charge ("private bytes"): 770M, peak: 1776M

vm_info: OpenJDK 64-Bit Server VM (21.0.11+10-LTS) for windows-amd64 JRE (21.0.11+10-LTS), built on 2026-04-21T00:00:00Z by "admin" with MS VC++ 17.12 (VS2022)

END.
